Component: ARM Compiler 5.06 (build 20) Tool: armlink [4d35a3]

==============================================================================

Section Cross References

    qeitest.o(i.Timer0A_Handler) refers to qeitest.o(i.getRPM) for getRPM
    qeitest.o(i.Timer0A_Handler) refers to ffix.o(x$fpl$ffix) for __aeabi_f2iz
    qeitest.o(i.Timer0A_Handler) refers to uart.o(i.UART_OutDec) for UART_OutDec
    qeitest.o(i.Timer0A_Handler) refers to uart.o(i.UART0_OutChar) for UART0_OutChar
    qeitest.o(i.getRPM) refers to dflt_clz.o(x$fpl$dfltu) for __aeabi_ui2d
    qeitest.o(i.getRPM) refers to dmul.o(x$fpl$dmul) for __aeabi_dmul
    qeitest.o(i.getRPM) refers to d2f.o(x$fpl$d2f) for __aeabi_d2f
    qeitest.o(i.getRPM) refers to fflt_clz.o(x$fpl$fflt) for __aeabi_i2f
    qeitest.o(i.getRPM) refers to fmul.o(x$fpl$fmul) for __aeabi_fmul
    qeitest.o(i.getRPM) refers to fdiv.o(x$fpl$fdiv) for __aeabi_fdiv
    qeitest.o(i.main) refers to common_main.o(i.setup) for setup
    qeitest.o(i.main) refers to uart.o(i.UART0_Init) for UART0_Init
    qeitest.o(i.main) refers to uart.o(i.UART_TransmitString) for UART_TransmitString
    qeitest.o(i.main) refers to common_main.o(i.setPWM) for setPWM
    qeitest.o(i.main) refers to init.o(i.Timer0_Init) for Timer0_Init
    qeitest.o(i.main) refers to common_main.o(i.whileLoop) for whileLoop
    startup_tm4c123.o(STACK) refers (Special) to heapauxi.o(.text) for __use_two_region_memory
    startup_tm4c123.o(HEAP) refers (Special) to heapauxi.o(.text) for __use_two_region_memory
    startup_tm4c123.o(RESET) refers (Special) to heapauxi.o(.text) for __use_two_region_memory
    startup_tm4c123.o(RESET) refers to startup_tm4c123.o(STACK) for StackMem
    startup_tm4c123.o(RESET) refers to qeitest.o(i.Timer0A_Handler) for Timer0A_Handler
    startup_tm4c123.o(RESET) refers to qeitest.o(i.UART5_Handler) for UART5_Handler
    startup_tm4c123.o(RESET) refers to __main.o(!!!main) for __main
    startup_tm4c123.o(.text) refers (Special) to heapauxi.o(.text) for __use_two_region_memory
    startup_tm4c123.o(.text) refers to startup_tm4c123.o(HEAP) for HeapMem
    startup_tm4c123.o(.text) refers to startup_tm4c123.o(STACK) for StackMem
    systick.o(i.SysTick_Wait10ms) refers to systick.o(i.SysTick_Wait) for SysTick_Wait
    uart.o(i.New_Line) refers to uart.o(i.UART0_OutChar) for UART0_OutChar
    uart.o(i.New_Line) refers to uart.o(i.UART1_OutChar) for UART1_OutChar
    uart.o(i.New_Line) refers to uart.o(i.UART2_OutChar) for UART2_OutChar
    uart.o(i.New_Line) refers to uart.o(i.UART3_OutChar) for UART3_OutChar
    uart.o(i.New_Line) refers to uart.o(i.UART4_OutChar) for UART4_OutChar
    uart.o(i.New_Line) refers to uart.o(i.UART5_OutChar) for UART5_OutChar
    uart.o(i.New_Line) refers to uart.o(i.UART7_OutChar) for UART7_OutChar
    uart.o(i.Print_Space) refers to uart.o(i.UART0_OutChar) for UART0_OutChar
    uart.o(i.Print_Space) refers to uart.o(i.UART1_OutChar) for UART1_OutChar
    uart.o(i.Print_Space) refers to uart.o(i.UART2_OutChar) for UART2_OutChar
    uart.o(i.Print_Space) refers to uart.o(i.UART3_OutChar) for UART3_OutChar
    uart.o(i.Print_Space) refers to uart.o(i.UART4_OutChar) for UART4_OutChar
    uart.o(i.Print_Space) refers to uart.o(i.UART5_OutChar) for UART5_OutChar
    uart.o(i.Print_Space) refers to uart.o(i.UART7_OutChar) for UART7_OutChar
    uart.o(i.UART_OutDec) refers to uart.o(i.UART0_OutChar) for UART0_OutChar
    uart.o(i.UART_OutDec) refers to uart.o(i.UART1_OutChar) for UART1_OutChar
    uart.o(i.UART_OutDec) refers to uart.o(i.UART2_OutChar) for UART2_OutChar
    uart.o(i.UART_OutDec) refers to uart.o(i.UART3_OutChar) for UART3_OutChar
    uart.o(i.UART_OutDec) refers to uart.o(i.UART4_OutChar) for UART4_OutChar
    uart.o(i.UART_OutDec) refers to uart.o(i.UART5_OutChar) for UART5_OutChar
    uart.o(i.UART_OutDec) refers to uart.o(i.UART7_OutChar) for UART7_OutChar
    uart.o(i.UART_OutDec) refers to uart.o(i.UART_OutUDec) for UART_OutUDec
    uart.o(i.UART_OutUDec) refers to uart.o(i.UART0_OutChar) for UART0_OutChar
    uart.o(i.UART_OutUDec) refers to uart.o(i.UART1_OutChar) for UART1_OutChar
    uart.o(i.UART_OutUDec) refers to uart.o(i.UART2_OutChar) for UART2_OutChar
    uart.o(i.UART_OutUDec) refers to uart.o(i.UART3_OutChar) for UART3_OutChar
    uart.o(i.UART_OutUDec) refers to uart.o(i.UART4_OutChar) for UART4_OutChar
    uart.o(i.UART_OutUDec) refers to uart.o(i.UART5_OutChar) for UART5_OutChar
    uart.o(i.UART_OutUDec) refers to uart.o(i.UART7_OutChar) for UART7_OutChar
    uart.o(i.UART_TransmitString) refers to uart.o(i.UART0_OutChar) for UART0_OutChar
    uart.o(i.UART_TransmitString) refers to uart.o(i.UART1_OutChar) for UART1_OutChar
    uart.o(i.UART_TransmitString) refers to uart.o(i.UART2_OutChar) for UART2_OutChar
    uart.o(i.UART_TransmitString) refers to uart.o(i.UART3_OutChar) for UART3_OutChar
    uart.o(i.UART_TransmitString) refers to uart.o(i.UART4_OutChar) for UART4_OutChar
    uart.o(i.UART_TransmitString) refers to uart.o(i.UART5_OutChar) for UART5_OutChar
    uart.o(i.UART_TransmitString) refers to uart.o(i.UART7_OutChar) for UART7_OutChar
    pidcontroller.o(i.PID) refers to faddsub_clz.o(x$fpl$fsub) for __aeabi_fsub
    pidcontroller.o(i.PID) refers to fmul.o(x$fpl$fmul) for __aeabi_fmul
    pidcontroller.o(i.PID) refers to faddsub_clz.o(x$fpl$fadd) for __aeabi_fadd
    pidcontroller.o(i.PID) refers to frleqf.o(x$fpl$frleqf) for __aeabi_cfrcmple
    pidcontroller.o(i.PID) refers to fleqf.o(x$fpl$fleqf) for __aeabi_cfcmple
    pidcontroller.o(i.PID) refers to pidcontroller.o(.data) for prevError
    pidcontroller.o(i.enableAntiIntegralWindup) refers to pidcontroller.o(.data) for maxIntegralError
    pidcontroller.o(i.initPIDController) refers to pidcontroller.o(.data) for Kp
    common_main.o(i.calculateRPM) refers to dflt_clz.o(x$fpl$dfltu) for __aeabi_ui2d
    common_main.o(i.calculateRPM) refers to dmul.o(x$fpl$dmul) for __aeabi_dmul
    common_main.o(i.calculateRPM) refers to d2f.o(x$fpl$d2f) for __aeabi_d2f
    common_main.o(i.calculateRPM) refers to fflt_clz.o(x$fpl$fflt) for __aeabi_i2f
    common_main.o(i.calculateRPM) refers to fmul.o(x$fpl$fmul) for __aeabi_fmul
    common_main.o(i.calculateRPM) refers to ffix.o(x$fpl$ffix) for __aeabi_f2iz
    common_main.o(i.calculateRPM) refers to common_main.o(.data) for currentRPM
    common_main.o(i.changeDesiredRPM) refers to common_main.o(.data) for desiredRPM
    common_main.o(i.linearize_Back) refers to systick.o(i.SysTick_Wait10ms) for SysTick_Wait10ms
    common_main.o(i.linearize_Back) refers to uart.o(i.UART_TransmitString) for UART_TransmitString
    common_main.o(i.linearize_Back) refers to common_main.o(i.setPWM) for setPWM
    common_main.o(i.linearize_Back) refers to common_main.o(i.calculateRPM) for calculateRPM
    common_main.o(i.linearize_Back) refers to dflt_clz.o(x$fpl$dflt) for __aeabi_i2d
    common_main.o(i.linearize_Back) refers to dmul.o(x$fpl$dmul) for __aeabi_dmul
    common_main.o(i.linearize_Back) refers to ddiv.o(x$fpl$ddiv) for __aeabi_ddiv
    common_main.o(i.linearize_Back) refers to d2f.o(x$fpl$d2f) for __aeabi_d2f
    common_main.o(i.linearize_Back) refers to fflt_clz.o(x$fpl$fflt) for __aeabi_i2f
    common_main.o(i.linearize_Back) refers to fmul.o(x$fpl$fmul) for __aeabi_fmul
    common_main.o(i.linearize_Back) refers to ffix.o(x$fpl$ffix) for __aeabi_f2iz
    common_main.o(i.linearize_Back) refers to uart.o(i.UART_OutDec) for UART_OutDec
    common_main.o(i.linearize_Back) refers to common_main.o(.data) for currentRPM
    common_main.o(i.linearize_Front) refers to systick.o(i.SysTick_Wait10ms) for SysTick_Wait10ms
    common_main.o(i.linearize_Front) refers to uart.o(i.UART_TransmitString) for UART_TransmitString
    common_main.o(i.linearize_Front) refers to common_main.o(i.setPWM) for setPWM
    common_main.o(i.linearize_Front) refers to common_main.o(i.calculateRPM) for calculateRPM
    common_main.o(i.linearize_Front) refers to dflt_clz.o(x$fpl$dflt) for __aeabi_i2d
    common_main.o(i.linearize_Front) refers to dmul.o(x$fpl$dmul) for __aeabi_dmul
    common_main.o(i.linearize_Front) refers to ddiv.o(x$fpl$ddiv) for __aeabi_ddiv
    common_main.o(i.linearize_Front) refers to d2f.o(x$fpl$d2f) for __aeabi_d2f
    common_main.o(i.linearize_Front) refers to fflt_clz.o(x$fpl$fflt) for __aeabi_i2f
    common_main.o(i.linearize_Front) refers to fmul.o(x$fpl$fmul) for __aeabi_fmul
    common_main.o(i.linearize_Front) refers to ffix.o(x$fpl$ffix) for __aeabi_f2iz
    common_main.o(i.linearize_Front) refers to uart.o(i.UART_OutDec) for UART_OutDec
    common_main.o(i.linearize_Front) refers to common_main.o(.data) for currentRPM
    common_main.o(i.recordData) refers to systick.o(i.SysTick_Wait10ms) for SysTick_Wait10ms
    common_main.o(i.recordData) refers to uart.o(i.UART_TransmitString) for UART_TransmitString
    common_main.o(i.recordData) refers to common_main.o(i.setMV) for setMV
    common_main.o(i.recordData) refers to init.o(i.Timer0_Init) for Timer0_Init
    common_main.o(i.recordData) refers to common_main.o(i.calculateRPM) for calculateRPM
    common_main.o(i.recordData) refers to uart.o(i.UART_OutDec) for UART_OutDec
    common_main.o(i.recordData) refers to uart.o(i.Print_Space) for Print_Space
    common_main.o(i.recordData) refers to uart.o(i.New_Line) for New_Line
    common_main.o(i.recordData) refers to common_main.o(i.setPWM) for setPWM
    common_main.o(i.recordData) refers to common_main.o(.constdata) for .constdata
    common_main.o(i.recordData) refers to common_main.o(.data) for recordingData
    common_main.o(i.setDesiredRPM) refers to fflt_clz.o(x$fpl$fflt) for __aeabi_i2f
    common_main.o(i.setDesiredRPM) refers to pidcontroller.o(i.PID) for PID
    common_main.o(i.setDesiredRPM) refers to faddsub_clz.o(x$fpl$fadd) for __aeabi_fadd
    common_main.o(i.setDesiredRPM) refers to frleqf.o(x$fpl$frleqf) for __aeabi_cfrcmple
    common_main.o(i.setDesiredRPM) refers to fleqf.o(x$fpl$fleqf) for __aeabi_cfcmple
    common_main.o(i.setDesiredRPM) refers to ffix.o(x$fpl$ffix) for __aeabi_f2iz
    common_main.o(i.setDesiredRPM) refers to common_main.o(i.setMV) for setMV
    common_main.o(i.setDesiredRPM) refers to common_main.o(.data) for desiredRPM
    common_main.o(i.setLinearizers) refers to common_main.o(.data) for FrontLinearizer_
    common_main.o(i.setMV) refers to common_main.o(i.absolute) for absolute
    common_main.o(i.setMV) refers to common_main.o(i.setPWM) for setPWM
    common_main.o(i.setMV) refers to common_main.o(.data) for BackLinearizer_
    common_main.o(i.setup) refers to pll.o(i.PLL_Init) for PLL_Init
    common_main.o(i.setup) refers to systick.o(i.SysTick_Init) for SysTick_Init
    common_main.o(i.setup) refers to init.o(i.PortF_Init) for PortF_Init
    common_main.o(i.setup) refers to uart.o(i.UART5_Init) for UART5_Init
    common_main.o(i.setup) refers to init.o(i.PWM_Init) for PWM_Init
    common_main.o(i.setup) refers to common_main.o(i.setPWM) for setPWM
    common_main.o(i.setup) refers to init.o(i.QEI1_Init) for QEI1_Init
    common_main.o(i.setup) refers to startup_tm4c123.o(.text) for EnableInterrupts
    common_main.o(i.testLinearizer) refers to common_main.o(i.setMV) for setMV
    common_main.o(i.testLinearizer) refers to systick.o(i.SysTick_Wait10ms) for SysTick_Wait10ms
    common_main.o(i.testLinearizer) refers to common_main.o(i.calculateRPM) for calculateRPM
    common_main.o(i.testLinearizer) refers to uart.o(i.UART_OutDec) for UART_OutDec
    common_main.o(i.testLinearizer) refers to uart.o(i.Print_Space) for Print_Space
    common_main.o(i.testLinearizer) refers to uart.o(i.New_Line) for New_Line
    common_main.o(i.testLinearizer) refers to common_main.o(i.setPWM) for setPWM
    common_main.o(i.testLinearizer) refers to common_main.o(.data) for currentRPM
    common_main.o(i.testMotors) refers to uart.o(i.UART_TransmitString) for UART_TransmitString
    common_main.o(i.testMotors) refers to systick.o(i.SysTick_Wait10ms) for SysTick_Wait10ms
    common_main.o(i.testMotors) refers to common_main.o(i.calculateRPM) for calculateRPM
    common_main.o(i.testMotors) refers to uart.o(i.UART_OutDec) for UART_OutDec
    common_main.o(i.testMotors) refers to uart.o(i.Print_Space) for Print_Space
    common_main.o(i.testMotors) refers to uart.o(i.New_Line) for New_Line
    common_main.o(i.testMotors) refers to common_main.o(i.setPWM) for setPWM
    common_main.o(i.testMotors) refers to common_main.o(.data) for currentRPM
    __main.o(!!!main) refers to __rtentry.o(.ARM.Collect$$rtentry$$00000000) for __rt_entry
    d2f.o(x$fpl$d2f) refers (Special) to usenofp.o(x$fpl$usenofp) for __I$use$fp
    d2f.o(x$fpl$d2f) refers to fretinf.o(x$fpl$fretinf) for __fpl_fretinf
    d2f.o(x$fpl$d2f) refers to dnaninf.o(x$fpl$dnaninf) for __fpl_dnaninf
    ddiv.o(x$fpl$drdiv) refers (Special) to usenofp.o(x$fpl$usenofp) for __I$use$fp
    ddiv.o(x$fpl$drdiv) refers to ddiv.o(x$fpl$ddiv) for ddiv_entry
    ddiv.o(x$fpl$ddiv) refers (Special) to usenofp.o(x$fpl$usenofp) for __I$use$fp
    ddiv.o(x$fpl$ddiv) refers to dretinf.o(x$fpl$dretinf) for __fpl_dretinf
    ddiv.o(x$fpl$ddiv) refers to dnaninf.o(x$fpl$dnaninf) for __fpl_dnaninf
    dflt_clz.o(x$fpl$dfltu) refers (Special) to usenofp.o(x$fpl$usenofp) for __I$use$fp
    dflt_clz.o(x$fpl$dflt) refers (Special) to usenofp.o(x$fpl$usenofp) for __I$use$fp
    dflt_clz.o(x$fpl$dfltn) refers (Special) to usenofp.o(x$fpl$usenofp) for __I$use$fp
    dmul.o(x$fpl$dmul) refers (Special) to usenofp.o(x$fpl$usenofp) for __I$use$fp
    dmul.o(x$fpl$dmul) refers to dretinf.o(x$fpl$dretinf) for __fpl_dretinf
    dmul.o(x$fpl$dmul) refers to dnaninf.o(x$fpl$dnaninf) for __fpl_dnaninf
    faddsub_clz.o(x$fpl$fadd) refers (Special) to usenofp.o(x$fpl$usenofp) for __I$use$fp
    faddsub_clz.o(x$fpl$fadd) refers to faddsub_clz.o(x$fpl$fsub) for _fsub1
    faddsub_clz.o(x$fpl$fadd) refers to fretinf.o(x$fpl$fretinf) for __fpl_fretinf
    faddsub_clz.o(x$fpl$fadd) refers to fnaninf.o(x$fpl$fnaninf) for __fpl_fnaninf
    faddsub_clz.o(x$fpl$frsb) refers (Special) to usenofp.o(x$fpl$usenofp) for __I$use$fp
    faddsub_clz.o(x$fpl$frsb) refers to faddsub_clz.o(x$fpl$fadd) for _fadd1
    faddsub_clz.o(x$fpl$frsb) refers to faddsub_clz.o(x$fpl$fsub) for _fsub1
    faddsub_clz.o(x$fpl$fsub) refers (Special) to usenofp.o(x$fpl$usenofp) for __I$use$fp
    faddsub_clz.o(x$fpl$fsub) refers to faddsub_clz.o(x$fpl$fadd) for _fadd1
    faddsub_clz.o(x$fpl$fsub) refers to fnaninf.o(x$fpl$fnaninf) for __fpl_fnaninf
    fdiv.o(x$fpl$frdiv) refers (Special) to usenofp.o(x$fpl$usenofp) for __I$use$fp
    fdiv.o(x$fpl$frdiv) refers to fdiv.o(x$fpl$fdiv) for _fdiv1
    fdiv.o(x$fpl$fdiv) refers (Special) to usenofp.o(x$fpl$usenofp) for __I$use$fp
    fdiv.o(x$fpl$fdiv) refers to fretinf.o(x$fpl$fretinf) for __fpl_fretinf
    fdiv.o(x$fpl$fdiv) refers to fnaninf.o(x$fpl$fnaninf) for __fpl_fnaninf
    ffix.o(x$fpl$ffix) refers (Special) to usenofp.o(x$fpl$usenofp) for __I$use$fp
    ffix.o(x$fpl$ffix) refers to fnaninf.o(x$fpl$fnaninf) for __fpl_fnaninf
    ffix.o(x$fpl$ffixr) refers (Special) to usenofp.o(x$fpl$usenofp) for __I$use$fp
    ffix.o(x$fpl$ffixr) refers to fnaninf.o(x$fpl$fnaninf) for __fpl_fnaninf
    fflt_clz.o(x$fpl$ffltu) refers (Special) to usenofp.o(x$fpl$usenofp) for __I$use$fp
    fflt_clz.o(x$fpl$fflt) refers (Special) to usenofp.o(x$fpl$usenofp) for __I$use$fp
    fflt_clz.o(x$fpl$ffltn) refers (Special) to usenofp.o(x$fpl$usenofp) for __I$use$fp
    fleqf.o(x$fpl$fleqf) refers (Special) to usenofp.o(x$fpl$usenofp) for __I$use$fp
    fleqf.o(x$fpl$fleqf) refers to fnaninf.o(x$fpl$fnaninf) for __fpl_fnaninf
    fleqf.o(x$fpl$fleqf) refers to fcmpi.o(x$fpl$fcmpinf) for __fpl_fcmp_Inf
    fmul.o(x$fpl$fmul) refers (Special) to usenofp.o(x$fpl$usenofp) for __I$use$fp
    fmul.o(x$fpl$fmul) refers to fretinf.o(x$fpl$fretinf) for __fpl_fretinf
    fmul.o(x$fpl$fmul) refers to fnaninf.o(x$fpl$fnaninf) for __fpl_fnaninf
    frleqf.o(x$fpl$frleqf) refers (Special) to usenofp.o(x$fpl$usenofp) for __I$use$fp
    frleqf.o(x$fpl$frleqf) refers to fleqf.o(x$fpl$fleqf) for __fpl_fcmple_InfNaN
    __rtentry.o(.ARM.Collect$$rtentry$$00000000) refers (Special) to __rtentry2.o(.ARM.Collect$$rtentry$$0000000A) for __rt_entry_li
    __rtentry.o(.ARM.Collect$$rtentry$$00000000) refers (Special) to __rtentry2.o(.ARM.Collect$$rtentry$$0000000D) for __rt_entry_main
    __rtentry.o(.ARM.Collect$$rtentry$$00000000) refers (Special) to __rtentry2.o(.ARM.Collect$$rtentry$$0000000C) for __rt_entry_postli_1
    __rtentry.o(.ARM.Collect$$rtentry$$00000000) refers (Special) to __rtentry2.o(.ARM.Collect$$rtentry$$00000009) for __rt_entry_postsh_1
    __rtentry.o(.ARM.Collect$$rtentry$$00000000) refers (Special) to __rtentry2.o(.ARM.Collect$$rtentry$$00000002) for __rt_entry_presh_1
    __rtentry.o(.ARM.Collect$$rtentry$$00000000) refers (Special) to __rtentry4.o(.ARM.Collect$$rtentry$$00000004) for __rt_entry_sh
    dnaninf.o(x$fpl$dnaninf) refers (Special) to usenofp.o(x$fpl$usenofp) for __I$use$fp
    dretinf.o(x$fpl$dretinf) refers (Special) to usenofp.o(x$fpl$usenofp) for __I$use$fp
    fcmpi.o(x$fpl$fcmpinf) refers (Special) to usenofp.o(x$fpl$usenofp) for __I$use$fp
    fnaninf.o(x$fpl$fnaninf) refers (Special) to usenofp.o(x$fpl$usenofp) for __I$use$fp
    fretinf.o(x$fpl$fretinf) refers (Special) to usenofp.o(x$fpl$usenofp) for __I$use$fp
    __rtentry2.o(.ARM.Collect$$rtentry$$00000008) refers to boardinit2.o(.text) for _platform_post_stackheap_init
    __rtentry2.o(.ARM.Collect$$rtentry$$0000000A) refers to libinit.o(.ARM.Collect$$libinit$$00000000) for __rt_lib_init
    __rtentry2.o(.ARM.Collect$$rtentry$$0000000B) refers to boardinit3.o(.text) for _platform_post_lib_init
    __rtentry2.o(.ARM.Collect$$rtentry$$0000000D) refers to qeitest.o(i.main) for main
    __rtentry2.o(.ARM.Collect$$rtentry$$0000000D) refers to exit.o(.text) for exit
    __rtentry2.o(.ARM.exidx) refers to __rtentry2.o(.ARM.Collect$$rtentry$$00000001) for .ARM.Collect$$rtentry$$00000001
    __rtentry2.o(.ARM.exidx) refers to __rtentry2.o(.ARM.Collect$$rtentry$$00000008) for .ARM.Collect$$rtentry$$00000008
    __rtentry2.o(.ARM.exidx) refers to __rtentry2.o(.ARM.Collect$$rtentry$$0000000A) for .ARM.Collect$$rtentry$$0000000A
    __rtentry2.o(.ARM.exidx) refers to __rtentry2.o(.ARM.Collect$$rtentry$$0000000B) for .ARM.Collect$$rtentry$$0000000B
    __rtentry2.o(.ARM.exidx) refers to __rtentry2.o(.ARM.Collect$$rtentry$$0000000D) for .ARM.Collect$$rtentry$$0000000D
    __rtentry4.o(.ARM.Collect$$rtentry$$00000004) refers to sys_stackheap_outer.o(.text) for __user_setup_stackheap
    __rtentry4.o(.ARM.exidx) refers to __rtentry4.o(.ARM.Collect$$rtentry$$00000004) for .ARM.Collect$$rtentry$$00000004
    sys_stackheap_outer.o(.text) refers to libspace.o(.text) for __user_perproc_libspace
    sys_stackheap_outer.o(.text) refers to startup_tm4c123.o(.text) for __user_initial_stackheap
    exit.o(.text) refers to rtexit.o(.ARM.Collect$$rtexit$$00000000) for __rt_exit
    libinit.o(.ARM.Collect$$libinit$$00000000) refers (Special) to libinit2.o(.ARM.Collect$$libinit$$0000002E) for __rt_lib_init_alloca_1
    libinit.o(.ARM.Collect$$libinit$$00000000) refers (Special) to libinit2.o(.ARM.Collect$$libinit$$0000002C) for __rt_lib_init_argv_1
    libinit.o(.ARM.Collect$$libinit$$00000000) refers (Special) to libinit2.o(.ARM.Collect$$libinit$$0000001B) for __rt_lib_init_atexit_1
    libinit.o(.ARM.Collect$$libinit$$00000000) refers (Special) to libinit2.o(.ARM.Collect$$libinit$$00000021) for __rt_lib_init_clock_1
    libinit.o(.ARM.Collect$$libinit$$00000000) refers (Special) to libinit2.o(.ARM.Collect$$libinit$$00000032) for __rt_lib_init_cpp_1
    libinit.o(.ARM.Collect$$libinit$$00000000) refers (Special) to libinit2.o(.ARM.Collect$$libinit$$00000030) for __rt_lib_init_exceptions_1
    libinit.o(.ARM.Collect$$libinit$$00000000) refers (Special) to libinit2.o(.ARM.Collect$$libinit$$00000002) for __rt_lib_init_fp_1
    libinit.o(.ARM.Collect$$libinit$$00000000) refers (Special) to libinit2.o(.ARM.Collect$$libinit$$0000001F) for __rt_lib_init_fp_trap_1
    libinit.o(.ARM.Collect$$libinit$$00000000) refers (Special) to libinit2.o(.ARM.Collect$$libinit$$00000023) for __rt_lib_init_getenv_1
    libinit.o(.ARM.Collect$$libinit$$00000000) refers (Special) to libinit2.o(.ARM.Collect$$libinit$$0000000A) for __rt_lib_init_heap_1
    libinit.o(.ARM.Collect$$libinit$$00000000) refers (Special) to libinit2.o(.ARM.Collect$$libinit$$00000011) for __rt_lib_init_lc_collate_1
    libinit.o(.ARM.Collect$$libinit$$00000000) refers (Special) to libinit2.o(.ARM.Collect$$libinit$$00000013) for __rt_lib_init_lc_ctype_1
    libinit.o(.ARM.Collect$$libinit$$00000000) refers (Special) to libinit2.o(.ARM.Collect$$libinit$$00000015) for __rt_lib_init_lc_monetary_1
    libinit.o(.ARM.Collect$$libinit$$00000000) refers (Special) to libinit2.o(.ARM.Collect$$libinit$$00000017) for __rt_lib_init_lc_numeric_1
    libinit.o(.ARM.Collect$$libinit$$00000000) refers (Special) to libinit2.o(.ARM.Collect$$libinit$$00000019) for __rt_lib_init_lc_time_1
    libinit.o(.ARM.Collect$$libinit$$00000000) refers (Special) to libinit2.o(.ARM.Collect$$libinit$$00000004) for __rt_lib_init_preinit_1
    libinit.o(.ARM.Collect$$libinit$$00000000) refers (Special) to libinit2.o(.ARM.Collect$$libinit$$0000000E) for __rt_lib_init_rand_1
    libinit.o(.ARM.Collect$$libinit$$00000000) refers (Special) to libinit2.o(.ARM.Collect$$libinit$$00000033) for __rt_lib_init_return
    libinit.o(.ARM.Collect$$libinit$$00000000) refers (Special) to libinit2.o(.ARM.Collect$$libinit$$0000001D) for __rt_lib_init_signal_1
    libinit.o(.ARM.Collect$$libinit$$00000000) refers (Special) to libinit2.o(.ARM.Collect$$libinit$$00000025) for __rt_lib_init_stdio_1
    libinit.o(.ARM.Collect$$libinit$$00000000) refers (Special) to libinit2.o(.ARM.Collect$$libinit$$0000000C) for __rt_lib_init_user_alloc_1
    libspace.o(.text) refers to libspace.o(.bss) for __libspace_start
    rtexit.o(.ARM.Collect$$rtexit$$00000000) refers (Special) to rtexit2.o(.ARM.Collect$$rtexit$$00000004) for __rt_exit_exit
    rtexit.o(.ARM.Collect$$rtexit$$00000000) refers (Special) to rtexit2.o(.ARM.Collect$$rtexit$$00000003) for __rt_exit_ls
    rtexit.o(.ARM.Collect$$rtexit$$00000000) refers (Special) to rtexit2.o(.ARM.Collect$$rtexit$$00000002) for __rt_exit_prels_1
    rtexit.o(.ARM.exidx) refers (Special) to rtexit2.o(.ARM.Collect$$rtexit$$00000004) for __rt_exit_exit
    rtexit.o(.ARM.exidx) refers (Special) to rtexit2.o(.ARM.Collect$$rtexit$$00000003) for __rt_exit_ls
    rtexit.o(.ARM.exidx) refers (Special) to rtexit2.o(.ARM.Collect$$rtexit$$00000002) for __rt_exit_prels_1
    rtexit.o(.ARM.exidx) refers to rtexit.o(.ARM.Collect$$rtexit$$00000000) for .ARM.Collect$$rtexit$$00000000
    libinit2.o(.ARM.Collect$$libinit$$00000010) refers to libinit2.o(.ARM.Collect$$libinit$$0000000F) for .ARM.Collect$$libinit$$0000000F
    libinit2.o(.ARM.Collect$$libinit$$00000012) refers to libinit2.o(.ARM.Collect$$libinit$$0000000F) for .ARM.Collect$$libinit$$0000000F
    libinit2.o(.ARM.Collect$$libinit$$00000014) refers to libinit2.o(.ARM.Collect$$libinit$$0000000F) for .ARM.Collect$$libinit$$0000000F
    libinit2.o(.ARM.Collect$$libinit$$00000016) refers to libinit2.o(.ARM.Collect$$libinit$$0000000F) for .ARM.Collect$$libinit$$0000000F
    libinit2.o(.ARM.Collect$$libinit$$00000018) refers to libinit2.o(.ARM.Collect$$libinit$$0000000F) for .ARM.Collect$$libinit$$0000000F
    libinit2.o(.ARM.Collect$$libinit$$00000026) refers to argv_veneer.o(.emb_text) for __ARM_argv_veneer
    libinit2.o(.ARM.Collect$$libinit$$00000027) refers to argv_veneer.o(.emb_text) for __ARM_argv_veneer
    rtexit2.o(.ARM.Collect$$rtexit$$00000003) refers to libshutdown.o(.ARM.Collect$$libshutdown$$00000000) for __rt_lib_shutdown
    rtexit2.o(.ARM.Collect$$rtexit$$00000004) refers to sys_exit.o(.text) for _sys_exit
    rtexit2.o(.ARM.exidx) refers to rtexit2.o(.ARM.Collect$$rtexit$$00000001) for .ARM.Collect$$rtexit$$00000001
    rtexit2.o(.ARM.exidx) refers to rtexit2.o(.ARM.Collect$$rtexit$$00000003) for .ARM.Collect$$rtexit$$00000003
    rtexit2.o(.ARM.exidx) refers to rtexit2.o(.ARM.Collect$$rtexit$$00000004) for .ARM.Collect$$rtexit$$00000004
    argv_veneer.o(.emb_text) refers to no_argv.o(.text) for __ARM_get_argv
    sys_exit.o(.text) refers (Special) to use_no_semi.o(.text) for __I$use$semihosting
    sys_exit.o(.text) refers (Special) to indicate_semi.o(.text) for __semihosting_library_function
    _get_argv_nomalloc.o(.text) refers (Special) to hrguard.o(.text) for __heap_region$guard
    _get_argv_nomalloc.o(.text) refers to defsig_rtmem_outer.o(.text) for __rt_SIGRTMEM
    _get_argv_nomalloc.o(.text) refers to sys_command.o(.text) for _sys_command_string
    libshutdown.o(.ARM.Collect$$libshutdown$$00000000) refers (Special) to libshutdown2.o(.ARM.Collect$$libshutdown$$00000002) for __rt_lib_shutdown_cpp_1
    libshutdown.o(.ARM.Collect$$libshutdown$$00000000) refers (Special) to libshutdown2.o(.ARM.Collect$$libshutdown$$00000007) for __rt_lib_shutdown_fp_trap_1
    libshutdown.o(.ARM.Collect$$libshutdown$$00000000) refers (Special) to libshutdown2.o(.ARM.Collect$$libshutdown$$0000000F) for __rt_lib_shutdown_heap_1
    libshutdown.o(.ARM.Collect$$libshutdown$$00000000) refers (Special) to libshutdown2.o(.ARM.Collect$$libshutdown$$00000010) for __rt_lib_shutdown_return
    libshutdown.o(.ARM.Collect$$libshutdown$$00000000) refers (Special) to libshutdown2.o(.ARM.Collect$$libshutdown$$0000000A) for __rt_lib_shutdown_signal_1
    libshutdown.o(.ARM.Collect$$libshutdown$$00000000) refers (Special) to libshutdown2.o(.ARM.Collect$$libshutdown$$00000004) for __rt_lib_shutdown_stdio_1
    libshutdown.o(.ARM.Collect$$libshutdown$$00000000) refers (Special) to libshutdown2.o(.ARM.Collect$$libshutdown$$0000000C) for __rt_lib_shutdown_user_alloc_1
    sys_command.o(.text) refers (Special) to use_no_semi.o(.text) for __I$use$semihosting
    sys_command.o(.text) refers (Special) to indicate_semi.o(.text) for __semihosting_library_function
    defsig_rtmem_outer.o(.text) refers to defsig_rtmem_inner.o(.text) for __rt_SIGRTMEM_inner
    defsig_rtmem_outer.o(.text) refers to defsig_exit.o(.text) for __sig_exit
    defsig_rtmem_formal.o(.text) refers to rt_raise.o(.text) for __rt_raise
    rt_raise.o(.text) refers to __raise.o(.text) for __raise
    rt_raise.o(.text) refers to sys_exit.o(.text) for _sys_exit
    defsig_exit.o(.text) refers to sys_exit.o(.text) for _sys_exit
    defsig_rtmem_inner.o(.text) refers to defsig_general.o(.text) for __default_signal_display
    __raise.o(.text) refers to defsig.o(CL$$defsig) for __default_signal_handler
    defsig_general.o(.text) refers to sys_wrch.o(.text) for _ttywrch
    sys_wrch.o(.text) refers (Special) to use_no_semi.o(.text) for __I$use$semihosting
    sys_wrch.o(.text) refers (Special) to indicate_semi.o(.text) for __semihosting_library_function
    defsig.o(CL$$defsig) refers to defsig_rtmem_inner.o(.text) for __rt_SIGRTMEM_inner
    defsig_abrt_inner.o(.text) refers to defsig_general.o(.text) for __default_signal_display
    defsig_fpe_inner.o(.text) refers to defsig_general.o(.text) for __default_signal_display
    defsig_rtred_inner.o(.text) refers to defsig_general.o(.text) for __default_signal_display
    defsig_stak_inner.o(.text) refers to defsig_general.o(.text) for __default_signal_display
    defsig_pvfn_inner.o(.text) refers to defsig_general.o(.text) for __default_signal_display
    defsig_cppl_inner.o(.text) refers to defsig_general.o(.text) for __default_signal_display
    defsig_segv_inner.o(.text) refers to defsig_general.o(.text) for __default_signal_display
    defsig_other.o(.text) refers to defsig_general.o(.text) for __default_signal_display


==============================================================================

Removing Unused input sections from the image.

    Removing qeitest.o(.rev16_text), (4 bytes).
    Removing qeitest.o(.revsh_text), (4 bytes).
    Removing qeitest.o(.rrx_text), (6 bytes).
    Removing qeitest.o(.data), (4 bytes).
    Removing systick.o(i.SysTick_Wait), (30 bytes).
    Removing systick.o(i.SysTick_Wait10ms), (28 bytes).
    Removing uart.o(.rev16_text), (4 bytes).
    Removing uart.o(.revsh_text), (4 bytes).
    Removing uart.o(.rrx_text), (6 bytes).
    Removing uart.o(i.New_Line), (122 bytes).
    Removing uart.o(i.Print_Space), (90 bytes).
    Removing uart.o(i.UART0_InChar), (28 bytes).
    Removing uart.o(i.UART0_InCharNonBlocking), (28 bytes).
    Removing uart.o(i.UART1_InChar), (28 bytes).
    Removing uart.o(i.UART1_InCharNonBlocking), (28 bytes).
    Removing uart.o(i.UART1_Init), (192 bytes).
    Removing uart.o(i.UART2_InChar), (28 bytes).
    Removing uart.o(i.UART2_InCharNonBlocking), (28 bytes).
    Removing uart.o(i.UART2_Init), (168 bytes).
    Removing uart.o(i.UART3_InChar), (28 bytes).
    Removing uart.o(i.UART3_InCharNonBlocking), (28 bytes).
    Removing uart.o(i.UART3_Init), (144 bytes).
    Removing uart.o(i.UART4_InChar), (28 bytes).
    Removing uart.o(i.UART4_InCharNonBlocking), (28 bytes).
    Removing uart.o(i.UART4_Init), (144 bytes).
    Removing uart.o(i.UART5_InChar), (28 bytes).
    Removing uart.o(i.UART5_InCharNonBlocking), (28 bytes).
    Removing uart.o(i.UART7_InChar), (28 bytes).
    Removing uart.o(i.UART7_InCharNonBlocking), (28 bytes).
    Removing uart.o(i.UART7_Init), (140 bytes).
    Removing init.o(.rev16_text), (4 bytes).
    Removing init.o(.revsh_text), (4 bytes).
    Removing init.o(.rrx_text), (6 bytes).
    Removing init.o(i.QEI0_Init), (44 bytes).
    Removing pidcontroller.o(i.PID), (212 bytes).
    Removing pidcontroller.o(i.enableAntiIntegralWindup), (24 bytes).
    Removing pidcontroller.o(i.initPIDController), (68 bytes).
    Removing pidcontroller.o(.data), (56 bytes).
    Removing common_main.o(.rev16_text), (4 bytes).
    Removing common_main.o(.revsh_text), (4 bytes).
    Removing common_main.o(.rrx_text), (6 bytes).
    Removing common_main.o(i.absolute), (14 bytes).
    Removing common_main.o(i.calculateRPM), (160 bytes).
    Removing common_main.o(i.changeDesiredRPM), (12 bytes).
    Removing common_main.o(i.linearize_Back), (496 bytes).
    Removing common_main.o(i.linearize_Front), (496 bytes).
    Removing common_main.o(i.recordData), (396 bytes).
    Removing common_main.o(i.setDesiredRPM), (144 bytes).
    Removing common_main.o(i.setLinearizers), (20 bytes).
    Removing common_main.o(i.setMV), (108 bytes).
    Removing common_main.o(i.testLinearizer), (120 bytes).
    Removing common_main.o(i.testMotors), (772 bytes).
    Removing common_main.o(.constdata), (8 bytes).
    Removing common_main.o(.data), (40 bytes).

54 unused section(s) (total 4700 bytes) removed from the image.

==============================================================================

Image Symbol Table

    Local Symbols

    Symbol Name                              Value     Ov Type        Size  Object(Section)

    RESET                                    0x00000000   Section      644  startup_tm4c123.o(RESET)
    ../clib/angel/boardlib.s                 0x00000000   Number         0  boardinit1.o ABSOLUTE
    ../clib/angel/boardlib.s                 0x00000000   Number         0  boardinit2.o ABSOLUTE
    ../clib/angel/boardlib.s                 0x00000000   Number         0  boardinit3.o ABSOLUTE
    ../clib/angel/boardlib.s                 0x00000000   Number         0  boardshut.o ABSOLUTE
    ../clib/angel/handlers.s                 0x00000000   Number         0  __scatter_zi.o ABSOLUTE
    ../clib/angel/kernel.s                   0x00000000   Number         0  __rtentry2.o ABSOLUTE
    ../clib/angel/kernel.s                   0x00000000   Number         0  rtexit.o ABSOLUTE
    ../clib/angel/kernel.s                   0x00000000   Number         0  __rtentry.o ABSOLUTE
    ../clib/angel/kernel.s                   0x00000000   Number         0  __rtentry4.o ABSOLUTE
    ../clib/angel/kernel.s                   0x00000000   Number         0  rtexit2.o ABSOLUTE
    ../clib/angel/rt.s                       0x00000000   Number         0  rt_raise.o ABSOLUTE
    ../clib/angel/scatter.s                  0x00000000   Number         0  __scatter.o ABSOLUTE
    ../clib/angel/startup.s                  0x00000000   Number         0  __main.o ABSOLUTE
    ../clib/angel/sys.s                      0x00000000   Number         0  libspace.o ABSOLUTE
    ../clib/angel/sys.s                      0x00000000   Number         0  indicate_semi.o ABSOLUTE
    ../clib/angel/sys.s                      0x00000000   Number         0  use_no_semi.o ABSOLUTE
    ../clib/angel/sys.s                      0x00000000   Number         0  sys_stackheap_outer.o ABSOLUTE
    ../clib/angel/sysapp.c                   0x00000000   Number         0  sys_wrch.o ABSOLUTE
    ../clib/angel/sysapp.c                   0x00000000   Number         0  sys_command.o ABSOLUTE
    ../clib/angel/sysapp.c                   0x00000000   Number         0  sys_exit.o ABSOLUTE
    ../clib/armsys.c                         0x00000000   Number         0  argv_veneer.o ABSOLUTE
    ../clib/armsys.c                         0x00000000   Number         0  argv_veneer.o ABSOLUTE
    ../clib/armsys.c                         0x00000000   Number         0  no_argv.o ABSOLUTE
    ../clib/armsys.c                         0x00000000   Number         0  _get_argv_nomalloc.o ABSOLUTE
    ../clib/heapalloc.c                      0x00000000   Number         0  hrguard.o ABSOLUTE
    ../clib/heapaux.c                        0x00000000   Number         0  heapauxi.o ABSOLUTE
    ../clib/libinit.s                        0x00000000   Number         0  libinit.o ABSOLUTE
    ../clib/libinit.s                        0x00000000   Number         0  libshutdown.o ABSOLUTE
    ../clib/libinit.s                        0x00000000   Number         0  libinit2.o ABSOLUTE
    ../clib/libinit.s                        0x00000000   Number         0  libshutdown2.o ABSOLUTE
    ../clib/signal.c                         0x00000000   Number         0  defsig_segv_inner.o ABSOLUTE
    ../clib/signal.c                         0x00000000   Number         0  defsig_cppl_inner.o ABSOLUTE
    ../clib/signal.c                         0x00000000   Number         0  defsig_stak_inner.o ABSOLUTE
    ../clib/signal.c                         0x00000000   Number         0  defsig_rtred_inner.o ABSOLUTE
    ../clib/signal.c                         0x00000000   Number         0  defsig_fpe_inner.o ABSOLUTE
    ../clib/signal.c                         0x00000000   Number         0  defsig_abrt_inner.o ABSOLUTE
    ../clib/signal.c                         0x00000000   Number         0  defsig_general.o ABSOLUTE
    ../clib/signal.c                         0x00000000   Number         0  __raise.o ABSOLUTE
    ../clib/signal.c                         0x00000000   Number         0  defsig_rtmem_inner.o ABSOLUTE
    ../clib/signal.c                         0x00000000   Number         0  defsig_exit.o ABSOLUTE
    ../clib/signal.c                         0x00000000   Number         0  defsig_rtmem_formal.o ABSOLUTE
    ../clib/signal.c                         0x00000000   Number         0  defsig_rtmem_outer.o ABSOLUTE
    ../clib/signal.c                         0x00000000   Number         0  defsig_pvfn_inner.o ABSOLUTE
    ../clib/signal.c                         0x00000000   Number         0  defsig_other.o ABSOLUTE
    ../clib/signal.s                         0x00000000   Number         0  defsig.o ABSOLUTE
    ../clib/stdlib.c                         0x00000000   Number         0  exit.o ABSOLUTE
    ../fplib/d2f.s                           0x00000000   Number         0  d2f.o ABSOLUTE
    ../fplib/ddiv.s                          0x00000000   Number         0  ddiv.o ABSOLUTE
    ../fplib/dflt.s                          0x00000000   Number         0  dflt_clz.o ABSOLUTE
    ../fplib/dmul.s                          0x00000000   Number         0  dmul.o ABSOLUTE
    ../fplib/dnaninf.s                       0x00000000   Number         0  dnaninf.o ABSOLUTE
    ../fplib/dretinf.s                       0x00000000   Number         0  dretinf.o ABSOLUTE
    ../fplib/faddsub.s                       0x00000000   Number         0  faddsub_clz.o ABSOLUTE
    ../fplib/fcmpi.s                         0x00000000   Number         0  fcmpi.o ABSOLUTE
    ../fplib/fdiv.s                          0x00000000   Number         0  fdiv.o ABSOLUTE
    ../fplib/ffix.s                          0x00000000   Number         0  ffix.o ABSOLUTE
    ../fplib/fflt.s                          0x00000000   Number         0  fflt_clz.o ABSOLUTE
    ../fplib/fleqf.s                         0x00000000   Number         0  fleqf.o ABSOLUTE
    ../fplib/fmul.s                          0x00000000   Number         0  fmul.o ABSOLUTE
    ../fplib/fnaninf.s                       0x00000000   Number         0  fnaninf.o ABSOLUTE
    ../fplib/fpinit.s                        0x00000000   Number         0  fpinit.o ABSOLUTE
    ../fplib/fretinf.s                       0x00000000   Number         0  fretinf.o ABSOLUTE
    ../fplib/frleqf.s                        0x00000000   Number         0  frleqf.o ABSOLUTE
    ../fplib/usenofp.s                       0x00000000   Number         0  usenofp.o ABSOLUTE
    ..\Common\PLL.c                          0x00000000   Number         0  pll.o ABSOLUTE
    ..\Common\SysTick.c                      0x00000000   Number         0  systick.o ABSOLUTE
    ..\Common\UART.c                         0x00000000   Number         0  uart.o ABSOLUTE
    ..\Common\common_main.c                  0x00000000   Number         0  common_main.o ABSOLUTE
    ..\Common\init.c                         0x00000000   Number         0  init.o ABSOLUTE
    ..\Common\pidController.c                0x00000000   Number         0  pidcontroller.o ABSOLUTE
    ..\Common\startup_TM4C123.s              0x00000000   Number         0  startup_tm4c123.o ABSOLUTE
    ..\\Common\\UART.c                       0x00000000   Number         0  uart.o ABSOLUTE
    ..\\Common\\common_main.c                0x00000000   Number         0  common_main.o ABSOLUTE
    ..\\Common\\init.c                       0x00000000   Number         0  init.o ABSOLUTE
    dc.s                                     0x00000000   Number         0  dc.o ABSOLUTE
    qeiTest.c                                0x00000000   Number         0  qeitest.o ABSOLUTE
    qeiTest.c                                0x00000000   Number         0  qeitest.o ABSOLUTE
    !!!main                                  0x00000284   Section        8  __main.o(!!!main)
    !!!scatter                               0x0000028c   Section       52  __scatter.o(!!!scatter)
    !!handler_zi                             0x000002c0   Section       28  __scatter_zi.o(!!handler_zi)
    .ARM.Collect$$libinit$$00000000          0x000002dc   Section        2  libinit.o(.ARM.Collect$$libinit$$00000000)
    .ARM.Collect$$libinit$$00000002          0x000002de   Section        0  libinit2.o(.ARM.Collect$$libinit$$00000002)
    .ARM.Collect$$libinit$$00000004          0x000002de   Section        0  libinit2.o(.ARM.Collect$$libinit$$00000004)
    .ARM.Collect$$libinit$$0000000A          0x000002de   Section        0  libinit2.o(.ARM.Collect$$libinit$$0000000A)
    .ARM.Collect$$libinit$$0000000C          0x000002de   Section        0  libinit2.o(.ARM.Collect$$libinit$$0000000C)
    .ARM.Collect$$libinit$$0000000E          0x000002de   Section        0  libinit2.o(.ARM.Collect$$libinit$$0000000E)
    .ARM.Collect$$libinit$$00000011          0x000002de   Section        0  libinit2.o(.ARM.Collect$$libinit$$00000011)
    .ARM.Collect$$libinit$$00000013          0x000002de   Section        0  libinit2.o(.ARM.Collect$$libinit$$00000013)
    .ARM.Collect$$libinit$$00000015          0x000002de   Section        0  libinit2.o(.ARM.Collect$$libinit$$00000015)
    .ARM.Collect$$libinit$$00000017          0x000002de   Section        0  libinit2.o(.ARM.Collect$$libinit$$00000017)
    .ARM.Collect$$libinit$$00000019          0x000002de   Section        0  libinit2.o(.ARM.Collect$$libinit$$00000019)
    .ARM.Collect$$libinit$$0000001B          0x000002de   Section        0  libinit2.o(.ARM.Collect$$libinit$$0000001B)
    .ARM.Collect$$libinit$$0000001D          0x000002de   Section        0  libinit2.o(.ARM.Collect$$libinit$$0000001D)
    .ARM.Collect$$libinit$$0000001F          0x000002de   Section        0  libinit2.o(.ARM.Collect$$libinit$$0000001F)
    .ARM.Collect$$libinit$$00000021          0x000002de   Section        0  libinit2.o(.ARM.Collect$$libinit$$00000021)
    .ARM.Collect$$libinit$$00000023          0x000002de   Section        0  libinit2.o(.ARM.Collect$$libinit$$00000023)
    .ARM.Collect$$libinit$$00000025          0x000002de   Section        0  libinit2.o(.ARM.Collect$$libinit$$00000025)
    .ARM.Collect$$libinit$$0000002C          0x000002de   Section        0  libinit2.o(.ARM.Collect$$libinit$$0000002C)
    .ARM.Collect$$libinit$$0000002E          0x000002de   Section        0  libinit2.o(.ARM.Collect$$libinit$$0000002E)
    .ARM.Collect$$libinit$$00000030          0x000002de   Section        0  libinit2.o(.ARM.Collect$$libinit$$00000030)
    .ARM.Collect$$libinit$$00000032          0x000002de   Section        0  libinit2.o(.ARM.Collect$$libinit$$00000032)
    .ARM.Collect$$libinit$$00000033          0x000002de   Section        2  libinit2.o(.ARM.Collect$$libinit$$00000033)
    .ARM.Collect$$libshutdown$$00000000      0x000002e0   Section        2  libshutdown.o(.ARM.Collect$$libshutdown$$00000000)
    .ARM.Collect$$libshutdown$$00000002      0x000002e2   Section        0  libshutdown2.o(.ARM.Collect$$libshutdown$$00000002)
    .ARM.Collect$$libshutdown$$00000004      0x000002e2   Section        0  libshutdown2.o(.ARM.Collect$$libshutdown$$00000004)
    .ARM.Collect$$libshutdown$$00000007      0x000002e2   Section        0  libshutdown2.o(.ARM.Collect$$libshutdown$$00000007)
    .ARM.Collect$$libshutdown$$0000000A      0x000002e2   Section        0  libshutdown2.o(.ARM.Collect$$libshutdown$$0000000A)
    .ARM.Collect$$libshutdown$$0000000C      0x000002e2   Section        0  libshutdown2.o(.ARM.Collect$$libshutdown$$0000000C)
    .ARM.Collect$$libshutdown$$0000000F      0x000002e2   Section        0  libshutdown2.o(.ARM.Collect$$libshutdown$$0000000F)
    .ARM.Collect$$libshutdown$$00000010      0x000002e2   Section        2  libshutdown2.o(.ARM.Collect$$libshutdown$$00000010)
    .ARM.Collect$$rtentry$$00000000          0x000002e4   Section        0  __rtentry.o(.ARM.Collect$$rtentry$$00000000)
    .ARM.Collect$$rtentry$$00000002          0x000002e4   Section        0  __rtentry2.o(.ARM.Collect$$rtentry$$00000002)
    .ARM.Collect$$rtentry$$00000004          0x000002e4   Section        6  __rtentry4.o(.ARM.Collect$$rtentry$$00000004)
    .ARM.Collect$$rtentry$$00000009          0x000002ea   Section        0  __rtentry2.o(.ARM.Collect$$rtentry$$00000009)
    .ARM.Collect$$rtentry$$0000000A          0x000002ea   Section        4  __rtentry2.o(.ARM.Collect$$rtentry$$0000000A)
    .ARM.Collect$$rtentry$$0000000C          0x000002ee   Section        0  __rtentry2.o(.ARM.Collect$$rtentry$$0000000C)
    .ARM.Collect$$rtentry$$0000000D          0x000002ee   Section        8  __rtentry2.o(.ARM.Collect$$rtentry$$0000000D)
    .ARM.Collect$$rtexit$$00000000           0x000002f6   Section        2  rtexit.o(.ARM.Collect$$rtexit$$00000000)
    .ARM.Collect$$rtexit$$00000002           0x000002f8   Section        0  rtexit2.o(.ARM.Collect$$rtexit$$00000002)
    .ARM.Collect$$rtexit$$00000003           0x000002f8   Section        4  rtexit2.o(.ARM.Collect$$rtexit$$00000003)
    .ARM.Collect$$rtexit$$00000004           0x000002fc   Section        6  rtexit2.o(.ARM.Collect$$rtexit$$00000004)
    .text                                    0x00000304   Section       48  startup_tm4c123.o(.text)
    .text                                    0x00000334   Section        0  heapauxi.o(.text)
    .text                                    0x0000033a   Section       74  sys_stackheap_outer.o(.text)
    .text                                    0x00000384   Section        0  exit.o(.text)
    .text                                    0x00000398   Section        8  libspace.o(.text)
    .text                                    0x000003a0   Section        0  sys_exit.o(.text)
    .text                                    0x000003ac   Section        2  use_no_semi.o(.text)
    .text                                    0x000003ae   Section        0  indicate_semi.o(.text)
    i.PLL_Init                               0x000003b0   Section        0  pll.o(i.PLL_Init)
    i.PWM_Init                               0x0000042c   Section        0  init.o(i.PWM_Init)
    i.PortF_Init                             0x000005d4   Section        0  init.o(i.PortF_Init)
    i.QEI1_Init                              0x00000634   Section        0  init.o(i.QEI1_Init)
    i.SysTick_Init                           0x000006cc   Section        0  systick.o(i.SysTick_Init)
    i.Timer0A_Handler                        0x000006dc   Section        0  qeitest.o(i.Timer0A_Handler)
    i.Timer0_Init                            0x00000704   Section        0  init.o(i.Timer0_Init)
    i.UART0_Init                             0x00000764   Section        0  uart.o(i.UART0_Init)
    i.UART0_OutChar                          0x000007f0   Section        0  uart.o(i.UART0_OutChar)
    i.UART1_OutChar                          0x00000808   Section        0  uart.o(i.UART1_OutChar)
    i.UART2_OutChar                          0x00000820   Section        0  uart.o(i.UART2_OutChar)
    i.UART3_OutChar                          0x00000838   Section        0  uart.o(i.UART3_OutChar)
    i.UART4_OutChar                          0x00000850   Section        0  uart.o(i.UART4_OutChar)
    i.UART5_Handler                          0x00000868   Section        0  qeitest.o(i.UART5_Handler)
    i.UART5_Init                             0x00000874   Section        0  uart.o(i.UART5_Init)
    i.UART5_OutChar                          0x00000938   Section        0  uart.o(i.UART5_OutChar)
    i.UART7_OutChar                          0x00000950   Section        0  uart.o(i.UART7_OutChar)
    i.UART_OutDec                            0x00000968   Section        0  uart.o(i.UART_OutDec)
    i.UART_OutUDec                           0x000009c8   Section        0  uart.o(i.UART_OutUDec)
    i.UART_TransmitString                    0x00000a52   Section        0  uart.o(i.UART_TransmitString)
    i.getRPM                                 0x00000ab0   Section        0  qeitest.o(i.getRPM)
    i.main                                   0x00000b14   Section        0  qeitest.o(i.main)
    i.setPWM                                 0x00000b54   Section        0  common_main.o(i.setPWM)
    i.setup                                  0x00000c0c   Section        0  common_main.o(i.setup)
    i.whileLoop                              0x00000c3c   Section        0  common_main.o(i.whileLoop)
    x$fpl$d2f                                0x00000c40   Section       98  d2f.o(x$fpl$d2f)
    x$fpl$dfltu                              0x00000ca2   Section       38  dflt_clz.o(x$fpl$dfltu)
    x$fpl$dmul                               0x00000cc8   Section      340  dmul.o(x$fpl$dmul)
    x$fpl$dnaninf                            0x00000e1c   Section      156  dnaninf.o(x$fpl$dnaninf)
    x$fpl$dretinf                            0x00000eb8   Section       12  dretinf.o(x$fpl$dretinf)
    x$fpl$fdiv                               0x00000ec4   Section      388  fdiv.o(x$fpl$fdiv)
    _fdiv1                                   0x00000ec5   Thumb Code     0  fdiv.o(x$fpl$fdiv)
    x$fpl$ffix                               0x00001048   Section       54  ffix.o(x$fpl$ffix)
    x$fpl$fflt                               0x00001080   Section       48  fflt_clz.o(x$fpl$fflt)
    x$fpl$fmul                               0x000010b0   Section      258  fmul.o(x$fpl$fmul)
    x$fpl$fnaninf                            0x000011b2   Section      140  fnaninf.o(x$fpl$fnaninf)
    x$fpl$fretinf                            0x0000123e   Section       10  fretinf.o(x$fpl$fretinf)
    x$fpl$usenofp                            0x00001248   Section        0  usenofp.o(x$fpl$usenofp)
    .bss                                     0x20000000   Section       96  libspace.o(.bss)
    HEAP                                     0x20000060   Section        0  startup_tm4c123.o(HEAP)
    STACK                                    0x20000060   Section     1024  startup_tm4c123.o(STACK)
    HeapMem                                  0x20000060   Data           0  startup_tm4c123.o(HEAP)
    StackMem                                 0x20000060   Data           0  startup_tm4c123.o(STACK)

    Global Symbols

    Symbol Name                              Value     Ov Type        Size  Object(Section)

    BuildAttributes$$THM_ISAv4$E$P$D$K$B$S$7EM$PE$A:L22UL41UL21$X:L11$S22US41US21$IEEE1$IW$USESV6$~STKCKD$USESV7$~SHL$OSPACE$ROPI$EBA8$UX$STANDARDLIB$REQ8$PRES8$EABIv2 0x00000000   Number         0  anon$$obj.o ABSOLUTE
    __ARM_use_no_argv                        0x00000000   Number         0  qeitest.o ABSOLUTE
    __Vectors                                0x00000000   Data           0  startup_tm4c123.o(RESET)
    __ARM_exceptions_init                     - Undefined Weak Reference
    __alloca_initialize                       - Undefined Weak Reference
    __arm_preinit_                            - Undefined Weak Reference
    __cpp_initialize__aeabi_                  - Undefined Weak Reference
    __cxa_finalize                            - Undefined Weak Reference
    __rt_locale                               - Undefined Weak Reference
    __sigvec_lookup                           - Undefined Weak Reference
    _atexit_init                              - Undefined Weak Reference
    _call_atexit_fns                          - Undefined Weak Reference
    _clock_init                               - Undefined Weak Reference
    _fp_trap_init                             - Undefined Weak Reference
    _fp_trap_shutdown                         - Undefined Weak Reference
    _get_lc_collate                           - Undefined Weak Reference
    _get_lc_ctype                             - Undefined Weak Reference
    _get_lc_monetary                          - Undefined Weak Reference
    _get_lc_numeric                           - Undefined Weak Reference
    _get_lc_time                              - Undefined Weak Reference
    _getenv_init                              - Undefined Weak Reference
    _handle_redirection                       - Undefined Weak Reference
    _init_alloc                               - Undefined Weak Reference
    _init_user_alloc                          - Undefined Weak Reference
    _initio                                   - Undefined Weak Reference
    _rand_init                                - Undefined Weak Reference
    _signal_finish                            - Undefined Weak Reference
    _signal_init                              - Undefined Weak Reference
    _terminate_alloc                          - Undefined Weak Reference
    _terminate_user_alloc                     - Undefined Weak Reference
    _terminateio                              - Undefined Weak Reference
    Reset_Handler                            0x0000026d   Thumb Code     0  startup_tm4c123.o(RESET)
    NMI_Handler                              0x00000271   Thumb Code     2  startup_tm4c123.o(RESET)
    HardFault_Handler                        0x00000273   Thumb Code     2  startup_tm4c123.o(RESET)
    MemManage_Handler                        0x00000275   Thumb Code     2  startup_tm4c123.o(RESET)
    BusFault_Handler                         0x00000277   Thumb Code     2  startup_tm4c123.o(RESET)
    UsageFault_Handler                       0x00000279   Thumb Code     2  startup_tm4c123.o(RESET)
    SVC_Handler                              0x0000027b   Thumb Code     2  startup_tm4c123.o(RESET)
    DebugMon_Handler                         0x0000027d   Thumb Code     2  startup_tm4c123.o(RESET)
    PendSV_Handler                           0x0000027f   Thumb Code     2  startup_tm4c123.o(RESET)
    SysTick_Handler                          0x00000281   Thumb Code     2  startup_tm4c123.o(RESET)
    ADC0Seq0_Handler                         0x00000283   Thumb Code     0  startup_tm4c123.o(RESET)
    ADC0Seq1_Handler                         0x00000283   Thumb Code     0  startup_tm4c123.o(RESET)
    ADC0Seq2_Handler                         0x00000283   Thumb Code     0  startup_tm4c123.o(RESET)
    ADC0Seq3_Handler                         0x00000283   Thumb Code     0  startup_tm4c123.o(RESET)
    ADC1Seq0_Handler                         0x00000283   Thumb Code     0  startup_tm4c123.o(RESET)
    ADC1Seq1_Handler                         0x00000283   Thumb Code     0  startup_tm4c123.o(RESET)
    ADC1Seq2_Handler                         0x00000283   Thumb Code     0  startup_tm4c123.o(RESET)
    ADC1Seq3_Handler                         0x00000283   Thumb Code     0  startup_tm4c123.o(RESET)
    CAN0_Handler                             0x00000283   Thumb Code     0  startup_tm4c123.o(RESET)
    CAN1_Handler                             0x00000283   Thumb Code     0  startup_tm4c123.o(RESET)
    CAN2_Handler                             0x00000283   Thumb Code     0  startup_tm4c123.o(RESET)
    Comp0_Handler                            0x00000283   Thumb Code     0  startup_tm4c123.o(RESET)
    Comp1_Handler                            0x00000283   Thumb Code     0  startup_tm4c123.o(RESET)
    Comp2_Handler                            0x00000283   Thumb Code     0  startup_tm4c123.o(RESET)
    Ethernet_Handler                         0x00000283   Thumb Code     0  startup_tm4c123.o(RESET)
    ExtBus_Handler                           0x00000283   Thumb Code     0  startup_tm4c123.o(RESET)
    FPU_Handler                              0x00000283   Thumb Code     0  startup_tm4c123.o(RESET)
    Fan0_Handler                             0x00000283   Thumb Code     0  startup_tm4c123.o(RESET)
    FlashCtl_Handler                         0x00000283   Thumb Code     0  startup_tm4c123.o(RESET)
    GPIOPortA_Handler                        0x00000283   Thumb Code     0  startup_tm4c123.o(RESET)
    GPIOPortB_Handler                        0x00000283   Thumb Code     0  startup_tm4c123.o(RESET)
    GPIOPortC_Handler                        0x00000283   Thumb Code     0  startup_tm4c123.o(RESET)
    GPIOPortD_Handler                        0x00000283   Thumb Code     0  startup_tm4c123.o(RESET)
    GPIOPortE_Handler                        0x00000283   Thumb Code     0  startup_tm4c123.o(RESET)
    GPIOPortF_Handler                        0x00000283   Thumb Code     0  startup_tm4c123.o(RESET)
    GPIOPortG_Handler                        0x00000283   Thumb Code     0  startup_tm4c123.o(RESET)
    GPIOPortH_Handler                        0x00000283   Thumb Code     0  startup_tm4c123.o(RESET)
    GPIOPortJ_Handler                        0x00000283   Thumb Code     0  startup_tm4c123.o(RESET)
    GPIOPortK_Handler                        0x00000283   Thumb Code     0  startup_tm4c123.o(RESET)
    GPIOPortL_Handler                        0x00000283   Thumb Code     0  startup_tm4c123.o(RESET)
    GPIOPortM_Handler                        0x00000283   Thumb Code     0  startup_tm4c123.o(RESET)
    GPIOPortN_Handler                        0x00000283   Thumb Code     0  startup_tm4c123.o(RESET)
    GPIOPortP1_Handler                       0x00000283   Thumb Code     0  startup_tm4c123.o(RESET)
    GPIOPortP2_Handler                       0x00000283   Thumb Code     0  startup_tm4c123.o(RESET)
    GPIOPortP3_Handler                       0x00000283   Thumb Code     0  startup_tm4c123.o(RESET)
    GPIOPortP4_Handler                       0x00000283   Thumb Code     0  startup_tm4c123.o(RESET)
    GPIOPortP5_Handler                       0x00000283   Thumb Code     0  startup_tm4c123.o(RESET)
    GPIOPortP6_Handler                       0x00000283   Thumb Code     0  startup_tm4c123.o(RESET)
    GPIOPortP7_Handler                       0x00000283   Thumb Code     0  startup_tm4c123.o(RESET)
    GPIOPortP_Handler                        0x00000283   Thumb Code     0  startup_tm4c123.o(RESET)
    GPIOPortQ1_Handler                       0x00000283   Thumb Code     0  startup_tm4c123.o(RESET)
    GPIOPortQ2_Handler                       0x00000283   Thumb Code     0  startup_tm4c123.o(RESET)
    GPIOPortQ3_Handler                       0x00000283   Thumb Code     0  startup_tm4c123.o(RESET)
    GPIOPortQ4_Handler                       0x00000283   Thumb Code     0  startup_tm4c123.o(RESET)
    GPIOPortQ5_Handler                       0x00000283   Thumb Code     0  startup_tm4c123.o(RESET)
    GPIOPortQ6_Handler                       0x00000283   Thumb Code     0  startup_tm4c123.o(RESET)
    GPIOPortQ7_Handler                       0x00000283   Thumb Code     0  startup_tm4c123.o(RESET)
    GPIOPortQ_Handler                        0x00000283   Thumb Code     0  startup_tm4c123.o(RESET)
    GPIOPortR_Handler                        0x00000283   Thumb Code     0  startup_tm4c123.o(RESET)
    GPIOPortS_Handler                        0x00000283   Thumb Code     0  startup_tm4c123.o(RESET)
    Hibernate_Handler                        0x00000283   Thumb Code     0  startup_tm4c123.o(RESET)
    I2C0_Handler                             0x00000283   Thumb Code     0  startup_tm4c123.o(RESET)
    I2C1_Handler                             0x00000283   Thumb Code     0  startup_tm4c123.o(RESET)
    I2C2_Handler                             0x00000283   Thumb Code     0  startup_tm4c123.o(RESET)
    I2C3_Handler                             0x00000283   Thumb Code     0  startup_tm4c123.o(RESET)
    I2C4_Handler                             0x00000283   Thumb Code     0  startup_tm4c123.o(RESET)
    I2C5_Handler                             0x00000283   Thumb Code     0  startup_tm4c123.o(RESET)
    I2S0_Handler                             0x00000283   Thumb Code     0  startup_tm4c123.o(RESET)
    LPC0_Handler                             0x00000283   Thumb Code     0  startup_tm4c123.o(RESET)
    PECI0_Handler                            0x00000283   Thumb Code     0  startup_tm4c123.o(RESET)
    PWM0Fault_Handler                        0x00000283   Thumb Code     0  startup_tm4c123.o(RESET)
    PWM0Generator0_Handler                   0x00000283   Thumb Code     0  startup_tm4c123.o(RESET)
    PWM0Generator1_Handler                   0x00000283   Thumb Code     0  startup_tm4c123.o(RESET)
    PWM0Generator2_Handler                   0x00000283   Thumb Code     0  startup_tm4c123.o(RESET)
    PWM0Generator3_Handler                   0x00000283   Thumb Code     0  startup_tm4c123.o(RESET)
    PWM1Fault_Handler                        0x00000283   Thumb Code     0  startup_tm4c123.o(RESET)
    PWM1Generator0_Handler                   0x00000283   Thumb Code     0  startup_tm4c123.o(RESET)
    PWM1Generator1_Handler                   0x00000283   Thumb Code     0  startup_tm4c123.o(RESET)
    PWM1Generator2_Handler                   0x00000283   Thumb Code     0  startup_tm4c123.o(RESET)
    PWM1Generator3_Handler                   0x00000283   Thumb Code     0  startup_tm4c123.o(RESET)
    Quadrature0_Handler                      0x00000283   Thumb Code     0  startup_tm4c123.o(RESET)
    Quadrature1_Handler                      0x00000283   Thumb Code     0  startup_tm4c123.o(RESET)
    Quadrature2_Handler                      0x00000283   Thumb Code     0  startup_tm4c123.o(RESET)
    SSI0_Handler                             0x00000283   Thumb Code     0  startup_tm4c123.o(RESET)
    SSI1_Handler                             0x00000283   Thumb Code     0  startup_tm4c123.o(RESET)
    SSI2_Handler                             0x00000283   Thumb Code     0  startup_tm4c123.o(RESET)
    SSI3_Handler                             0x00000283   Thumb Code     0  startup_tm4c123.o(RESET)
    SysCtl_Handler                           0x00000283   Thumb Code     0  startup_tm4c123.o(RESET)
    Timer0B_Handler                          0x00000283   Thumb Code     0  startup_tm4c123.o(RESET)
    Timer1A_Handler                          0x00000283   Thumb Code     0  startup_tm4c123.o(RESET)
    Timer1B_Handler                          0x00000283   Thumb Code     0  startup_tm4c123.o(RESET)
    Timer2A_Handler                          0x00000283   Thumb Code     0  startup_tm4c123.o(RESET)
    Timer2B_Handler                          0x00000283   Thumb Code     0  startup_tm4c123.o(RESET)
    Timer3A_Handler                          0x00000283   Thumb Code     0  startup_tm4c123.o(RESET)
    Timer3B_Handler                          0x00000283   Thumb Code     0  startup_tm4c123.o(RESET)
    Timer4A_Handler                          0x00000283   Thumb Code     0  startup_tm4c123.o(RESET)
    Timer4B_Handler                          0x00000283   Thumb Code     0  startup_tm4c123.o(RESET)
    Timer5A_Handler                          0x00000283   Thumb Code     0  startup_tm4c123.o(RESET)
    Timer5B_Handler                          0x00000283   Thumb Code     0  startup_tm4c123.o(RESET)
    UART0_Handler                            0x00000283   Thumb Code     0  startup_tm4c123.o(RESET)
    UART1_Handler                            0x00000283   Thumb Code     0  startup_tm4c123.o(RESET)
    UART2_Handler                            0x00000283   Thumb Code     0  startup_tm4c123.o(RESET)
    UART3_Handler                            0x00000283   Thumb Code     0  startup_tm4c123.o(RESET)
    UART4_Handler                            0x00000283   Thumb Code     0  startup_tm4c123.o(RESET)
    UART6_Handler                            0x00000283   Thumb Code     0  startup_tm4c123.o(RESET)
    UART7_Handler                            0x00000283   Thumb Code     0  startup_tm4c123.o(RESET)
    USB0_Handler                             0x00000283   Thumb Code     0  startup_tm4c123.o(RESET)
    WDT_Handler                              0x00000283   Thumb Code     0  startup_tm4c123.o(RESET)
    WideTimer0A_Handler                      0x00000283   Thumb Code     0  startup_tm4c123.o(RESET)
    WideTimer0B_Handler                      0x00000283   Thumb Code     0  startup_tm4c123.o(RESET)
    WideTimer1A_Handler                      0x00000283   Thumb Code     0  startup_tm4c123.o(RESET)
    WideTimer1B_Handler                      0x00000283   Thumb Code     0  startup_tm4c123.o(RESET)
    WideTimer2A_Handler                      0x00000283   Thumb Code     0  startup_tm4c123.o(RESET)
    WideTimer2B_Handler                      0x00000283   Thumb Code     0  startup_tm4c123.o(RESET)
    WideTimer3A_Handler                      0x00000283   Thumb Code     0  startup_tm4c123.o(RESET)
    WideTimer3B_Handler                      0x00000283   Thumb Code     0  startup_tm4c123.o(RESET)
    WideTimer4A_Handler                      0x00000283   Thumb Code     0  startup_tm4c123.o(RESET)
    WideTimer4B_Handler                      0x00000283   Thumb Code     0  startup_tm4c123.o(RESET)
    WideTimer5A_Handler                      0x00000283   Thumb Code     0  startup_tm4c123.o(RESET)
    WideTimer5B_Handler                      0x00000283   Thumb Code     0  startup_tm4c123.o(RESET)
    uDMA_Error                               0x00000283   Thumb Code     0  startup_tm4c123.o(RESET)
    uDMA_Handler                             0x00000283   Thumb Code     0  startup_tm4c123.o(RESET)
    __main                                   0x00000285   Thumb Code     8  __main.o(!!!main)
    __scatterload                            0x0000028d   Thumb Code     0  __scatter.o(!!!scatter)
    __scatterload_rt2                        0x0000028d   Thumb Code    44  __scatter.o(!!!scatter)
    __scatterload_rt2_thumb_only             0x0000028d   Thumb Code     0  __scatter.o(!!!scatter)
    __scatterload_null                       0x0000029b   Thumb Code     0  __scatter.o(!!!scatter)
    __scatterload_zeroinit                   0x000002c1   Thumb Code    28  __scatter_zi.o(!!handler_zi)
    __rt_lib_init                            0x000002dd   Thumb Code     0  libinit.o(.ARM.Collect$$libinit$$00000000)
    __rt_lib_init_alloca_1                   0x000002df   Thumb Code     0  libinit2.o(.ARM.Collect$$libinit$$0000002E)
    __rt_lib_init_argv_1                     0x000002df   Thumb Code     0  libinit2.o(.ARM.Collect$$libinit$$0000002C)
    __rt_lib_init_atexit_1                   0x000002df   Thumb Code     0  libinit2.o(.ARM.Collect$$libinit$$0000001B)
    __rt_lib_init_clock_1                    0x000002df   Thumb Code     0  libinit2.o(.ARM.Collect$$libinit$$00000021)
    __rt_lib_init_cpp_1                      0x000002df   Thumb Code     0  libinit2.o(.ARM.Collect$$libinit$$00000032)
    __rt_lib_init_exceptions_1               0x000002df   Thumb Code     0  libinit2.o(.ARM.Collect$$libinit$$00000030)
    __rt_lib_init_fp_1                       0x000002df   Thumb Code     0  libinit2.o(.ARM.Collect$$libinit$$00000002)
    __rt_lib_init_fp_trap_1                  0x000002df   Thumb Code     0  libinit2.o(.ARM.Collect$$libinit$$0000001F)
    __rt_lib_init_getenv_1                   0x000002df   Thumb Code     0  libinit2.o(.ARM.Collect$$libinit$$00000023)
    __rt_lib_init_heap_1                     0x000002df   Thumb Code     0  libinit2.o(.ARM.Collect$$libinit$$0000000A)
    __rt_lib_init_lc_collate_1               0x000002df   Thumb Code     0  libinit2.o(.ARM.Collect$$libinit$$00000011)
    __rt_lib_init_lc_ctype_1                 0x000002df   Thumb Code     0  libinit2.o(.ARM.Collect$$libinit$$00000013)
    __rt_lib_init_lc_monetary_1              0x000002df   Thumb Code     0  libinit2.o(.ARM.Collect$$libinit$$00000015)
    __rt_lib_init_lc_numeric_1               0x000002df   Thumb Code     0  libinit2.o(.ARM.Collect$$libinit$$00000017)
    __rt_lib_init_lc_time_1                  0x000002df   Thumb Code     0  libinit2.o(.ARM.Collect$$libinit$$00000019)
    __rt_lib_init_preinit_1                  0x000002df   Thumb Code     0  libinit2.o(.ARM.Collect$$libinit$$00000004)
    __rt_lib_init_rand_1                     0x000002df   Thumb Code     0  libinit2.o(.ARM.Collect$$libinit$$0000000E)
    __rt_lib_init_return                     0x000002df   Thumb Code     0  libinit2.o(.ARM.Collect$$libinit$$00000033)
    __rt_lib_init_signal_1                   0x000002df   Thumb Code     0  libinit2.o(.ARM.Collect$$libinit$$0000001D)
    __rt_lib_init_stdio_1                    0x000002df   Thumb Code     0  libinit2.o(.ARM.Collect$$libinit$$00000025)
    __rt_lib_init_user_alloc_1               0x000002df   Thumb Code     0  libinit2.o(.ARM.Collect$$libinit$$0000000C)
    __rt_lib_shutdown                        0x000002e1   Thumb Code     0  libshutdown.o(.ARM.Collect$$libshutdown$$00000000)
    __rt_lib_shutdown_cpp_1                  0x000002e3   Thumb Code     0  libshutdown2.o(.ARM.Collect$$libshutdown$$00000002)
    __rt_lib_shutdown_fp_trap_1              0x000002e3   Thumb Code     0  libshutdown2.o(.ARM.Collect$$libshutdown$$00000007)
    __rt_lib_shutdown_heap_1                 0x000002e3   Thumb Code     0  libshutdown2.o(.ARM.Collect$$libshutdown$$0000000F)
    __rt_lib_shutdown_return                 0x000002e3   Thumb Code     0  libshutdown2.o(.ARM.Collect$$libshutdown$$00000010)
    __rt_lib_shutdown_signal_1               0x000002e3   Thumb Code     0  libshutdown2.o(.ARM.Collect$$libshutdown$$0000000A)
    __rt_lib_shutdown_stdio_1                0x000002e3   Thumb Code     0  libshutdown2.o(.ARM.Collect$$libshutdown$$00000004)
    __rt_lib_shutdown_user_alloc_1           0x000002e3   Thumb Code     0  libshutdown2.o(.ARM.Collect$$libshutdown$$0000000C)
    __rt_entry                               0x000002e5   Thumb Code     0  __rtentry.o(.ARM.Collect$$rtentry$$00000000)
    __rt_entry_presh_1                       0x000002e5   Thumb Code     0  __rtentry2.o(.ARM.Collect$$rtentry$$00000002)
    __rt_entry_sh                            0x000002e5   Thumb Code     0  __rtentry4.o(.ARM.Collect$$rtentry$$00000004)
    __rt_entry_li                            0x000002eb   Thumb Code     0  __rtentry2.o(.ARM.Collect$$rtentry$$0000000A)
    __rt_entry_postsh_1                      0x000002eb   Thumb Code     0  __rtentry2.o(.ARM.Collect$$rtentry$$00000009)
    __rt_entry_main                          0x000002ef   Thumb Code     0  __rtentry2.o(.ARM.Collect$$rtentry$$0000000D)
    __rt_entry_postli_1                      0x000002ef   Thumb Code     0  __rtentry2.o(.ARM.Collect$$rtentry$$0000000C)
    __rt_exit                                0x000002f7   Thumb Code     0  rtexit.o(.ARM.Collect$$rtexit$$00000000)
    __rt_exit_ls                             0x000002f9   Thumb Code     0  rtexit2.o(.ARM.Collect$$rtexit$$00000003)
    __rt_exit_prels_1                        0x000002f9   Thumb Code     0  rtexit2.o(.ARM.Collect$$rtexit$$00000002)
    __rt_exit_exit                           0x000002fd   Thumb Code     0  rtexit2.o(.ARM.Collect$$rtexit$$00000004)
    DisableInterrupts                        0x00000305   Thumb Code     0  startup_tm4c123.o(.text)
    EnableInterrupts                         0x00000309   Thumb Code     0  startup_tm4c123.o(.text)
    StartCritical                            0x0000030d   Thumb Code     0  startup_tm4c123.o(.text)
    EndCritical                              0x00000315   Thumb Code     0  startup_tm4c123.o(.text)
    WaitForInterrupt                         0x0000031b   Thumb Code     0  startup_tm4c123.o(.text)
    __user_initial_stackheap                 0x0000031f   Thumb Code     0  startup_tm4c123.o(.text)
    __use_two_region_memory                  0x00000335   Thumb Code     2  heapauxi.o(.text)
    __rt_heap_escrow$2region                 0x00000337   Thumb Code     2  heapauxi.o(.text)
    __rt_heap_expand$2region                 0x00000339   Thumb Code     2  heapauxi.o(.text)
    __user_setup_stackheap                   0x0000033b   Thumb Code    74  sys_stackheap_outer.o(.text)
    exit                                     0x00000385   Thumb Code    18  exit.o(.text)
    __user_libspace                          0x00000399   Thumb Code     8  libspace.o(.text)
    __user_perproc_libspace                  0x00000399   Thumb Code     0  libspace.o(.text)
    __user_perthread_libspace                0x00000399   Thumb Code     0  libspace.o(.text)
    _sys_exit                                0x000003a1   Thumb Code     8  sys_exit.o(.text)
    __I$use$semihosting                      0x000003ad   Thumb Code     0  use_no_semi.o(.text)
    __use_no_semihosting_swi                 0x000003ad   Thumb Code     2  use_no_semi.o(.text)
    __semihosting_library_function           0x000003af   Thumb Code     0  indicate_semi.o(.text)
    PLL_Init                                 0x000003b1   Thumb Code   120  pll.o(i.PLL_Init)
    PWM_Init                                 0x0000042d   Thumb Code   378  init.o(i.PWM_Init)
    PortF_Init                               0x000005d5   Thumb Code    76  init.o(i.PortF_Init)
    QEI1_Init                                0x00000635   Thumb Code   124  init.o(i.QEI1_Init)
    SysTick_Init                             0x000006cd   Thumb Code    14  systick.o(i.SysTick_Init)
    Timer0A_Handler                          0x000006dd   Thumb Code    36  qeitest.o(i.Timer0A_Handler)
    Timer0_Init                              0x00000705   Thumb Code    78  init.o(i.Timer0_Init)
    UART0_Init                               0x00000765   Thumb Code   116  uart.o(i.UART0_Init)
    UART0_OutChar                            0x000007f1   Thumb Code    20  uart.o(i.UART0_OutChar)
    UART1_OutChar                            0x00000809   Thumb Code    20  uart.o(i.UART1_OutChar)
    UART2_OutChar                            0x00000821   Thumb Code    20  uart.o(i.UART2_OutChar)
    UART3_OutChar                            0x00000839   Thumb Code    20  uart.o(i.UART3_OutChar)
    UART4_OutChar                            0x00000851   Thumb Code    20  uart.o(i.UART4_OutChar)
    UART5_Handler                            0x00000869   Thumb Code     8  qeitest.o(i.UART5_Handler)
    UART5_Init                               0x00000875   Thumb Code   166  uart.o(i.UART5_Init)
    UART5_OutChar                            0x00000939   Thumb Code    20  uart.o(i.UART5_OutChar)
    UART7_OutChar                            0x00000951   Thumb Code    20  uart.o(i.UART7_OutChar)
    UART_OutDec                              0x00000969   Thumb Code    96  uart.o(i.UART_OutDec)
    UART_OutUDec                             0x000009c9   Thumb Code   138  uart.o(i.UART_OutUDec)
    UART_TransmitString                      0x00000a53   Thumb Code    92  uart.o(i.UART_TransmitString)
    getRPM                                   0x00000ab1   Thumb Code    84  qeitest.o(i.getRPM)
    main                                     0x00000b15   Thumb Code    40  qeitest.o(i.main)
    setPWM                                   0x00000b55   Thumb Code   172  common_main.o(i.setPWM)
    setup                                    0x00000c0d   Thumb Code    48  common_main.o(i.setup)
    whileLoop                                0x00000c3d   Thumb Code     2  common_main.o(i.whileLoop)
    __aeabi_d2f                              0x00000c41   Thumb Code     0  d2f.o(x$fpl$d2f)
    _d2f                                     0x00000c41   Thumb Code    98  d2f.o(x$fpl$d2f)
    __aeabi_ui2d                             0x00000ca3   Thumb Code     0  dflt_clz.o(x$fpl$dfltu)
    _dfltu                                   0x00000ca3   Thumb Code    38  dflt_clz.o(x$fpl$dfltu)
    __aeabi_dmul                             0x00000cc9   Thumb Code     0  dmul.o(x$fpl$dmul)
    _dmul                                    0x00000cc9   Thumb Code   332  dmul.o(x$fpl$dmul)
    __fpl_dnaninf                            0x00000e1d   Thumb Code   156  dnaninf.o(x$fpl$dnaninf)
    __fpl_dretinf                            0x00000eb9   Thumb Code    12  dretinf.o(x$fpl$dretinf)
    __aeabi_fdiv                             0x00000ec5   Thumb Code     0  fdiv.o(x$fpl$fdiv)
    _fdiv                                    0x00000ec5   Thumb Code   384  fdiv.o(x$fpl$fdiv)
    __aeabi_f2iz                             0x00001049   Thumb Code     0  ffix.o(x$fpl$ffix)
    _ffix                                    0x00001049   Thumb Code    54  ffix.o(x$fpl$ffix)
    __aeabi_i2f                              0x00001081   Thumb Code     0  fflt_clz.o(x$fpl$fflt)
    _fflt                                    0x00001081   Thumb Code    48  fflt_clz.o(x$fpl$fflt)
    __aeabi_fmul                             0x000010b1   Thumb Code     0  fmul.o(x$fpl$fmul)
    _fmul                                    0x000010b1   Thumb Code   258  fmul.o(x$fpl$fmul)
    __fpl_fnaninf                            0x000011b3   Thumb Code   140  fnaninf.o(x$fpl$fnaninf)
    __fpl_fretinf                            0x0000123f   Thumb Code    10  fretinf.o(x$fpl$fretinf)
    Region$$Table$$Base                      0x00001248   Number         0  anon$$obj.o(Region$$Table)
    __I$use$fp                               0x00001248   Number         0  usenofp.o(x$fpl$usenofp)
    Region$$Table$$Limit                     0x00001258   Number         0  anon$$obj.o(Region$$Table)
    __libspace_start                         0x20000000   Data          96  libspace.o(.bss)
    __temporary_stack_top$libspace           0x20000060   Data           0  libspace.o(.bss)



==============================================================================

Memory Map of the image

  Image Entry point : 0x0000026d

  Load Region LR_1 (Base: 0x00000000, Size: 0x00001258, Max: 0xffffffff, ABSOLUTE)

    Execution Region ER_RO (Base: 0x00000000, Size: 0x00001258, Max: 0xffffffff, ABSOLUTE)

    Base Addr    Size         Type   Attr      Idx    E Section Name        Object

    0x00000000   0x00000284   Code   RO          117  * RESET               startup_tm4c123.o
    0x00000284   0x00000008   Code   RO          568  * !!!main             c_w.l(__main.o)
    0x0000028c   0x00000034   Code   RO          776    !!!scatter          c_w.l(__scatter.o)
    0x000002c0   0x0000001c   Code   RO          778    !!handler_zi        c_w.l(__scatter_zi.o)
    0x000002dc   0x00000002   Code   RO          646    .ARM.Collect$$libinit$$00000000  c_w.l(libinit.o)
    0x000002de   0x00000000   Code   RO          653    .ARM.Collect$$libinit$$00000002  c_w.l(libinit2.o)
    0x000002de   0x00000000   Code   RO          655    .ARM.Collect$$libinit$$00000004  c_w.l(libinit2.o)
    0x000002de   0x00000000   Code   RO          658    .ARM.Collect$$libinit$$0000000A  c_w.l(libinit2.o)
    0x000002de   0x00000000   Code   RO          660    .ARM.Collect$$libinit$$0000000C  c_w.l(libinit2.o)
    0x000002de   0x00000000   Code   RO          662    .ARM.Collect$$libinit$$0000000E  c_w.l(libinit2.o)
    0x000002de   0x00000000   Code   RO          665    .ARM.Collect$$libinit$$00000011  c_w.l(libinit2.o)
    0x000002de   0x00000000   Code   RO          667    .ARM.Collect$$libinit$$00000013  c_w.l(libinit2.o)
    0x000002de   0x00000000   Code   RO          669    .ARM.Collect$$libinit$$00000015  c_w.l(libinit2.o)
    0x000002de   0x00000000   Code   RO          671    .ARM.Collect$$libinit$$00000017  c_w.l(libinit2.o)
    0x000002de   0x00000000   Code   RO          673    .ARM.Collect$$libinit$$00000019  c_w.l(libinit2.o)
    0x000002de   0x00000000   Code   RO          675    .ARM.Collect$$libinit$$0000001B  c_w.l(libinit2.o)
    0x000002de   0x00000000   Code   RO          677    .ARM.Collect$$libinit$$0000001D  c_w.l(libinit2.o)
    0x000002de   0x00000000   Code   RO          679    .ARM.Collect$$libinit$$0000001F  c_w.l(libinit2.o)
    0x000002de   0x00000000   Code   RO          681    .ARM.Collect$$libinit$$00000021  c_w.l(libinit2.o)
    0x000002de   0x00000000   Code   RO          683    .ARM.Collect$$libinit$$00000023  c_w.l(libinit2.o)
    0x000002de   0x00000000   Code   RO          685    .ARM.Collect$$libinit$$00000025  c_w.l(libinit2.o)
    0x000002de   0x00000000   Code   RO          689    .ARM.Collect$$libinit$$0000002C  c_w.l(libinit2.o)
    0x000002de   0x00000000   Code   RO          691    .ARM.Collect$$libinit$$0000002E  c_w.l(libinit2.o)
    0x000002de   0x00000000   Code   RO          693    .ARM.Collect$$libinit$$00000030  c_w.l(libinit2.o)
    0x000002de   0x00000000   Code   RO          695    .ARM.Collect$$libinit$$00000032  c_w.l(libinit2.o)
    0x000002de   0x00000002   Code   RO          696    .ARM.Collect$$libinit$$00000033  c_w.l(libinit2.o)
    0x000002e0   0x00000002   Code   RO          716    .ARM.Collect$$libshutdown$$00000000  c_w.l(libshutdown.o)
    0x000002e2   0x00000000   Code   RO          729    .ARM.Collect$$libshutdown$$00000002  c_w.l(libshutdown2.o)
    0x000002e2   0x00000000   Code   RO          731    .ARM.Collect$$libshutdown$$00000004  c_w.l(libshutdown2.o)
    0x000002e2   0x00000000   Code   RO          734    .ARM.Collect$$libshutdown$$00000007  c_w.l(libshutdown2.o)
    0x000002e2   0x00000000   Code   RO          737    .ARM.Collect$$libshutdown$$0000000A  c_w.l(libshutdown2.o)
    0x000002e2   0x00000000   Code   RO          739    .ARM.Collect$$libshutdown$$0000000C  c_w.l(libshutdown2.o)
    0x000002e2   0x00000000   Code   RO          742    .ARM.Collect$$libshutdown$$0000000F  c_w.l(libshutdown2.o)
    0x000002e2   0x00000002   Code   RO          743    .ARM.Collect$$libshutdown$$00000010  c_w.l(libshutdown2.o)
    0x000002e4   0x00000000   Code   RO          610    .ARM.Collect$$rtentry$$00000000  c_w.l(__rtentry.o)
    0x000002e4   0x00000000   Code   RO          623    .ARM.Collect$$rtentry$$00000002  c_w.l(__rtentry2.o)
    0x000002e4   0x00000006   Code   RO          635    .ARM.Collect$$rtentry$$00000004  c_w.l(__rtentry4.o)
    0x000002ea   0x00000000   Code   RO          625    .ARM.Collect$$rtentry$$00000009  c_w.l(__rtentry2.o)
    0x000002ea   0x00000004   Code   RO          626    .ARM.Collect$$rtentry$$0000000A  c_w.l(__rtentry2.o)
    0x000002ee   0x00000000   Code   RO          628    .ARM.Collect$$rtentry$$0000000C  c_w.l(__rtentry2.o)
    0x000002ee   0x00000008   Code   RO          629    .ARM.Collect$$rtentry$$0000000D  c_w.l(__rtentry2.o)
    0x000002f6   0x00000002   Code   RO          650    .ARM.Collect$$rtexit$$00000000  c_w.l(rtexit.o)
    0x000002f8   0x00000000   Code   RO          698    .ARM.Collect$$rtexit$$00000002  c_w.l(rtexit2.o)
    0x000002f8   0x00000004   Code   RO          699    .ARM.Collect$$rtexit$$00000003  c_w.l(rtexit2.o)
    0x000002fc   0x00000006   Code   RO          700    .ARM.Collect$$rtexit$$00000004  c_w.l(rtexit2.o)
    0x00000302   0x00000002   PAD
    0x00000304   0x00000030   Code   RO          118    .text               startup_tm4c123.o
    0x00000334   0x00000006   Code   RO          566    .text               c_w.l(heapauxi.o)
    0x0000033a   0x0000004a   Code   RO          637    .text               c_w.l(sys_stackheap_outer.o)
    0x00000384   0x00000012   Code   RO          639    .text               c_w.l(exit.o)
    0x00000396   0x00000002   PAD
    0x00000398   0x00000008   Code   RO          647    .text               c_w.l(libspace.o)
    0x000003a0   0x0000000c   Code   RO          708    .text               c_w.l(sys_exit.o)
    0x000003ac   0x00000002   Code   RO          719    .text               c_w.l(use_no_semi.o)
    0x000003ae   0x00000000   Code   RO          721    .text               c_w.l(indicate_semi.o)
    0x000003ae   0x00000002   PAD
    0x000003b0   0x0000007c   Code   RO          100    i.PLL_Init          pll.o
    0x0000042c   0x000001a8   Code   RO          377    i.PWM_Init          init.o
    0x000005d4   0x00000060   Code   RO          378    i.PortF_Init        init.o
    0x00000634   0x00000098   Code   RO          380    i.QEI1_Init         init.o
    0x000006cc   0x0000000e   Code   RO          124    i.SysTick_Init      systick.o
    0x000006da   0x00000002   PAD
    0x000006dc   0x00000028   Code   RO            4    i.Timer0A_Handler   qeitest.o
    0x00000704   0x00000060   Code   RO          381    i.Timer0_Init       init.o
    0x00000764   0x0000008c   Code   RO          155    i.UART0_Init        uart.o
    0x000007f0   0x00000018   Code   RO          156    i.UART0_OutChar     uart.o
    0x00000808   0x00000018   Code   RO          160    i.UART1_OutChar     uart.o
    0x00000820   0x00000018   Code   RO          164    i.UART2_OutChar     uart.o
    0x00000838   0x00000018   Code   RO          168    i.UART3_OutChar     uart.o
    0x00000850   0x00000018   Code   RO          172    i.UART4_OutChar     uart.o
    0x00000868   0x0000000c   Code   RO            5    i.UART5_Handler     qeitest.o
    0x00000874   0x000000c4   Code   RO          175    i.UART5_Init        uart.o
    0x00000938   0x00000018   Code   RO          176    i.UART5_OutChar     uart.o
    0x00000950   0x00000018   Code   RO          180    i.UART7_OutChar     uart.o
    0x00000968   0x00000060   Code   RO          181    i.UART_OutDec       uart.o
    0x000009c8   0x0000008a   Code   RO          182    i.UART_OutUDec      uart.o
    0x00000a52   0x0000005c   Code   RO          183    i.UART_TransmitString  uart.o
    0x00000aae   0x00000002   PAD
    0x00000ab0   0x00000064   Code   RO            6    i.getRPM            qeitest.o
    0x00000b14   0x00000040   Code   RO            7    i.main              qeitest.o
    0x00000b54   0x000000b8   Code   RO          467    i.setPWM            common_main.o
    0x00000c0c   0x00000030   Code   RO          468    i.setup             common_main.o
    0x00000c3c   0x00000002   Code   RO          471    i.whileLoop         common_main.o
    0x00000c3e   0x00000002   PAD
    0x00000c40   0x00000062   Code   RO          570    x$fpl$d2f           fz_ws.l(d2f.o)
    0x00000ca2   0x00000026   Code   RO          576    x$fpl$dfltu         fz_ws.l(dflt_clz.o)
    0x00000cc8   0x00000154   Code   RO          582    x$fpl$dmul          fz_ws.l(dmul.o)
    0x00000e1c   0x0000009c   Code   RO          611    x$fpl$dnaninf       fz_ws.l(dnaninf.o)
    0x00000eb8   0x0000000c   Code   RO          613    x$fpl$dretinf       fz_ws.l(dretinf.o)
    0x00000ec4   0x00000184   Code   RO          591    x$fpl$fdiv          fz_ws.l(fdiv.o)
    0x00001048   0x00000036   Code   RO          594    x$fpl$ffix          fz_ws.l(ffix.o)
    0x0000107e   0x00000002   PAD
    0x00001080   0x00000030   Code   RO          599    x$fpl$fflt          fz_ws.l(fflt_clz.o)
    0x000010b0   0x00000102   Code   RO          606    x$fpl$fmul          fz_ws.l(fmul.o)
    0x000011b2   0x0000008c   Code   RO          617    x$fpl$fnaninf       fz_ws.l(fnaninf.o)
    0x0000123e   0x0000000a   Code   RO          619    x$fpl$fretinf       fz_ws.l(fretinf.o)
    0x00001248   0x00000000   Code   RO          621    x$fpl$usenofp       fz_ws.l(usenofp.o)
    0x00001248   0x00000010   Data   RO          774    Region$$Table       anon$$obj.o


    Execution Region ER_RW (Base: 0x20000000, Size: 0x00000000, Max: 0xffffffff, ABSOLUTE)

    **** No section assigned to this execution region ****


    Execution Region ER_ZI (Base: 0x20000000, Size: 0x00000460, Max: 0xffffffff, ABSOLUTE)

    Base Addr    Size         Type   Attr      Idx    E Section Name        Object

    0x20000000   0x00000060   Zero   RW          648    .bss                c_w.l(libspace.o)
    0x20000060   0x00000000   Zero   RW          116    HEAP                startup_tm4c123.o
    0x20000060   0x00000400   Zero   RW          115    STACK               startup_tm4c123.o


==============================================================================

Image component sizes


      Code (inc. data)   RO Data    RW Data    ZI Data      Debug   Object Name

       234         12          0          0          0       1505   common_main.o
       768        112          0          0          0       2090   init.o
       124          4          0          0          0        467   pll.o
       216         48          0          0          0       3294   qeitest.o
       692        632          0          0       1024       1080   startup_tm4c123.o
        14          0          0          0          0        439   systick.o
       830        106          0          0          0       6261   uart.o

    ----------------------------------------------------------------------
      2884        914         16          0       1024      15136   Object Totals
         0          0         16          0          0          0   (incl. Generated)
         6          0          0          0          0          0   (incl. Padding)

    ----------------------------------------------------------------------

      Code (inc. data)   RO Data    RW Data    ZI Data      Debug   Library Member Name

         8          0          0          0          0         68   __main.o
         0          0          0          0          0          0   __rtentry.o
        12          0          0          0          0          0   __rtentry2.o
         6          0          0          0          0          0   __rtentry4.o
        52          8          0          0          0          0   __scatter.o
        28          0          0          0          0          0   __scatter_zi.o
        18          0          0          0          0         80   exit.o
         6          0          0          0          0        152   heapauxi.o
         0          0          0          0          0          0   indicate_semi.o
         2          0          0          0          0          0   libinit.o
         2          0          0          0          0          0   libinit2.o
         2          0          0          0          0          0   libshutdown.o
         2          0          0          0          0          0   libshutdown2.o
         8          4          0          0         96         68   libspace.o
         2          0          0          0          0          0   rtexit.o
        10          0          0          0          0          0   rtexit2.o
        12          4          0          0          0         68   sys_exit.o
        74          0          0          0          0         80   sys_stackheap_outer.o
         2          0          0          0          0         68   use_no_semi.o
        98          4          0          0          0         92   d2f.o
        38          0          0          0          0         68   dflt_clz.o
       340         12          0          0          0        104   dmul.o
       156          4          0          0          0         92   dnaninf.o
        12          0          0          0          0         68   dretinf.o
       388         76          0          0          0         96   fdiv.o
        54          4          0          0          0         84   ffix.o
        48          0          0          0          0         68   fflt_clz.o
       258          4          0          0          0         84   fmul.o
       140          4          0          0          0         84   fnaninf.o
        10          0          0          0          0         68   fretinf.o
         0          0          0          0          0          0   usenofp.o

    ----------------------------------------------------------------------
      1796        124          0          0         96       1492   Library Totals
         8          0          0          0          0          0   (incl. Padding)

    ----------------------------------------------------------------------

      Code (inc. data)   RO Data    RW Data    ZI Data      Debug   Library Name

       246         16          0          0         96        584   c_w.l
      1542        108          0          0          0        908   fz_ws.l

    ----------------------------------------------------------------------
      1796        124          0          0         96       1492   Library Totals

    ----------------------------------------------------------------------

==============================================================================


      Code (inc. data)   RO Data    RW Data    ZI Data      Debug   

      4680       1038         16          0       1120      14788   Grand Totals
      4680       1038         16          0       1120      14788   ELF Image Totals
      4680       1038         16          0          0          0   ROM Totals

==============================================================================

    Total RO  Size (Code + RO Data)                 4696 (   4.59kB)
    Total RW  Size (RW Data + ZI Data)              1120 (   1.09kB)
    Total ROM Size (Code + RO Data + RW Data)       4696 (   4.59kB)

==============================================================================

