<html>
<body>
<pre>
<h1>µVision Build Log</h1>
<h2>Tool Versions:</h2>
IDE-Version: µVision V5.16a
Copyright (C) 2015 ARM Ltd and ARM Germany GmbH. All rights reserved.
License Information: Aniket Sharma, SVNIT, LIC=----
 
Tool Versions:
Toolchain:       MDK-Lite  Version: 5.16a
Toolchain Path:  C:\Keil_v5\ARM\ARMCC\Bin
C Compiler:      Armcc.exe V5.06 (build 20)
Assembler:       Armasm.exe V5.06 (build 20)
Linker/Locator:  ArmLink.exe V5.06 (build 20)
Library Manager: ArmAr.exe V5.06 (build 20)
Hex Converter:   FromElf.exe V5.06 (build 20)
CPU DLL:         SARMCM3.DLL V5.16a
Dialog DLL:      DCM.DLL V1.13.2.0
Target DLL:      lmidk-agdi.dll V???
Dialog DLL:      TCM.DLL V1.14.5.0
 
<h2>Project:</h2>
C:\Users\Aniket\Google Drive\Robocon 2016\Tiva_For_Robocon\New Layout(30-1-16)\Hybrid_Right\Hybrid_Right.uvprojx
Project File Date:  06/13/2016

<h2>Output:</h2>
*** Using Compiler 'V5.06 (build 20)', folder: 'C:\Keil_v5\ARM\ARMCC\Bin'
Rebuild target 'Target 1'
assembling startup_TM4C123.s...
compiling PLL.c...
compiling SysTick.c...
compiling init.c...
compiling UART.c...
compiling qeiTest.c...
qeiTest.c(38): warning:  #1-D: last line of file ends without a newline
  }
qeiTest.c: 1 warning, 0 errors
compiling pidController.c...
compiling common_main.c...
..\Common\common_main.c(340): warning:  #177-D: variable "i" was declared but never referenced
  	int i;
..\Common\common_main.c: 1 warning, 0 errors
linking...
Program Size: Code=4680 RO-data=16 RW-data=0 ZI-data=1120  
".\Objects\Hybrid_Right.axf" - 0 Error(s), 2 Warning(s).

<h2>Collection of Component include folders:</h2>
  C:\Users\Aniket\Google Drive\Robocon 2016\Tiva_For_Robocon\New Layout(30-1-16)\Hybrid_Right\RTE
  C:\Keil_v5\ARM\PACK\Keil\TM4C_DFP\1.1.0\Device\Include\TM4C123

<h2>Collection of Component Files used:</h2>
Build Time Elapsed:  00:00:08
</pre>
</body>
</html>
