<?xml version="1.0"?>
<link_info>
   <banner>TI ARM Linker PC v15.12.1.LTS</banner>
   <copyright>Copyright (c) 1996-2015 Texas Instruments Incorporated</copyright>
   <link_time>0x57629946</link_time>
   <link_errors>0x0</link_errors>
   <output_file>motor-hysteresis-Test[Exp4.1].out</output_file>
   <entry_point>
      <name>_c_int00</name>
      <address>0x12ed</address>
   </entry_point>
   <input_file_list>
      <input_file id="fl-2">
         <path>.\</path>
         <kind>object</kind>
         <file>main.obj</file>
         <name>main.obj</name>
      </input_file>
      <input_file id="fl-3">
         <path>.\</path>
         <kind>object</kind>
         <file>ps2.obj</file>
         <name>ps2.obj</name>
      </input_file>
      <input_file id="fl-4">
         <path>.\</path>
         <kind>object</kind>
         <file>tm4c123gh6pm_startup_ccs.obj</file>
         <name>tm4c123gh6pm_startup_ccs.obj</name>
      </input_file>
      <input_file id="fl-5">
         <path>.\userLib\</path>
         <kind>object</kind>
         <file>common.obj</file>
         <name>common.obj</name>
      </input_file>
      <input_file id="fl-6">
         <path>.\userLib\</path>
         <kind>object</kind>
         <file>init.obj</file>
         <name>init.obj</name>
      </input_file>
      <input_file id="fl-7">
         <path>.\userLib\</path>
         <kind>object</kind>
         <file>movingArray.obj</file>
         <name>movingArray.obj</name>
      </input_file>
      <input_file id="fl-8">
         <path>.\userLib\</path>
         <kind>object</kind>
         <file>pidController.obj</file>
         <name>pidController.obj</name>
      </input_file>
      <input_file id="fl-c3">
         <path>C:\ti\ccsv6\tools\compiler\ti-cgt-arm_15.12.1.LTS\lib\</path>
         <kind>archive</kind>
         <file>rtsv7M4_T_le_v4SPD16_eabi.lib</file>
         <name>boot.obj</name>
      </input_file>
      <input_file id="fl-c4">
         <path>C:\ti\ccsv6\tools\compiler\ti-cgt-arm_15.12.1.LTS\lib\</path>
         <kind>archive</kind>
         <file>rtsv7M4_T_le_v4SPD16_eabi.lib</file>
         <name>copy_decompress_none.obj</name>
      </input_file>
      <input_file id="fl-c5">
         <path>C:\ti\ccsv6\tools\compiler\ti-cgt-arm_15.12.1.LTS\lib\</path>
         <kind>archive</kind>
         <file>rtsv7M4_T_le_v4SPD16_eabi.lib</file>
         <name>copy_decompress_rle.obj</name>
      </input_file>
      <input_file id="fl-c6">
         <path>C:\ti\ccsv6\tools\compiler\ti-cgt-arm_15.12.1.LTS\lib\</path>
         <kind>archive</kind>
         <file>rtsv7M4_T_le_v4SPD16_eabi.lib</file>
         <name>copy_zero_init.obj</name>
      </input_file>
      <input_file id="fl-c7">
         <path>C:\ti\ccsv6\tools\compiler\ti-cgt-arm_15.12.1.LTS\lib\</path>
         <kind>archive</kind>
         <file>rtsv7M4_T_le_v4SPD16_eabi.lib</file>
         <name>exit.obj</name>
      </input_file>
      <input_file id="fl-c8">
         <path>C:\ti\ccsv6\tools\compiler\ti-cgt-arm_15.12.1.LTS\lib\</path>
         <kind>archive</kind>
         <file>rtsv7M4_T_le_v4SPD16_eabi.lib</file>
         <name>fd_mul_t2.obj</name>
      </input_file>
      <input_file id="fl-c9">
         <path>C:\ti\ccsv6\tools\compiler\ti-cgt-arm_15.12.1.LTS\lib\</path>
         <kind>archive</kind>
         <file>rtsv7M4_T_le_v4SPD16_eabi.lib</file>
         <name>fd_tos_t2.obj</name>
      </input_file>
      <input_file id="fl-ca">
         <path>C:\ti\ccsv6\tools\compiler\ti-cgt-arm_15.12.1.LTS\lib\</path>
         <kind>archive</kind>
         <file>rtsv7M4_T_le_v4SPD16_eabi.lib</file>
         <name>i_tofd_t2.obj</name>
      </input_file>
      <input_file id="fl-cb">
         <path>C:\ti\ccsv6\tools\compiler\ti-cgt-arm_15.12.1.LTS\lib\</path>
         <kind>archive</kind>
         <file>rtsv7M4_T_le_v4SPD16_eabi.lib</file>
         <name>memcpy_t2.obj</name>
      </input_file>
      <input_file id="fl-cc">
         <path>C:\ti\ccsv6\tools\compiler\ti-cgt-arm_15.12.1.LTS\lib\</path>
         <kind>archive</kind>
         <file>rtsv7M4_T_le_v4SPD16_eabi.lib</file>
         <name>memset_t2.obj</name>
      </input_file>
      <input_file id="fl-cd">
         <path>C:\ti\ccsv6\tools\compiler\ti-cgt-arm_15.12.1.LTS\lib\</path>
         <kind>archive</kind>
         <file>rtsv7M4_T_le_v4SPD16_eabi.lib</file>
         <name>mpu_init.obj</name>
      </input_file>
      <input_file id="fl-ce">
         <path>C:\ti\ccsv6\tools\compiler\ti-cgt-arm_15.12.1.LTS\lib\</path>
         <kind>archive</kind>
         <file>rtsv7M4_T_le_v4SPD16_eabi.lib</file>
         <name>pre_init.obj</name>
      </input_file>
      <input_file id="fl-cf">
         <path>C:\ti\ccsv6\tools\compiler\ti-cgt-arm_15.12.1.LTS\lib\</path>
         <kind>archive</kind>
         <file>rtsv7M4_T_le_v4SPD16_eabi.lib</file>
         <name>stkdepth_vars.obj</name>
      </input_file>
      <input_file id="fl-d0">
         <path>C:\ti\ccsv6\tools\compiler\ti-cgt-arm_15.12.1.LTS\lib\</path>
         <kind>archive</kind>
         <file>rtsv7M4_T_le_v4SPD16_eabi.lib</file>
         <name>_lock.obj</name>
      </input_file>
      <input_file id="fl-d1">
         <path>C:\ti\ccsv6\tools\compiler\ti-cgt-arm_15.12.1.LTS\lib\</path>
         <kind>archive</kind>
         <file>rtsv7M4_T_le_v4SPD16_eabi.lib</file>
         <name>args_main.obj</name>
      </input_file>
      <input_file id="fl-d2">
         <path>C:\ti\ccsv6\tools\compiler\ti-cgt-arm_15.12.1.LTS\lib\</path>
         <kind>archive</kind>
         <file>rtsv7M4_T_le_v4SPD16_eabi.lib</file>
         <name>autoinit.obj</name>
      </input_file>
      <input_file id="fl-d3">
         <path>C:\ti\ccsv6\tools\compiler\ti-cgt-arm_15.12.1.LTS\lib\</path>
         <kind>archive</kind>
         <file>rtsv7M4_T_le_v4SPD16_eabi.lib</file>
         <name>cpy_tbl.obj</name>
      </input_file>
      <input_file id="fl-d4">
         <path>C:\ti\ccsv6\tools\compiler\ti-cgt-arm_15.12.1.LTS\lib\</path>
         <kind>archive</kind>
         <file>rtsv7M4_T_le_v4SPD16_eabi.lib</file>
         <name>startup.obj</name>
      </input_file>
      <input_file id="fl-d5">
         <path>C:\ti\TivaWare_C_Series-2.1.2.111\driverlib\ccs\Debug\</path>
         <kind>archive</kind>
         <file>driverlib.lib</file>
         <name>gpio.obj</name>
      </input_file>
      <input_file id="fl-d6">
         <path>C:\ti\TivaWare_C_Series-2.1.2.111\driverlib\ccs\Debug\</path>
         <kind>archive</kind>
         <file>driverlib.lib</file>
         <name>interrupt.obj</name>
      </input_file>
      <input_file id="fl-d7">
         <path>C:\ti\TivaWare_C_Series-2.1.2.111\driverlib\ccs\Debug\</path>
         <kind>archive</kind>
         <file>driverlib.lib</file>
         <name>pwm.obj</name>
      </input_file>
      <input_file id="fl-d8">
         <path>C:\ti\TivaWare_C_Series-2.1.2.111\driverlib\ccs\Debug\</path>
         <kind>archive</kind>
         <file>driverlib.lib</file>
         <name>qei.obj</name>
      </input_file>
      <input_file id="fl-d9">
         <path>C:\ti\TivaWare_C_Series-2.1.2.111\driverlib\ccs\Debug\</path>
         <kind>archive</kind>
         <file>driverlib.lib</file>
         <name>ssi.obj</name>
      </input_file>
      <input_file id="fl-da">
         <path>C:\ti\TivaWare_C_Series-2.1.2.111\driverlib\ccs\Debug\</path>
         <kind>archive</kind>
         <file>driverlib.lib</file>
         <name>sysctl.obj</name>
      </input_file>
      <input_file id="fl-db">
         <path>C:\ti\TivaWare_C_Series-2.1.2.111\driverlib\ccs\Debug\</path>
         <kind>archive</kind>
         <file>driverlib.lib</file>
         <name>timer.obj</name>
      </input_file>
      <input_file id="fl-dc">
         <path>C:\ti\TivaWare_C_Series-2.1.2.111\driverlib\ccs\Debug\</path>
         <kind>archive</kind>
         <file>driverlib.lib</file>
         <name>uart.obj</name>
      </input_file>
      <input_file id="fl-dd">
         <path>C:\ti\TivaWare_C_Series-2.1.2.111\driverlib\ccs\Debug\</path>
         <kind>archive</kind>
         <file>driverlib.lib</file>
         <name>cpu.obj</name>
      </input_file>
   </input_file_list>
   <object_component_list>
      <object_component id="oc-f">
         <name>.intvecs</name>
         <load_address>0x0</load_address>
         <run_address>0x0</run_address>
         <size>0x26c</size>
         <input_file_ref idref="fl-4"/>
      </object_component>
      <object_component id="oc-a0">
         <name>.text</name>
         <load_address>0x26c</load_address>
         <run_address>0x26c</run_address>
         <size>0x438</size>
         <input_file_ref idref="fl-5"/>
      </object_component>
      <object_component id="oc-8e">
         <name>.text</name>
         <load_address>0x6a4</load_address>
         <run_address>0x6a4</run_address>
         <size>0x250</size>
         <input_file_ref idref="fl-6"/>
      </object_component>
      <object_component id="oc-1fa">
         <name>.text:GPIOPadConfigSet</name>
         <load_address>0x8f4</load_address>
         <run_address>0x8f4</run_address>
         <size>0x132</size>
         <input_file_ref idref="fl-d5"/>
      </object_component>
      <object_component id="oc-5f">
         <name>.text</name>
         <load_address>0xa26</load_address>
         <run_address>0xa26</run_address>
         <size>0x2</size>
         <input_file_ref idref="fl-cd"/>
      </object_component>
      <object_component id="oc-10f">
         <name>.text:SysCtlClockGet</name>
         <load_address>0xa28</load_address>
         <run_address>0xa28</run_address>
         <size>0x110</size>
         <input_file_ref idref="fl-da"/>
      </object_component>
      <object_component id="oc-1af">
         <name>.text</name>
         <load_address>0xb38</load_address>
         <run_address>0xb38</run_address>
         <size>0xfc</size>
         <input_file_ref idref="fl-c8"/>
      </object_component>
      <object_component id="oc-82">
         <name>.text:SysCtlClockSet</name>
         <load_address>0xc34</load_address>
         <run_address>0xc34</run_address>
         <size>0xf4</size>
         <input_file_ref idref="fl-da"/>
      </object_component>
      <object_component id="oc-88">
         <name>.text</name>
         <load_address>0xd28</load_address>
         <run_address>0xd28</run_address>
         <size>0xf0</size>
         <input_file_ref idref="fl-8"/>
      </object_component>
      <object_component id="oc-31">
         <name>.text</name>
         <load_address>0xe18</load_address>
         <run_address>0xe18</run_address>
         <size>0xec</size>
         <input_file_ref idref="fl-2"/>
      </object_component>
      <object_component id="oc-a6">
         <name>.text</name>
         <load_address>0xf04</load_address>
         <run_address>0xf04</run_address>
         <size>0xc0</size>
         <input_file_ref idref="fl-7"/>
      </object_component>
      <object_component id="oc-3a">
         <name>.text</name>
         <load_address>0xfc4</load_address>
         <run_address>0xfc4</run_address>
         <size>0x9c</size>
         <input_file_ref idref="fl-cb"/>
      </object_component>
      <object_component id="oc-53">
         <name>.text</name>
         <load_address>0x1060</load_address>
         <run_address>0x1060</run_address>
         <size>0x7a</size>
         <input_file_ref idref="fl-cc"/>
      </object_component>
      <object_component id="oc-dd">
         <name>.text</name>
         <load_address>0x10da</load_address>
         <run_address>0x10da</run_address>
         <size>0x2</size>
         <input_file_ref idref="fl-d4"/>
      </object_component>
      <object_component id="oc-6b">
         <name>.text</name>
         <load_address>0x10dc</load_address>
         <run_address>0x10dc</run_address>
         <size>0x70</size>
         <input_file_ref idref="fl-d2"/>
      </object_component>
      <object_component id="oc-1b4">
         <name>.text</name>
         <load_address>0x114c</load_address>
         <run_address>0x114c</run_address>
         <size>0x6e</size>
         <input_file_ref idref="fl-c9"/>
      </object_component>
      <object_component id="oc-46">
         <name>.text</name>
         <load_address>0x11ba</load_address>
         <run_address>0x11ba</run_address>
         <size>0x6a</size>
         <input_file_ref idref="fl-c5"/>
      </object_component>
      <object_component id="oc-11b">
         <name>.text:IntEnable</name>
         <load_address>0x1224</load_address>
         <run_address>0x1224</run_address>
         <size>0x68</size>
         <input_file_ref idref="fl-d6"/>
      </object_component>
      <object_component id="oc-109">
         <name>.text:TimerConfigure</name>
         <load_address>0x128c</load_address>
         <run_address>0x128c</run_address>
         <size>0x60</size>
         <input_file_ref idref="fl-db"/>
      </object_component>
      <object_component id="oc-24">
         <name>.text</name>
         <load_address>0x12ec</load_address>
         <run_address>0x12ec</run_address>
         <size>0x54</size>
         <input_file_ref idref="fl-c3"/>
      </object_component>
      <object_component id="oc-77">
         <name>.text</name>
         <load_address>0x1340</load_address>
         <run_address>0x1340</run_address>
         <size>0x54</size>
         <input_file_ref idref="fl-c7"/>
      </object_component>
      <object_component id="oc-d7">
         <name>.text</name>
         <load_address>0x1394</load_address>
         <run_address>0x1394</run_address>
         <size>0x4c</size>
         <input_file_ref idref="fl-d3"/>
      </object_component>
      <object_component id="oc-12d">
         <name>.text:GPIOPinConfigure</name>
         <load_address>0x13e0</load_address>
         <run_address>0x13e0</run_address>
         <size>0x48</size>
         <input_file_ref idref="fl-d5"/>
      </object_component>
      <object_component id="oc-139">
         <name>.text:UARTConfigSetExpClk</name>
         <load_address>0x1428</load_address>
         <run_address>0x1428</run_address>
         <size>0x46</size>
         <input_file_ref idref="fl-dc"/>
      </object_component>
      <object_component id="oc-fd">
         <name>.text:SysCtlPeripheralEnable</name>
         <load_address>0x1470</load_address>
         <run_address>0x1470</run_address>
         <size>0x34</size>
         <input_file_ref idref="fl-da"/>
      </object_component>
      <object_component id="oc-1aa">
         <name>.text</name>
         <load_address>0x14a4</load_address>
         <run_address>0x14a4</run_address>
         <size>0x2e</size>
         <input_file_ref idref="fl-ca"/>
      </object_component>
      <object_component id="oc-200">
         <name>.text:GPIODirModeSet</name>
         <load_address>0x14d2</load_address>
         <run_address>0x14d2</run_address>
         <size>0x2a</size>
         <input_file_ref idref="fl-d5"/>
      </object_component>
      <object_component id="oc-151">
         <name>.text:PWMGenConfigure</name>
         <load_address>0x14fc</load_address>
         <run_address>0x14fc</run_address>
         <size>0x22</size>
         <input_file_ref idref="fl-d7"/>
      </object_component>
      <object_component id="oc-21a">
         <name>.text:UARTDisable</name>
         <load_address>0x1520</load_address>
         <run_address>0x1520</run_address>
         <size>0x20</size>
         <input_file_ref idref="fl-dc"/>
      </object_component>
      <object_component id="oc-198">
         <name>.text:PWMPulseWidthSet</name>
         <load_address>0x1540</load_address>
         <run_address>0x1540</run_address>
         <size>0x1e</size>
         <input_file_ref idref="fl-d7"/>
      </object_component>
      <object_component id="oc-103">
         <name>.text:GPIOPinTypeGPIOOutput</name>
         <load_address>0x155e</load_address>
         <run_address>0x155e</run_address>
         <size>0x18</size>
         <input_file_ref idref="fl-d5"/>
      </object_component>
      <object_component id="oc-71">
         <name>.text</name>
         <load_address>0x1578</load_address>
         <run_address>0x1578</run_address>
         <size>0x18</size>
         <input_file_ref idref="fl-d1"/>
      </object_component>
      <object_component id="oc-145">
         <name>.text:SysCtlPWMClockSet</name>
         <load_address>0x1590</load_address>
         <run_address>0x1590</run_address>
         <size>0x14</size>
         <input_file_ref idref="fl-da"/>
      </object_component>
      <object_component id="oc-220">
         <name>.text:UARTEnable</name>
         <load_address>0x15a4</load_address>
         <run_address>0x15a4</run_address>
         <size>0x14</size>
         <input_file_ref idref="fl-dc"/>
      </object_component>
      <object_component id="oc-1e4">
         <name>.text</name>
         <load_address>0x15b8</load_address>
         <run_address>0x15b8</run_address>
         <size>0x14</size>
         <input_file_ref idref="fl-d0"/>
      </object_component>
      <object_component id="oc-14b">
         <name>.text:GPIOPinTypePWM</name>
         <load_address>0x15cc</load_address>
         <run_address>0x15cc</run_address>
         <size>0x12</size>
         <input_file_ref idref="fl-d5"/>
      </object_component>
      <object_component id="oc-169">
         <name>.text:GPIOPinTypeQEI</name>
         <load_address>0x15de</load_address>
         <run_address>0x15de</run_address>
         <size>0x12</size>
         <input_file_ref idref="fl-d5"/>
      </object_component>
      <object_component id="oc-133">
         <name>.text:GPIOPinTypeUART</name>
         <load_address>0x15f0</load_address>
         <run_address>0x15f0</run_address>
         <size>0x12</size>
         <input_file_ref idref="fl-d5"/>
      </object_component>
      <object_component id="oc-15d">
         <name>.text:PWMOutputState</name>
         <load_address>0x1602</load_address>
         <run_address>0x1602</run_address>
         <size>0x12</size>
         <input_file_ref idref="fl-d7"/>
      </object_component>
      <object_component id="oc-115">
         <name>.text:TimerLoadSet</name>
         <load_address>0x1614</load_address>
         <run_address>0x1614</run_address>
         <size>0x12</size>
         <input_file_ref idref="fl-db"/>
      </object_component>
      <object_component id="oc-157">
         <name>.text:PWMGenPeriodSet</name>
         <load_address>0x1626</load_address>
         <run_address>0x1626</run_address>
         <size>0x10</size>
         <input_file_ref idref="fl-d7"/>
      </object_component>
      <object_component id="oc-175">
         <name>.text:QEIVelocityConfigure</name>
         <load_address>0x1636</load_address>
         <run_address>0x1636</run_address>
         <size>0x10</size>
         <input_file_ref idref="fl-d8"/>
      </object_component>
      <object_component id="oc-16f">
         <name>.text:QEIConfigure</name>
         <load_address>0x1646</load_address>
         <run_address>0x1646</run_address>
         <size>0xe</size>
         <input_file_ref idref="fl-d8"/>
      </object_component>
      <object_component id="oc-1a4">
         <name>.text:QEIDirectionGet</name>
         <load_address>0x1654</load_address>
         <run_address>0x1654</run_address>
         <size>0xe</size>
         <input_file_ref idref="fl-d8"/>
      </object_component>
      <object_component id="oc-127">
         <name>.text:TimerEnable</name>
         <load_address>0x1662</load_address>
         <run_address>0x1662</run_address>
         <size>0xe</size>
         <input_file_ref idref="fl-db"/>
      </object_component>
      <object_component id="oc-12">
         <name>.text:decompress:none</name>
         <load_address>0x1670</load_address>
         <run_address>0x1670</run_address>
         <size>0xe</size>
         <input_file_ref idref="fl-c4"/>
      </object_component>
      <object_component id="oc-163">
         <name>.text:PWMGenEnable</name>
         <load_address>0x167e</load_address>
         <run_address>0x167e</run_address>
         <size>0xc</size>
         <input_file_ref idref="fl-d7"/>
      </object_component>
      <object_component id="oc-2b">
         <name>.text</name>
         <load_address>0x168a</load_address>
         <run_address>0x168a</run_address>
         <size>0xc</size>
         <input_file_ref idref="fl-4"/>
      </object_component>
      <object_component id="oc-187">
         <name>.text:QEIEnable</name>
         <load_address>0x1696</load_address>
         <run_address>0x1696</run_address>
         <size>0xa</size>
         <input_file_ref idref="fl-d8"/>
      </object_component>
      <object_component id="oc-17b">
         <name>.text:QEIVelocityEnable</name>
         <load_address>0x16a0</load_address>
         <run_address>0x16a0</run_address>
         <size>0xa</size>
         <input_file_ref idref="fl-d8"/>
      </object_component>
      <object_component id="oc-ac">
         <name>.text:UARTCharPut</name>
         <load_address>0x16aa</load_address>
         <run_address>0x16aa</run_address>
         <size>0xa</size>
         <input_file_ref idref="fl-dc"/>
      </object_component>
      <object_component id="oc-181">
         <name>.text:QEIIntEnable</name>
         <load_address>0x16b4</load_address>
         <run_address>0x16b4</run_address>
         <size>0x8</size>
         <input_file_ref idref="fl-d8"/>
      </object_component>
      <object_component id="oc-121">
         <name>.text:TimerIntEnable</name>
         <load_address>0x16bc</load_address>
         <run_address>0x16bc</run_address>
         <size>0x8</size>
         <input_file_ref idref="fl-db"/>
      </object_component>
      <object_component id="oc-13f">
         <name>.text:UARTIntEnable</name>
         <load_address>0x16c4</load_address>
         <run_address>0x16c4</run_address>
         <size>0x8</size>
         <input_file_ref idref="fl-dc"/>
      </object_component>
      <object_component id="oc-192">
         <name>.text:GPIOPinWrite</name>
         <load_address>0x16cc</load_address>
         <run_address>0x16cc</run_address>
         <size>0x6</size>
         <input_file_ref idref="fl-d5"/>
      </object_component>
      <object_component id="oc-f2">
         <name>.text:SysCtlDelay</name>
         <load_address>0x16d2</load_address>
         <run_address>0x16d2</run_address>
         <size>0x6</size>
         <input_file_ref idref="fl-da"/>
      </object_component>
      <object_component id="oc-18">
         <name>.text:decompress:rle24</name>
         <load_address>0x16d8</load_address>
         <run_address>0x16d8</run_address>
         <size>0x6</size>
         <input_file_ref idref="fl-c5"/>
      </object_component>
      <object_component id="oc-9a">
         <name>.text:QEIIntClear</name>
         <load_address>0x16de</load_address>
         <run_address>0x16de</run_address>
         <size>0x4</size>
         <input_file_ref idref="fl-d8"/>
      </object_component>
      <object_component id="oc-19e">
         <name>.text:QEIVelocityGet</name>
         <load_address>0x16e2</load_address>
         <run_address>0x16e2</run_address>
         <size>0x4</size>
         <input_file_ref idref="fl-d8"/>
      </object_component>
      <object_component id="oc-94">
         <name>.text:TimerIntClear</name>
         <load_address>0x16e6</load_address>
         <run_address>0x16e6</run_address>
         <size>0x4</size>
         <input_file_ref idref="fl-db"/>
      </object_component>
      <object_component id="oc-65">
         <name>.text</name>
         <load_address>0x16ea</load_address>
         <run_address>0x16ea</run_address>
         <size>0x4</size>
         <input_file_ref idref="fl-ce"/>
      </object_component>
      <object_component id="oc-215">
         <name>.const:g_pui32GPIOBaseAddrs</name>
         <load_address>0x16f0</load_address>
         <run_address>0x16f0</run_address>
         <size>0x90</size>
         <input_file_ref idref="fl-d5"/>
      </object_component>
      <object_component id="oc-20e">
         <name>.const</name>
         <load_address>0x1780</load_address>
         <run_address>0x1780</run_address>
         <size>0x70</size>
         <input_file_ref idref="fl-d6"/>
      </object_component>
      <object_component id="oc-209">
         <name>.const:g_pui32Xtals</name>
         <load_address>0x17f0</load_address>
         <run_address>0x17f0</run_address>
         <size>0x6c</size>
         <input_file_ref idref="fl-da"/>
      </object_component>
      <object_component id="oc-285">
         <name>.cinit..data.load</name>
         <load_address>0x1860</load_address>
         <run_address>0x1860</run_address>
         <size>0x1b</size>
      </object_component>
      <object_component id="oc-286">
         <name>.cinit..bss.load</name>
         <load_address>0x1880</load_address>
         <run_address>0x1880</run_address>
         <size>0x9</size>
      </object_component>
      <object_component id="oc-283">
         <name>__TI_handler_table</name>
         <load_address>0x188c</load_address>
         <run_address>0x188c</run_address>
         <size>0x8</size>
      </object_component>
      <object_component id="oc-284">
         <name>__TI_cinit_table</name>
         <load_address>0x1894</load_address>
         <run_address>0x1894</run_address>
         <size>0x10</size>
      </object_component>
      <object_component id="oc-b2">
         <name>.data</name>
         <load_address>0x2000025c</load_address>
         <run_address>0x2000025c</run_address>
         <size>0xc</size>
         <input_file_ref idref="fl-2"/>
      </object_component>
      <object_component id="oc-1bb">
         <name>.data</name>
         <load_address>0x20000270</load_address>
         <run_address>0x20000270</run_address>
         <size>0x8</size>
         <input_file_ref idref="fl-7"/>
      </object_component>
      <object_component id="oc-e7">
         <name>.data:$O1$$</name>
         <load_address>0x20000250</load_address>
         <run_address>0x20000250</run_address>
         <size>0xc</size>
         <input_file_ref idref="fl-c7"/>
      </object_component>
      <object_component id="oc-7d">
         <name>.data</name>
         <load_address>0x20000278</load_address>
         <run_address>0x20000278</run_address>
         <size>0x4</size>
         <input_file_ref idref="fl-cf"/>
      </object_component>
      <object_component id="oc-ea">
         <name>.data:$O1$$</name>
         <load_address>0x20000268</load_address>
         <run_address>0x20000268</run_address>
         <size>0x8</size>
         <input_file_ref idref="fl-d0"/>
      </object_component>
      <object_component id="oc-1be">
         <name>.common:movingArray</name>
         <uninitialized>true</uninitialized>
         <run_address>0x20000200</run_address>
         <size>0x28</size>
      </object_component>
      <object_component id="oc-fa">
         <name>.common:errorIntegral</name>
         <uninitialized>true</uninitialized>
         <run_address>0x20000240</run_address>
         <size>0x8</size>
      </object_component>
      <object_component id="oc-fb">
         <name>.common:prevError</name>
         <uninitialized>true</uninitialized>
         <run_address>0x20000248</run_address>
         <size>0x8</size>
      </object_component>
      <object_component id="oc-f5">
         <name>.common:Kp</name>
         <uninitialized>true</uninitialized>
         <run_address>0x20000238</run_address>
         <size>0x8</size>
      </object_component>
      <object_component id="oc-f8">
         <name>.common:Ki</name>
         <uninitialized>true</uninitialized>
         <run_address>0x20000230</run_address>
         <size>0x8</size>
      </object_component>
      <object_component id="oc-f9">
         <name>.common:Kd</name>
         <uninitialized>true</uninitialized>
         <run_address>0x20000228</run_address>
         <size>0x8</size>
      </object_component>
      <object_component id="oc-2a">
         <name>.stack</name>
         <uninitialized>true</uninitialized>
         <run_address>0x20000000</run_address>
         <size>0x0</size>
         <input_file_ref idref="fl-c3"/>
      </object_component>
      <object_component id="oc-287">
         <name>.stack</name>
         <uninitialized>true</uninitialized>
         <run_address>0x20000000</run_address>
         <size>0x0</size>
      </object_component>
      <object_component id="oc-1cb">
         <name>.debug_info</name>
         <load_address>0x0</load_address>
         <run_address>0x0</run_address>
         <size>0x31a</size>
         <input_file_ref idref="fl-2"/>
      </object_component>
      <object_component id="oc-b3">
         <name>.debug_info</name>
         <load_address>0x31a</load_address>
         <run_address>0x31a</run_address>
         <size>0x150</size>
         <input_file_ref idref="fl-2"/>
      </object_component>
      <object_component id="oc-32">
         <name>.debug_info</name>
         <load_address>0x46a</load_address>
         <run_address>0x46a</run_address>
         <size>0x338</size>
         <input_file_ref idref="fl-2"/>
      </object_component>
      <object_component id="oc-b6">
         <name>.debug_info</name>
         <load_address>0x7a2</load_address>
         <run_address>0x7a2</run_address>
         <size>0x84</size>
         <input_file_ref idref="fl-2"/>
      </object_component>
      <object_component id="oc-bd">
         <name>.debug_info</name>
         <load_address>0x826</load_address>
         <run_address>0x826</run_address>
         <size>0x18b</size>
         <input_file_ref idref="fl-2"/>
      </object_component>
      <object_component id="oc-1c3">
         <name>.debug_info</name>
         <load_address>0x9b1</load_address>
         <run_address>0x9b1</run_address>
         <size>0x8b</size>
         <input_file_ref idref="fl-3"/>
      </object_component>
      <object_component id="oc-39">
         <name>.debug_info</name>
         <load_address>0xa3c</load_address>
         <run_address>0xa3c</run_address>
         <size>0x1af</size>
         <input_file_ref idref="fl-4"/>
      </object_component>
      <object_component id="oc-10">
         <name>.debug_info</name>
         <load_address>0xbeb</load_address>
         <run_address>0xbeb</run_address>
         <size>0x12c</size>
         <input_file_ref idref="fl-4"/>
      </object_component>
      <object_component id="oc-2c">
         <name>.debug_info</name>
         <load_address>0xd17</load_address>
         <run_address>0xd17</run_address>
         <size>0x2a8</size>
         <input_file_ref idref="fl-4"/>
      </object_component>
      <object_component id="oc-1ba">
         <name>.debug_info</name>
         <load_address>0xfbf</load_address>
         <run_address>0xfbf</run_address>
         <size>0x203</size>
         <input_file_ref idref="fl-5"/>
      </object_component>
      <object_component id="oc-a1">
         <name>.debug_info</name>
         <load_address>0x11c2</load_address>
         <run_address>0x11c2</run_address>
         <size>0xa77</size>
         <input_file_ref idref="fl-5"/>
      </object_component>
      <object_component id="oc-8f">
         <name>.debug_info</name>
         <load_address>0x1c39</load_address>
         <run_address>0x1c39</run_address>
         <size>0x84c</size>
         <input_file_ref idref="fl-6"/>
      </object_component>
      <object_component id="oc-1bf">
         <name>.debug_info</name>
         <load_address>0x2485</load_address>
         <run_address>0x2485</run_address>
         <size>0x133</size>
         <input_file_ref idref="fl-7"/>
      </object_component>
      <object_component id="oc-1bc">
         <name>.debug_info</name>
         <load_address>0x25b8</load_address>
         <run_address>0x25b8</run_address>
         <size>0x130</size>
         <input_file_ref idref="fl-7"/>
      </object_component>
      <object_component id="oc-a7">
         <name>.debug_info</name>
         <load_address>0x26e8</load_address>
         <run_address>0x26e8</run_address>
         <size>0x193</size>
         <input_file_ref idref="fl-7"/>
      </object_component>
      <object_component id="oc-f6">
         <name>.debug_info</name>
         <load_address>0x287b</load_address>
         <run_address>0x287b</run_address>
         <size>0x1a0</size>
         <input_file_ref idref="fl-8"/>
      </object_component>
      <object_component id="oc-89">
         <name>.debug_info</name>
         <load_address>0x2a1b</load_address>
         <run_address>0x2a1b</run_address>
         <size>0x2a4</size>
         <input_file_ref idref="fl-8"/>
      </object_component>
      <object_component id="oc-27">
         <name>.debug_info</name>
         <load_address>0x2cbf</load_address>
         <run_address>0x2cbf</run_address>
         <size>0x17c</size>
         <input_file_ref idref="fl-c3"/>
      </object_component>
      <object_component id="oc-45">
         <name>.debug_info</name>
         <load_address>0x2e3b</load_address>
         <run_address>0x2e3b</run_address>
         <size>0x15c</size>
         <input_file_ref idref="fl-c4"/>
      </object_component>
      <object_component id="oc-16">
         <name>.debug_info</name>
         <load_address>0x2f97</load_address>
         <run_address>0x2f97</run_address>
         <size>0x1fb</size>
         <input_file_ref idref="fl-c4"/>
      </object_component>
      <object_component id="oc-40">
         <name>.debug_info</name>
         <load_address>0x3192</load_address>
         <run_address>0x3192</run_address>
         <size>0x46</size>
         <input_file_ref idref="fl-c4"/>
      </object_component>
      <object_component id="oc-c3">
         <name>.debug_info</name>
         <load_address>0x31d8</load_address>
         <run_address>0x31d8</run_address>
         <size>0x2c</size>
         <input_file_ref idref="fl-c4"/>
      </object_component>
      <object_component id="oc-4d">
         <name>.debug_info</name>
         <load_address>0x3204</load_address>
         <run_address>0x3204</run_address>
         <size>0x150</size>
         <input_file_ref idref="fl-c5"/>
      </object_component>
      <object_component id="oc-47">
         <name>.debug_info</name>
         <load_address>0x3354</load_address>
         <run_address>0x3354</run_address>
         <size>0x263</size>
         <input_file_ref idref="fl-c5"/>
      </object_component>
      <object_component id="oc-19">
         <name>.debug_info</name>
         <load_address>0x35b7</load_address>
         <run_address>0x35b7</run_address>
         <size>0x1cd</size>
         <input_file_ref idref="fl-c5"/>
      </object_component>
      <object_component id="oc-4e">
         <name>.debug_info</name>
         <load_address>0x3784</load_address>
         <run_address>0x3784</run_address>
         <size>0x39</size>
         <input_file_ref idref="fl-c5"/>
      </object_component>
      <object_component id="oc-cd">
         <name>.debug_info</name>
         <load_address>0x37bd</load_address>
         <run_address>0x37bd</run_address>
         <size>0x2c</size>
         <input_file_ref idref="fl-c5"/>
      </object_component>
      <object_component id="oc-ee">
         <name>.debug_info</name>
         <load_address>0x37e9</load_address>
         <run_address>0x37e9</run_address>
         <size>0x250</size>
         <input_file_ref idref="fl-c7"/>
      </object_component>
      <object_component id="oc-e8">
         <name>.debug_info</name>
         <load_address>0x3a39</load_address>
         <run_address>0x3a39</run_address>
         <size>0x1a1</size>
         <input_file_ref idref="fl-c7"/>
      </object_component>
      <object_component id="oc-78">
         <name>.debug_info</name>
         <load_address>0x3bda</load_address>
         <run_address>0x3bda</run_address>
         <size>0x230</size>
         <input_file_ref idref="fl-c7"/>
      </object_component>
      <object_component id="oc-1b1">
         <name>.debug_info</name>
         <load_address>0x3e0a</load_address>
         <run_address>0x3e0a</run_address>
         <size>0x14e</size>
         <input_file_ref idref="fl-c8"/>
      </object_component>
      <object_component id="oc-1b5">
         <name>.debug_info</name>
         <load_address>0x3f58</load_address>
         <run_address>0x3f58</run_address>
         <size>0x152</size>
         <input_file_ref idref="fl-c9"/>
      </object_component>
      <object_component id="oc-1ab">
         <name>.debug_info</name>
         <load_address>0x40aa</load_address>
         <run_address>0x40aa</run_address>
         <size>0x140</size>
         <input_file_ref idref="fl-ca"/>
      </object_component>
      <object_component id="oc-3b">
         <name>.debug_info</name>
         <load_address>0x41ea</load_address>
         <run_address>0x41ea</run_address>
         <size>0x12d</size>
         <input_file_ref idref="fl-cb"/>
      </object_component>
      <object_component id="oc-54">
         <name>.debug_info</name>
         <load_address>0x4317</load_address>
         <run_address>0x4317</run_address>
         <size>0x15b</size>
         <input_file_ref idref="fl-cc"/>
      </object_component>
      <object_component id="oc-60">
         <name>.debug_info</name>
         <load_address>0x4472</load_address>
         <run_address>0x4472</run_address>
         <size>0x154</size>
         <input_file_ref idref="fl-cd"/>
      </object_component>
      <object_component id="oc-66">
         <name>.debug_info</name>
         <load_address>0x45c6</load_address>
         <run_address>0x45c6</run_address>
         <size>0x164</size>
         <input_file_ref idref="fl-ce"/>
      </object_component>
      <object_component id="oc-7e">
         <name>.debug_info</name>
         <load_address>0x472a</load_address>
         <run_address>0x472a</run_address>
         <size>0x125</size>
         <input_file_ref idref="fl-cf"/>
      </object_component>
      <object_component id="oc-1ec">
         <name>.debug_info</name>
         <load_address>0x484f</load_address>
         <run_address>0x484f</run_address>
         <size>0x140</size>
         <input_file_ref idref="fl-d0"/>
      </object_component>
      <object_component id="oc-eb">
         <name>.debug_info</name>
         <load_address>0x498f</load_address>
         <run_address>0x498f</run_address>
         <size>0x12f</size>
         <input_file_ref idref="fl-d0"/>
      </object_component>
      <object_component id="oc-1e5">
         <name>.debug_info</name>
         <load_address>0x4abe</load_address>
         <run_address>0x4abe</run_address>
         <size>0x23b</size>
         <input_file_ref idref="fl-d0"/>
      </object_component>
      <object_component id="oc-e6">
         <name>.debug_info</name>
         <load_address>0x4cf9</load_address>
         <run_address>0x4cf9</run_address>
         <size>0x182</size>
         <input_file_ref idref="fl-d1"/>
      </object_component>
      <object_component id="oc-72">
         <name>.debug_info</name>
         <load_address>0x4e7b</load_address>
         <run_address>0x4e7b</run_address>
         <size>0x183</size>
         <input_file_ref idref="fl-d1"/>
      </object_component>
      <object_component id="oc-1dd">
         <name>.debug_info</name>
         <load_address>0x4ffe</load_address>
         <run_address>0x4ffe</run_address>
         <size>0x5e</size>
         <input_file_ref idref="fl-d1"/>
      </object_component>
      <object_component id="oc-e4">
         <name>.debug_info</name>
         <load_address>0x505c</load_address>
         <run_address>0x505c</run_address>
         <size>0x305</size>
         <input_file_ref idref="fl-d2"/>
      </object_component>
      <object_component id="oc-6c">
         <name>.debug_info</name>
         <load_address>0x5361</load_address>
         <run_address>0x5361</run_address>
         <size>0x1ac</size>
         <input_file_ref idref="fl-d2"/>
      </object_component>
      <object_component id="oc-1d1">
         <name>.debug_info</name>
         <load_address>0x550d</load_address>
         <run_address>0x550d</run_address>
         <size>0x39</size>
         <input_file_ref idref="fl-d2"/>
      </object_component>
      <object_component id="oc-1d6">
         <name>.debug_info</name>
         <load_address>0x5546</load_address>
         <run_address>0x5546</run_address>
         <size>0xcd</size>
         <input_file_ref idref="fl-d2"/>
      </object_component>
      <object_component id="oc-1cd">
         <name>.debug_info</name>
         <load_address>0x5613</load_address>
         <run_address>0x5613</run_address>
         <size>0x1fc</size>
         <input_file_ref idref="fl-d3"/>
      </object_component>
      <object_component id="oc-d8">
         <name>.debug_info</name>
         <load_address>0x580f</load_address>
         <run_address>0x580f</run_address>
         <size>0x19f</size>
         <input_file_ref idref="fl-d3"/>
      </object_component>
      <object_component id="oc-24c">
         <name>.debug_info</name>
         <load_address>0x59ae</load_address>
         <run_address>0x59ae</run_address>
         <size>0x2c</size>
         <input_file_ref idref="fl-d3"/>
      </object_component>
      <object_component id="oc-e0">
         <name>.debug_info</name>
         <load_address>0x59da</load_address>
         <run_address>0x59da</run_address>
         <size>0x161</size>
         <input_file_ref idref="fl-d4"/>
      </object_component>
      <object_component id="oc-207">
         <name>.debug_info</name>
         <load_address>0x5b3b</load_address>
         <run_address>0x5b3b</run_address>
         <size>0x230</size>
         <input_file_ref idref="fl-d5"/>
      </object_component>
      <object_component id="oc-216">
         <name>.debug_info</name>
         <load_address>0x5d6b</load_address>
         <run_address>0x5d6b</run_address>
         <size>0x15b</size>
         <input_file_ref idref="fl-d5"/>
      </object_component>
      <object_component id="oc-193">
         <name>.debug_info</name>
         <load_address>0x5ec6</load_address>
         <run_address>0x5ec6</run_address>
         <size>0x2a3</size>
         <input_file_ref idref="fl-d5"/>
      </object_component>
      <object_component id="oc-201">
         <name>.debug_info</name>
         <load_address>0x6169</load_address>
         <run_address>0x6169</run_address>
         <size>0x2b3</size>
         <input_file_ref idref="fl-d5"/>
      </object_component>
      <object_component id="oc-1fb">
         <name>.debug_info</name>
         <load_address>0x641c</load_address>
         <run_address>0x641c</run_address>
         <size>0x316</size>
         <input_file_ref idref="fl-d5"/>
      </object_component>
      <object_component id="oc-134">
         <name>.debug_info</name>
         <load_address>0x6732</load_address>
         <run_address>0x6732</run_address>
         <size>0x27b</size>
         <input_file_ref idref="fl-d5"/>
      </object_component>
      <object_component id="oc-16a">
         <name>.debug_info</name>
         <load_address>0x69ad</load_address>
         <run_address>0x69ad</run_address>
         <size>0x279</size>
         <input_file_ref idref="fl-d5"/>
      </object_component>
      <object_component id="oc-14c">
         <name>.debug_info</name>
         <load_address>0x6c26</load_address>
         <run_address>0x6c26</run_address>
         <size>0x279</size>
         <input_file_ref idref="fl-d5"/>
      </object_component>
      <object_component id="oc-104">
         <name>.debug_info</name>
         <load_address>0x6e9f</load_address>
         <run_address>0x6e9f</run_address>
         <size>0x2b7</size>
         <input_file_ref idref="fl-d5"/>
      </object_component>
      <object_component id="oc-12e">
         <name>.debug_info</name>
         <load_address>0x7156</load_address>
         <run_address>0x7156</run_address>
         <size>0x280</size>
         <input_file_ref idref="fl-d5"/>
      </object_component>
      <object_component id="oc-212">
         <name>.debug_info</name>
         <load_address>0x73d6</load_address>
         <run_address>0x73d6</run_address>
         <size>0x20e</size>
         <input_file_ref idref="fl-d6"/>
      </object_component>
      <object_component id="oc-20f">
         <name>.debug_info</name>
         <load_address>0x75e4</load_address>
         <run_address>0x75e4</run_address>
         <size>0x210</size>
         <input_file_ref idref="fl-d6"/>
      </object_component>
      <object_component id="oc-11c">
         <name>.debug_info</name>
         <load_address>0x77f4</load_address>
         <run_address>0x77f4</run_address>
         <size>0x268</size>
         <input_file_ref idref="fl-d6"/>
      </object_component>
      <object_component id="oc-22b">
         <name>.debug_info</name>
         <load_address>0x7a5c</load_address>
         <run_address>0x7a5c</run_address>
         <size>0x1ed</size>
         <input_file_ref idref="fl-d7"/>
      </object_component>
      <object_component id="oc-199">
         <name>.debug_info</name>
         <load_address>0x7c49</load_address>
         <run_address>0x7c49</run_address>
         <size>0x2f6</size>
         <input_file_ref idref="fl-d7"/>
      </object_component>
      <object_component id="oc-15e">
         <name>.debug_info</name>
         <load_address>0x7f3f</load_address>
         <run_address>0x7f3f</run_address>
         <size>0x2c4</size>
         <input_file_ref idref="fl-d7"/>
      </object_component>
      <object_component id="oc-158">
         <name>.debug_info</name>
         <load_address>0x8203</load_address>
         <run_address>0x8203</run_address>
         <size>0x2b6</size>
         <input_file_ref idref="fl-d7"/>
      </object_component>
      <object_component id="oc-164">
         <name>.debug_info</name>
         <load_address>0x84b9</load_address>
         <run_address>0x84b9</run_address>
         <size>0x276</size>
         <input_file_ref idref="fl-d7"/>
      </object_component>
      <object_component id="oc-152">
         <name>.debug_info</name>
         <load_address>0x872f</load_address>
         <run_address>0x872f</run_address>
         <size>0x2b3</size>
         <input_file_ref idref="fl-d7"/>
      </object_component>
      <object_component id="oc-191">
         <name>.debug_info</name>
         <load_address>0x89e2</load_address>
         <run_address>0x89e2</run_address>
         <size>0x1e8</size>
         <input_file_ref idref="fl-d8"/>
      </object_component>
      <object_component id="oc-19f">
         <name>.debug_info</name>
         <load_address>0x8bca</load_address>
         <run_address>0x8bca</run_address>
         <size>0x250</size>
         <input_file_ref idref="fl-d8"/>
      </object_component>
      <object_component id="oc-17c">
         <name>.debug_info</name>
         <load_address>0x8e1a</load_address>
         <run_address>0x8e1a</run_address>
         <size>0x252</size>
         <input_file_ref idref="fl-d8"/>
      </object_component>
      <object_component id="oc-176">
         <name>.debug_info</name>
         <load_address>0x906c</load_address>
         <run_address>0x906c</run_address>
         <size>0x2cc</size>
         <input_file_ref idref="fl-d8"/>
      </object_component>
      <object_component id="oc-182">
         <name>.debug_info</name>
         <load_address>0x9338</load_address>
         <run_address>0x9338</run_address>
         <size>0x28a</size>
         <input_file_ref idref="fl-d8"/>
      </object_component>
      <object_component id="oc-9b">
         <name>.debug_info</name>
         <load_address>0x95c2</load_address>
         <run_address>0x95c2</run_address>
         <size>0x288</size>
         <input_file_ref idref="fl-d8"/>
      </object_component>
      <object_component id="oc-188">
         <name>.debug_info</name>
         <load_address>0x984a</load_address>
         <run_address>0x984a</run_address>
         <size>0x23f</size>
         <input_file_ref idref="fl-d8"/>
      </object_component>
      <object_component id="oc-1a6">
         <name>.debug_info</name>
         <load_address>0x9a89</load_address>
         <run_address>0x9a89</run_address>
         <size>0x24f</size>
         <input_file_ref idref="fl-d8"/>
      </object_component>
      <object_component id="oc-171">
         <name>.debug_info</name>
         <load_address>0x9cd8</load_address>
         <run_address>0x9cd8</run_address>
         <size>0x2cd</size>
         <input_file_ref idref="fl-d8"/>
      </object_component>
      <object_component id="oc-f4">
         <name>.debug_info</name>
         <load_address>0x9fa5</load_address>
         <run_address>0x9fa5</run_address>
         <size>0x27f</size>
         <input_file_ref idref="fl-da"/>
      </object_component>
      <object_component id="oc-20a">
         <name>.debug_info</name>
         <load_address>0xa224</load_address>
         <run_address>0xa224</run_address>
         <size>0x14d</size>
         <input_file_ref idref="fl-da"/>
      </object_component>
      <object_component id="oc-fe">
         <name>.debug_info</name>
         <load_address>0xa371</load_address>
         <run_address>0xa371</run_address>
         <size>0x27d</size>
         <input_file_ref idref="fl-da"/>
      </object_component>
      <object_component id="oc-146">
         <name>.debug_info</name>
         <load_address>0xa5ee</load_address>
         <run_address>0xa5ee</run_address>
         <size>0x263</size>
         <input_file_ref idref="fl-da"/>
      </object_component>
      <object_component id="oc-83">
         <name>.debug_info</name>
         <load_address>0xa851</load_address>
         <run_address>0xa851</run_address>
         <size>0x2db</size>
         <input_file_ref idref="fl-da"/>
      </object_component>
      <object_component id="oc-110">
         <name>.debug_info</name>
         <load_address>0xab2c</load_address>
         <run_address>0xab2c</run_address>
         <size>0x2b5</size>
         <input_file_ref idref="fl-da"/>
      </object_component>
      <object_component id="oc-1f2">
         <name>.debug_info</name>
         <load_address>0xade1</load_address>
         <run_address>0xade1</run_address>
         <size>0x5f</size>
         <input_file_ref idref="fl-da"/>
      </object_component>
      <object_component id="oc-18f">
         <name>.debug_info</name>
         <load_address>0xae40</load_address>
         <run_address>0xae40</run_address>
         <size>0x223</size>
         <input_file_ref idref="fl-db"/>
      </object_component>
      <object_component id="oc-116">
         <name>.debug_info</name>
         <load_address>0xb063</load_address>
         <run_address>0xb063</run_address>
         <size>0x2ba</size>
         <input_file_ref idref="fl-db"/>
      </object_component>
      <object_component id="oc-122">
         <name>.debug_info</name>
         <load_address>0xb31d</load_address>
         <run_address>0xb31d</run_address>
         <size>0x294</size>
         <input_file_ref idref="fl-db"/>
      </object_component>
      <object_component id="oc-95">
         <name>.debug_info</name>
         <load_address>0xb5b1</load_address>
         <run_address>0xb5b1</run_address>
         <size>0x292</size>
         <input_file_ref idref="fl-db"/>
      </object_component>
      <object_component id="oc-128">
         <name>.debug_info</name>
         <load_address>0xb843</load_address>
         <run_address>0xb843</run_address>
         <size>0x27f</size>
         <input_file_ref idref="fl-db"/>
      </object_component>
      <object_component id="oc-10a">
         <name>.debug_info</name>
         <load_address>0xbac2</load_address>
         <run_address>0xbac2</run_address>
         <size>0x28c</size>
         <input_file_ref idref="fl-db"/>
      </object_component>
      <object_component id="oc-1c8">
         <name>.debug_info</name>
         <load_address>0xbd4e</load_address>
         <run_address>0xbd4e</run_address>
         <size>0x227</size>
         <input_file_ref idref="fl-dc"/>
      </object_component>
      <object_component id="oc-140">
         <name>.debug_info</name>
         <load_address>0xbf75</load_address>
         <run_address>0xbf75</run_address>
         <size>0x28f</size>
         <input_file_ref idref="fl-dc"/>
      </object_component>
      <object_component id="oc-221">
         <name>.debug_info</name>
         <load_address>0xc204</load_address>
         <run_address>0xc204</run_address>
         <size>0x247</size>
         <input_file_ref idref="fl-dc"/>
      </object_component>
      <object_component id="oc-21b">
         <name>.debug_info</name>
         <load_address>0xc44b</load_address>
         <run_address>0xc44b</run_address>
         <size>0x249</size>
         <input_file_ref idref="fl-dc"/>
      </object_component>
      <object_component id="oc-13a">
         <name>.debug_info</name>
         <load_address>0xc694</load_address>
         <run_address>0xc694</run_address>
         <size>0x326</size>
         <input_file_ref idref="fl-dc"/>
      </object_component>
      <object_component id="oc-ad">
         <name>.debug_info</name>
         <load_address>0xc9ba</load_address>
         <run_address>0xc9ba</run_address>
         <size>0x273</size>
         <input_file_ref idref="fl-dc"/>
      </object_component>
      <object_component id="oc-288">
         <name>.debug_info</name>
         <load_address>0xcc2d</load_address>
         <run_address>0xcc2d</run_address>
         <size>0xe2</size>
      </object_component>
      <object_component id="oc-249">
         <name>.debug_line</name>
         <load_address>0x0</load_address>
         <run_address>0x0</run_address>
         <size>0x160</size>
         <input_file_ref idref="fl-2"/>
      </object_component>
      <object_component id="oc-1ca">
         <name>.debug_line</name>
         <load_address>0x160</load_address>
         <run_address>0x160</run_address>
         <size>0x2d</size>
         <input_file_ref idref="fl-2"/>
      </object_component>
      <object_component id="oc-35">
         <name>.debug_line</name>
         <load_address>0x18d</load_address>
         <run_address>0x18d</run_address>
         <size>0x9b</size>
         <input_file_ref idref="fl-2"/>
      </object_component>
      <object_component id="oc-b9">
         <name>.debug_line</name>
         <load_address>0x228</load_address>
         <run_address>0x228</run_address>
         <size>0x20</size>
         <input_file_ref idref="fl-2"/>
      </object_component>
      <object_component id="oc-c0">
         <name>.debug_line</name>
         <load_address>0x248</load_address>
         <run_address>0x248</run_address>
         <size>0x66</size>
         <input_file_ref idref="fl-2"/>
      </object_component>
      <object_component id="oc-1c6">
         <name>.debug_line</name>
         <load_address>0x2ae</load_address>
         <run_address>0x2ae</run_address>
         <size>0x20</size>
         <input_file_ref idref="fl-3"/>
      </object_component>
      <object_component id="oc-bc">
         <name>.debug_line</name>
         <load_address>0x2ce</load_address>
         <run_address>0x2ce</run_address>
         <size>0x41</size>
         <input_file_ref idref="fl-4"/>
      </object_component>
      <object_component id="oc-38">
         <name>.debug_line</name>
         <load_address>0x30f</load_address>
         <run_address>0x30f</run_address>
         <size>0x41</size>
         <input_file_ref idref="fl-4"/>
      </object_component>
      <object_component id="oc-2f">
         <name>.debug_line</name>
         <load_address>0x350</load_address>
         <run_address>0x350</run_address>
         <size>0xa1</size>
         <input_file_ref idref="fl-4"/>
      </object_component>
      <object_component id="oc-241">
         <name>.debug_line</name>
         <load_address>0x3f1</load_address>
         <run_address>0x3f1</run_address>
         <size>0xf6</size>
         <input_file_ref idref="fl-5"/>
      </object_component>
      <object_component id="oc-a4">
         <name>.debug_line</name>
         <load_address>0x4e7</load_address>
         <run_address>0x4e7</run_address>
         <size>0x1a4</size>
         <input_file_ref idref="fl-5"/>
      </object_component>
      <object_component id="oc-92">
         <name>.debug_line</name>
         <load_address>0x68b</load_address>
         <run_address>0x68b</run_address>
         <size>0x111</size>
         <input_file_ref idref="fl-6"/>
      </object_component>
      <object_component id="oc-245">
         <name>.debug_line</name>
         <load_address>0x79c</load_address>
         <run_address>0x79c</run_address>
         <size>0x3c</size>
         <input_file_ref idref="fl-7"/>
      </object_component>
      <object_component id="oc-243">
         <name>.debug_line</name>
         <load_address>0x7d8</load_address>
         <run_address>0x7d8</run_address>
         <size>0x3c</size>
         <input_file_ref idref="fl-7"/>
      </object_component>
      <object_component id="oc-aa">
         <name>.debug_line</name>
         <load_address>0x814</load_address>
         <run_address>0x814</run_address>
         <size>0x60</size>
         <input_file_ref idref="fl-7"/>
      </object_component>
      <object_component id="oc-1f8">
         <name>.debug_line</name>
         <load_address>0x874</load_address>
         <run_address>0x874</run_address>
         <size>0x3e</size>
         <input_file_ref idref="fl-8"/>
      </object_component>
      <object_component id="oc-8c">
         <name>.debug_line</name>
         <load_address>0x8b2</load_address>
         <run_address>0x8b2</run_address>
         <size>0x78</size>
         <input_file_ref idref="fl-8"/>
      </object_component>
      <object_component id="oc-26">
         <name>.debug_line</name>
         <load_address>0x92a</load_address>
         <run_address>0x92a</run_address>
         <size>0x53</size>
         <input_file_ref idref="fl-c3"/>
      </object_component>
      <object_component id="oc-c9">
         <name>.debug_line</name>
         <load_address>0x97d</load_address>
         <run_address>0x97d</run_address>
         <size>0xa5</size>
         <input_file_ref idref="fl-c4"/>
      </object_component>
      <object_component id="oc-15">
         <name>.debug_line</name>
         <load_address>0xa22</load_address>
         <run_address>0xa22</run_address>
         <size>0x55</size>
         <input_file_ref idref="fl-c4"/>
      </object_component>
      <object_component id="oc-43">
         <name>.debug_line</name>
         <load_address>0xa77</load_address>
         <run_address>0xa77</run_address>
         <size>0x3a</size>
         <input_file_ref idref="fl-c4"/>
      </object_component>
      <object_component id="oc-c6">
         <name>.debug_line</name>
         <load_address>0xab1</load_address>
         <run_address>0xab1</run_address>
         <size>0xa5</size>
         <input_file_ref idref="fl-c4"/>
      </object_component>
      <object_component id="oc-cc">
         <name>.debug_line</name>
         <load_address>0xb56</load_address>
         <run_address>0xb56</run_address>
         <size>0xa5</size>
         <input_file_ref idref="fl-c5"/>
      </object_component>
      <object_component id="oc-4a">
         <name>.debug_line</name>
         <load_address>0xbfb</load_address>
         <run_address>0xbfb</run_address>
         <size>0x98</size>
         <input_file_ref idref="fl-c5"/>
      </object_component>
      <object_component id="oc-1c">
         <name>.debug_line</name>
         <load_address>0xc93</load_address>
         <run_address>0xc93</run_address>
         <size>0x4b</size>
         <input_file_ref idref="fl-c5"/>
      </object_component>
      <object_component id="oc-51">
         <name>.debug_line</name>
         <load_address>0xcde</load_address>
         <run_address>0xcde</run_address>
         <size>0x39</size>
         <input_file_ref idref="fl-c5"/>
      </object_component>
      <object_component id="oc-d0">
         <name>.debug_line</name>
         <load_address>0xd17</load_address>
         <run_address>0xd17</run_address>
         <size>0xa5</size>
         <input_file_ref idref="fl-c5"/>
      </object_component>
      <object_component id="oc-1ef">
         <name>.debug_line</name>
         <load_address>0xdbc</load_address>
         <run_address>0xdbc</run_address>
         <size>0x128</size>
         <input_file_ref idref="fl-c7"/>
      </object_component>
      <object_component id="oc-1e3">
         <name>.debug_line</name>
         <load_address>0xee4</load_address>
         <run_address>0xee4</run_address>
         <size>0x2a</size>
         <input_file_ref idref="fl-c7"/>
      </object_component>
      <object_component id="oc-7b">
         <name>.debug_line</name>
         <load_address>0xf0e</load_address>
         <run_address>0xf0e</run_address>
         <size>0x86</size>
         <input_file_ref idref="fl-c7"/>
      </object_component>
      <object_component id="oc-1b0">
         <name>.debug_line</name>
         <load_address>0xf94</load_address>
         <run_address>0xf94</run_address>
         <size>0x8e</size>
         <input_file_ref idref="fl-c8"/>
      </object_component>
      <object_component id="oc-1b8">
         <name>.debug_line</name>
         <load_address>0x1022</load_address>
         <run_address>0x1022</run_address>
         <size>0x67</size>
         <input_file_ref idref="fl-c9"/>
      </object_component>
      <object_component id="oc-1ae">
         <name>.debug_line</name>
         <load_address>0x1089</load_address>
         <run_address>0x1089</run_address>
         <size>0x50</size>
         <input_file_ref idref="fl-ca"/>
      </object_component>
      <object_component id="oc-3e">
         <name>.debug_line</name>
         <load_address>0x10d9</load_address>
         <run_address>0x10d9</run_address>
         <size>0x88</size>
         <input_file_ref idref="fl-cb"/>
      </object_component>
      <object_component id="oc-57">
         <name>.debug_line</name>
         <load_address>0x1161</load_address>
         <run_address>0x1161</run_address>
         <size>0x79</size>
         <input_file_ref idref="fl-cc"/>
      </object_component>
      <object_component id="oc-63">
         <name>.debug_line</name>
         <load_address>0x11da</load_address>
         <run_address>0x11da</run_address>
         <size>0x3d</size>
         <input_file_ref idref="fl-cd"/>
      </object_component>
      <object_component id="oc-69">
         <name>.debug_line</name>
         <load_address>0x1217</load_address>
         <run_address>0x1217</run_address>
         <size>0x40</size>
         <input_file_ref idref="fl-ce"/>
      </object_component>
      <object_component id="oc-f1">
         <name>.debug_line</name>
         <load_address>0x1257</load_address>
         <run_address>0x1257</run_address>
         <size>0x33</size>
         <input_file_ref idref="fl-cf"/>
      </object_component>
      <object_component id="oc-253">
         <name>.debug_line</name>
         <load_address>0x128a</load_address>
         <run_address>0x128a</run_address>
         <size>0x20</size>
         <input_file_ref idref="fl-d0"/>
      </object_component>
      <object_component id="oc-1eb">
         <name>.debug_line</name>
         <load_address>0x12aa</load_address>
         <run_address>0x12aa</run_address>
         <size>0x2b</size>
         <input_file_ref idref="fl-d0"/>
      </object_component>
      <object_component id="oc-1e8">
         <name>.debug_line</name>
         <load_address>0x12d5</load_address>
         <run_address>0x12d5</run_address>
         <size>0x68</size>
         <input_file_ref idref="fl-d0"/>
      </object_component>
      <object_component id="oc-1dc">
         <name>.debug_line</name>
         <load_address>0x133d</load_address>
         <run_address>0x133d</run_address>
         <size>0x2b</size>
         <input_file_ref idref="fl-d1"/>
      </object_component>
      <object_component id="oc-75">
         <name>.debug_line</name>
         <load_address>0x1368</load_address>
         <run_address>0x1368</run_address>
         <size>0x50</size>
         <input_file_ref idref="fl-d1"/>
      </object_component>
      <object_component id="oc-1e0">
         <name>.debug_line</name>
         <load_address>0x13b8</load_address>
         <run_address>0x13b8</run_address>
         <size>0x2b</size>
         <input_file_ref idref="fl-d1"/>
      </object_component>
      <object_component id="oc-1d0">
         <name>.debug_line</name>
         <load_address>0x13e3</load_address>
         <run_address>0x13e3</run_address>
         <size>0xc4</size>
         <input_file_ref idref="fl-d2"/>
      </object_component>
      <object_component id="oc-6f">
         <name>.debug_line</name>
         <load_address>0x14a7</load_address>
         <run_address>0x14a7</run_address>
         <size>0x8b</size>
         <input_file_ref idref="fl-d2"/>
      </object_component>
      <object_component id="oc-1d4">
         <name>.debug_line</name>
         <load_address>0x1532</load_address>
         <run_address>0x1532</run_address>
         <size>0x2e</size>
         <input_file_ref idref="fl-d2"/>
      </object_component>
      <object_component id="oc-1d9">
         <name>.debug_line</name>
         <load_address>0x1560</load_address>
         <run_address>0x1560</run_address>
         <size>0xa6</size>
         <input_file_ref idref="fl-d2"/>
      </object_component>
      <object_component id="oc-24b">
         <name>.debug_line</name>
         <load_address>0x1606</load_address>
         <run_address>0x1606</run_address>
         <size>0xb3</size>
         <input_file_ref idref="fl-d3"/>
      </object_component>
      <object_component id="oc-db">
         <name>.debug_line</name>
         <load_address>0x16b9</load_address>
         <run_address>0x16b9</run_address>
         <size>0x68</size>
         <input_file_ref idref="fl-d3"/>
      </object_component>
      <object_component id="oc-24f">
         <name>.debug_line</name>
         <load_address>0x1721</load_address>
         <run_address>0x1721</run_address>
         <size>0x2e</size>
         <input_file_ref idref="fl-d3"/>
      </object_component>
      <object_component id="oc-de">
         <name>.debug_line</name>
         <load_address>0x174f</load_address>
         <run_address>0x174f</run_address>
         <size>0x3c</size>
         <input_file_ref idref="fl-d4"/>
      </object_component>
      <object_component id="oc-257">
         <name>.debug_line</name>
         <load_address>0x178b</load_address>
         <run_address>0x178b</run_address>
         <size>0x82</size>
         <input_file_ref idref="fl-d5"/>
      </object_component>
      <object_component id="oc-25f">
         <name>.debug_line</name>
         <load_address>0x180d</load_address>
         <run_address>0x180d</run_address>
         <size>0x7d</size>
         <input_file_ref idref="fl-d5"/>
      </object_component>
      <object_component id="oc-196">
         <name>.debug_line</name>
         <load_address>0x188a</load_address>
         <run_address>0x188a</run_address>
         <size>0x92</size>
         <input_file_ref idref="fl-d5"/>
      </object_component>
      <object_component id="oc-204">
         <name>.debug_line</name>
         <load_address>0x191c</load_address>
         <run_address>0x191c</run_address>
         <size>0x95</size>
         <input_file_ref idref="fl-d5"/>
      </object_component>
      <object_component id="oc-1fe">
         <name>.debug_line</name>
         <load_address>0x19b1</load_address>
         <run_address>0x19b1</run_address>
         <size>0xd1</size>
         <input_file_ref idref="fl-d5"/>
      </object_component>
      <object_component id="oc-137">
         <name>.debug_line</name>
         <load_address>0x1a82</load_address>
         <run_address>0x1a82</run_address>
         <size>0x93</size>
         <input_file_ref idref="fl-d5"/>
      </object_component>
      <object_component id="oc-16d">
         <name>.debug_line</name>
         <load_address>0x1b15</load_address>
         <run_address>0x1b15</run_address>
         <size>0x93</size>
         <input_file_ref idref="fl-d5"/>
      </object_component>
      <object_component id="oc-14f">
         <name>.debug_line</name>
         <load_address>0x1ba8</load_address>
         <run_address>0x1ba8</run_address>
         <size>0x93</size>
         <input_file_ref idref="fl-d5"/>
      </object_component>
      <object_component id="oc-107">
         <name>.debug_line</name>
         <load_address>0x1c3b</load_address>
         <run_address>0x1c3b</run_address>
         <size>0x99</size>
         <input_file_ref idref="fl-d5"/>
      </object_component>
      <object_component id="oc-131">
         <name>.debug_line</name>
         <load_address>0x1cd4</load_address>
         <run_address>0x1cd4</run_address>
         <size>0xa7</size>
         <input_file_ref idref="fl-d5"/>
      </object_component>
      <object_component id="oc-25d">
         <name>.debug_line</name>
         <load_address>0x1d7b</load_address>
         <run_address>0x1d7b</run_address>
         <size>0x7c</size>
         <input_file_ref idref="fl-d6"/>
      </object_component>
      <object_component id="oc-25b">
         <name>.debug_line</name>
         <load_address>0x1df7</load_address>
         <run_address>0x1df7</run_address>
         <size>0x82</size>
         <input_file_ref idref="fl-d6"/>
      </object_component>
      <object_component id="oc-11f">
         <name>.debug_line</name>
         <load_address>0x1e79</load_address>
         <run_address>0x1e79</run_address>
         <size>0xc2</size>
         <input_file_ref idref="fl-d6"/>
      </object_component>
      <object_component id="oc-263">
         <name>.debug_line</name>
         <load_address>0x1f3b</load_address>
         <run_address>0x1f3b</run_address>
         <size>0x82</size>
         <input_file_ref idref="fl-d7"/>
      </object_component>
      <object_component id="oc-19c">
         <name>.debug_line</name>
         <load_address>0x1fbd</load_address>
         <run_address>0x1fbd</run_address>
         <size>0x9e</size>
         <input_file_ref idref="fl-d7"/>
      </object_component>
      <object_component id="oc-161">
         <name>.debug_line</name>
         <load_address>0x205b</load_address>
         <run_address>0x205b</run_address>
         <size>0x95</size>
         <input_file_ref idref="fl-d7"/>
      </object_component>
      <object_component id="oc-15b">
         <name>.debug_line</name>
         <load_address>0x20f0</load_address>
         <run_address>0x20f0</run_address>
         <size>0x96</size>
         <input_file_ref idref="fl-d7"/>
      </object_component>
      <object_component id="oc-167">
         <name>.debug_line</name>
         <load_address>0x2186</load_address>
         <run_address>0x2186</run_address>
         <size>0x91</size>
         <input_file_ref idref="fl-d7"/>
      </object_component>
      <object_component id="oc-155">
         <name>.debug_line</name>
         <load_address>0x2217</load_address>
         <run_address>0x2217</run_address>
         <size>0x9b</size>
         <input_file_ref idref="fl-d7"/>
      </object_component>
      <object_component id="oc-238">
         <name>.debug_line</name>
         <load_address>0x22b2</load_address>
         <run_address>0x22b2</run_address>
         <size>0x82</size>
         <input_file_ref idref="fl-d8"/>
      </object_component>
      <object_component id="oc-1a2">
         <name>.debug_line</name>
         <load_address>0x2334</load_address>
         <run_address>0x2334</run_address>
         <size>0x91</size>
         <input_file_ref idref="fl-d8"/>
      </object_component>
      <object_component id="oc-17f">
         <name>.debug_line</name>
         <load_address>0x23c5</load_address>
         <run_address>0x23c5</run_address>
         <size>0x91</size>
         <input_file_ref idref="fl-d8"/>
      </object_component>
      <object_component id="oc-179">
         <name>.debug_line</name>
         <load_address>0x2456</load_address>
         <run_address>0x2456</run_address>
         <size>0x92</size>
         <input_file_ref idref="fl-d8"/>
      </object_component>
      <object_component id="oc-185">
         <name>.debug_line</name>
         <load_address>0x24e8</load_address>
         <run_address>0x24e8</run_address>
         <size>0x91</size>
         <input_file_ref idref="fl-d8"/>
      </object_component>
      <object_component id="oc-9e">
         <name>.debug_line</name>
         <load_address>0x2579</load_address>
         <run_address>0x2579</run_address>
         <size>0x91</size>
         <input_file_ref idref="fl-d8"/>
      </object_component>
      <object_component id="oc-18b">
         <name>.debug_line</name>
         <load_address>0x260a</load_address>
         <run_address>0x260a</run_address>
         <size>0x8e</size>
         <input_file_ref idref="fl-d8"/>
      </object_component>
      <object_component id="oc-1a9">
         <name>.debug_line</name>
         <load_address>0x2698</load_address>
         <run_address>0x2698</run_address>
         <size>0x91</size>
         <input_file_ref idref="fl-d8"/>
      </object_component>
      <object_component id="oc-174">
         <name>.debug_line</name>
         <load_address>0x2729</load_address>
         <run_address>0x2729</run_address>
         <size>0x92</size>
         <input_file_ref idref="fl-d8"/>
      </object_component>
      <object_component id="oc-1f1">
         <name>.debug_line</name>
         <load_address>0x27bb</load_address>
         <run_address>0x27bb</run_address>
         <size>0x13d</size>
         <input_file_ref idref="fl-da"/>
      </object_component>
      <object_component id="oc-259">
         <name>.debug_line</name>
         <load_address>0x28f8</load_address>
         <run_address>0x28f8</run_address>
         <size>0x7f</size>
         <input_file_ref idref="fl-da"/>
      </object_component>
      <object_component id="oc-101">
         <name>.debug_line</name>
         <load_address>0x2977</load_address>
         <run_address>0x2977</run_address>
         <size>0x94</size>
         <input_file_ref idref="fl-da"/>
      </object_component>
      <object_component id="oc-149">
         <name>.debug_line</name>
         <load_address>0x2a0b</load_address>
         <run_address>0x2a0b</run_address>
         <size>0x94</size>
         <input_file_ref idref="fl-da"/>
      </object_component>
      <object_component id="oc-86">
         <name>.debug_line</name>
         <load_address>0x2a9f</load_address>
         <run_address>0x2a9f</run_address>
         <size>0xee</size>
         <input_file_ref idref="fl-da"/>
      </object_component>
      <object_component id="oc-113">
         <name>.debug_line</name>
         <load_address>0x2b8d</load_address>
         <run_address>0x2b8d</run_address>
         <size>0x11a</size>
         <input_file_ref idref="fl-da"/>
      </object_component>
      <object_component id="oc-1f5">
         <name>.debug_line</name>
         <load_address>0x2ca7</load_address>
         <run_address>0x2ca7</run_address>
         <size>0x7f</size>
         <input_file_ref idref="fl-da"/>
      </object_component>
      <object_component id="oc-236">
         <name>.debug_line</name>
         <load_address>0x2d26</load_address>
         <run_address>0x2d26</run_address>
         <size>0x82</size>
         <input_file_ref idref="fl-db"/>
      </object_component>
      <object_component id="oc-119">
         <name>.debug_line</name>
         <load_address>0x2da8</load_address>
         <run_address>0x2da8</run_address>
         <size>0x9c</size>
         <input_file_ref idref="fl-db"/>
      </object_component>
      <object_component id="oc-125">
         <name>.debug_line</name>
         <load_address>0x2e44</load_address>
         <run_address>0x2e44</run_address>
         <size>0x93</size>
         <input_file_ref idref="fl-db"/>
      </object_component>
      <object_component id="oc-98">
         <name>.debug_line</name>
         <load_address>0x2ed7</load_address>
         <run_address>0x2ed7</run_address>
         <size>0x93</size>
         <input_file_ref idref="fl-db"/>
      </object_component>
      <object_component id="oc-12b">
         <name>.debug_line</name>
         <load_address>0x2f6a</load_address>
         <run_address>0x2f6a</run_address>
         <size>0x93</size>
         <input_file_ref idref="fl-db"/>
      </object_component>
      <object_component id="oc-10d">
         <name>.debug_line</name>
         <load_address>0x2ffd</load_address>
         <run_address>0x2ffd</run_address>
         <size>0xb7</size>
         <input_file_ref idref="fl-db"/>
      </object_component>
      <object_component id="oc-247">
         <name>.debug_line</name>
         <load_address>0x30b4</load_address>
         <run_address>0x30b4</run_address>
         <size>0x82</size>
         <input_file_ref idref="fl-dc"/>
      </object_component>
      <object_component id="oc-143">
         <name>.debug_line</name>
         <load_address>0x3136</load_address>
         <run_address>0x3136</run_address>
         <size>0x92</size>
         <input_file_ref idref="fl-dc"/>
      </object_component>
      <object_component id="oc-224">
         <name>.debug_line</name>
         <load_address>0x31c8</load_address>
         <run_address>0x31c8</run_address>
         <size>0x93</size>
         <input_file_ref idref="fl-dc"/>
      </object_component>
      <object_component id="oc-21e">
         <name>.debug_line</name>
         <load_address>0x325b</load_address>
         <run_address>0x325b</run_address>
         <size>0x96</size>
         <input_file_ref idref="fl-dc"/>
      </object_component>
      <object_component id="oc-13d">
         <name>.debug_line</name>
         <load_address>0x32f1</load_address>
         <run_address>0x32f1</run_address>
         <size>0xb3</size>
         <input_file_ref idref="fl-dc"/>
      </object_component>
      <object_component id="oc-b0">
         <name>.debug_line</name>
         <load_address>0x33a4</load_address>
         <run_address>0x33a4</run_address>
         <size>0x93</size>
         <input_file_ref idref="fl-dc"/>
      </object_component>
      <object_component id="oc-36">
         <name>.debug_frame</name>
         <load_address>0x0</load_address>
         <run_address>0x0</run_address>
         <size>0xc8</size>
         <input_file_ref idref="fl-2"/>
      </object_component>
      <object_component id="oc-30">
         <name>.debug_frame</name>
         <load_address>0xc8</load_address>
         <run_address>0xc8</run_address>
         <size>0xb2</size>
         <input_file_ref idref="fl-4"/>
      </object_component>
      <object_component id="oc-a5">
         <name>.debug_frame</name>
         <load_address>0x17a</load_address>
         <run_address>0x17a</run_address>
         <size>0x14a</size>
         <input_file_ref idref="fl-5"/>
      </object_component>
      <object_component id="oc-93">
         <name>.debug_frame</name>
         <load_address>0x2c4</load_address>
         <run_address>0x2c4</run_address>
         <size>0x116</size>
         <input_file_ref idref="fl-6"/>
      </object_component>
      <object_component id="oc-ab">
         <name>.debug_frame</name>
         <load_address>0x3da</load_address>
         <run_address>0x3da</run_address>
         <size>0x8b</size>
         <input_file_ref idref="fl-7"/>
      </object_component>
      <object_component id="oc-8d">
         <name>.debug_frame</name>
         <load_address>0x465</load_address>
[...]
               <logical_group_ref idref="lg-b"/>
            </allocated_space>
            <allocated_space>
               <start_address>0x20000250</start_address>
               <size>0x2c</size>
               <logical_group_ref idref="lg-a"/>
            </allocated_space>
            <available_space>
               <start_address>0x2000027c</start_address>
               <size>0x7d84</size>
            </available_space>
         </usage_details>
      </memory_area>
   </placement_map>
   <cptbl_list>
      <cptbl>
         <name>__TI_cinit_table</name>
         <cprec>
            <name>.data</name>
            <load_address>0x1860</load_address>
            <load_size>0x1b</load_size>
            <run_address>0x20000250</run_address>
            <run_size>0x2c</run_size>
            <compression>rle</compression>
         </cprec>
         <cprec>
            <name>.bss</name>
            <load_address>0x1880</load_address>
            <load_size>0x9</load_size>
            <run_address>0x20000200</run_address>
            <run_size>0x50</run_size>
            <compression>rle</compression>
         </cprec>
      </cptbl>
   </cptbl_list>
   <handler_table>
      <handler_table_name>__TI_handler_table</handler_table_name>
      <handler>
         <index>0x0</index>
         <name>__TI_decompress_rle24</name>
      </handler>
      <handler>
         <index>0x1</index>
         <name>__TI_decompress_none</name>
      </handler>
   </handler_table>
   <symbol_table>
      <symbol id="sm-1">
         <name>__STACK_TOP</name>
         <value>0x20000200</value>
      </symbol>
      <symbol id="sm-2">
         <name>__TI_CINIT_Base</name>
         <value>0x1894</value>
      </symbol>
      <symbol id="sm-3">
         <name>__TI_CINIT_Limit</name>
         <value>0x18a4</value>
      </symbol>
      <symbol id="sm-4">
         <name>__TI_Handler_Table_Base</name>
         <value>0x188c</value>
      </symbol>
      <symbol id="sm-5">
         <name>__TI_Handler_Table_Limit</name>
         <value>0x1894</value>
      </symbol>
      <symbol id="sm-6">
         <name>binit</name>
         <value>0xffffffff</value>
      </symbol>
      <symbol id="sm-7">
         <name>__binit__</name>
         <value>0xffffffff</value>
      </symbol>
      <symbol id="sm-8">
         <name>__STACK_SIZE</name>
         <value>0x200</value>
      </symbol>
      <symbol id="sm-9">
         <name>__STACK_END</name>
         <value>0x20000200</value>
      </symbol>
      <symbol id="sm-a">
         <name>__c_args__</name>
         <value>0xffffffff</value>
      </symbol>
      <symbol id="sm-b">
         <name>__TI_pprof_out_hndl</name>
         <value>0xffffffff</value>
      </symbol>
      <symbol id="sm-c">
         <name>__TI_prof_data_start</name>
         <value>0xffffffff</value>
      </symbol>
      <symbol id="sm-d">
         <name>__TI_prof_data_size</name>
         <value>0xffffffff</value>
      </symbol>
      <symbol id="sm-50">
         <name>currentRPM</name>
         <value>0x20000260</value>
         <object_component_ref idref="oc-b2"/>
      </symbol>
      <symbol id="sm-51">
         <name>QEIIntHandler</name>
         <value>0xe59</value>
         <object_component_ref idref="oc-31"/>
      </symbol>
      <symbol id="sm-52">
         <name>UARTIntHandler</name>
         <value>0xe57</value>
         <object_component_ref idref="oc-31"/>
      </symbol>
      <symbol id="sm-53">
         <name>main</name>
         <value>0xe19</value>
         <object_component_ref idref="oc-31"/>
      </symbol>
      <symbol id="sm-54">
         <name>desiredRPM</name>
         <value>0x2000025c</value>
         <object_component_ref idref="oc-b2"/>
      </symbol>
      <symbol id="sm-55">
         <name>out</name>
         <value>0x20000264</value>
         <object_component_ref idref="oc-b2"/>
      </symbol>
      <symbol id="sm-56">
         <name>Timer0IntHandler</name>
         <value>0xe4b</value>
         <object_component_ref idref="oc-31"/>
      </symbol>
      <symbol id="sm-78">
         <name>ResetISR</name>
         <value>0x168b</value>
         <object_component_ref idref="oc-2b"/>
      </symbol>
      <symbol id="sm-79">
         <name>g_pfnVectors</name>
         <value>0x0</value>
         <object_component_ref idref="oc-f"/>
      </symbol>
      <symbol id="sm-cf">
         <name>setPWM</name>
         <value>0x26d</value>
         <object_component_ref idref="oc-a0"/>
      </symbol>
      <symbol id="sm-d0">
         <name>UART_OutUDec</name>
         <value>0x3bd</value>
         <object_component_ref idref="oc-a0"/>
      </symbol>
      <symbol id="sm-d1">
         <name>absolute</name>
         <value>0x2fd</value>
         <object_component_ref idref="oc-a0"/>
      </symbol>
      <symbol id="sm-d2">
         <name>UART_TransmitString</name>
         <value>0x315</value>
         <object_component_ref idref="oc-a0"/>
      </symbol>
      <symbol id="sm-d3">
         <name>GraphPlot1</name>
         <value>0x5ed</value>
         <object_component_ref idref="oc-a0"/>
      </symbol>
      <symbol id="sm-d4">
         <name>GraphPlot0</name>
         <value>0x52d</value>
         <object_component_ref idref="oc-a0"/>
      </symbol>
      <symbol id="sm-d5">
         <name>calculateRPM</name>
         <value>0x2c1</value>
         <object_component_ref idref="oc-a0"/>
      </symbol>
      <symbol id="sm-d6">
         <name>UART_OutDec</name>
         <value>0x487</value>
         <object_component_ref idref="oc-a0"/>
      </symbol>
      <symbol id="sm-106">
         <name>timerInit</name>
         <value>0x6b7</value>
         <object_component_ref idref="oc-8e"/>
      </symbol>
      <symbol id="sm-107">
         <name>uart5Init</name>
         <value>0x765</value>
         <object_component_ref idref="oc-8e"/>
      </symbol>
      <symbol id="sm-108">
         <name>uart1Init</name>
         <value>0x72d</value>
         <object_component_ref idref="oc-8e"/>
      </symbol>
      <symbol id="sm-109">
         <name>qeiInit</name>
         <value>0x7fd</value>
         <object_component_ref idref="oc-8e"/>
      </symbol>
      <symbol id="sm-10a">
         <name>uart0Init</name>
         <value>0x6f3</value>
         <object_component_ref idref="oc-8e"/>
      </symbol>
      <symbol id="sm-10b">
         <name>motorDirInit</name>
         <value>0x6a5</value>
         <object_component_ref idref="oc-8e"/>
      </symbol>
      <symbol id="sm-10c">
         <name>pwmInit</name>
         <value>0x7a9</value>
         <object_component_ref idref="oc-8e"/>
      </symbol>
      <symbol id="sm-127">
         <name>movingArray</name>
         <value>0x20000200</value>
      </symbol>
      <symbol id="sm-128">
         <name>movingArrayOut</name>
         <value>0xf05</value>
         <object_component_ref idref="oc-a6"/>
      </symbol>
      <symbol id="sm-129">
         <name>index</name>
         <value>0x20000274</value>
         <object_component_ref idref="oc-1bb"/>
      </symbol>
      <symbol id="sm-12a">
         <name>sum</name>
         <value>0x20000270</value>
         <object_component_ref idref="oc-1bb"/>
      </symbol>
      <symbol id="sm-141">
         <name>errorIntegral</name>
         <value>0x20000240</value>
      </symbol>
      <symbol id="sm-142">
         <name>prevError</name>
         <value>0x20000248</value>
      </symbol>
      <symbol id="sm-143">
         <name>Kp</name>
         <value>0x20000238</value>
      </symbol>
      <symbol id="sm-144">
         <name>Ki</name>
         <value>0x20000230</value>
      </symbol>
      <symbol id="sm-145">
         <name>Kd</name>
         <value>0x20000228</value>
      </symbol>
      <symbol id="sm-146">
         <name>PID</name>
         <value>0xd71</value>
         <object_component_ref idref="oc-88"/>
      </symbol>
      <symbol id="sm-147">
         <name>initPIDController</name>
         <value>0xd29</value>
         <object_component_ref idref="oc-88"/>
      </symbol>
      <symbol id="sm-158">
         <name>_c_int00</name>
         <value>0x12ed</value>
         <object_component_ref idref="oc-24"/>
      </symbol>
      <symbol id="sm-159">
         <name>__stack</name>
         <value>0x20000000</value>
         <object_component_ref idref="oc-2a"/>
      </symbol>
      <symbol id="sm-170">
         <name>__TI_decompress_none</name>
         <value>0x1671</value>
         <object_component_ref idref="oc-12"/>
      </symbol>
      <symbol id="sm-198">
         <name>__TI_decompress_rle24</name>
         <value>0x16d9</value>
         <object_component_ref idref="oc-18"/>
      </symbol>
      <symbol id="sm-1ba">
         <name>C$$EXIT</name>
         <value>0x1341</value>
         <object_component_ref idref="oc-77"/>
      </symbol>
      <symbol id="sm-1bb">
         <name>abort</name>
         <value>0x1345</value>
         <object_component_ref idref="oc-77"/>
      </symbol>
      <symbol id="sm-1bc">
         <name>exit</name>
         <value>0x134d</value>
         <object_component_ref idref="oc-77"/>
      </symbol>
      <symbol id="sm-1bd">
         <name>__TI_dtors_ptr</name>
         <value>0x20000254</value>
         <object_component_ref idref="oc-e7"/>
      </symbol>
      <symbol id="sm-1be">
         <name>__TI_cleanup_ptr</name>
         <value>0x20000250</value>
         <object_component_ref idref="oc-e7"/>
      </symbol>
      <symbol id="sm-1bf">
         <name>__TI_enable_exit_profile_output</name>
         <value>0x20000258</value>
         <object_component_ref idref="oc-e7"/>
      </symbol>
      <symbol id="sm-1ca">
         <name>__aeabi_dmul</name>
         <value>0xb39</value>
         <object_component_ref idref="oc-1af"/>
      </symbol>
      <symbol id="sm-1d6">
         <name>__aeabi_d2f</name>
         <value>0x114d</value>
         <object_component_ref idref="oc-1b4"/>
      </symbol>
      <symbol id="sm-1e0">
         <name>__aeabi_i2d</name>
         <value>0x14a5</value>
         <object_component_ref idref="oc-1aa"/>
      </symbol>
      <symbol id="sm-1fb">
         <name>memcpy</name>
         <value>0xfc5</value>
         <object_component_ref idref="oc-3a"/>
      </symbol>
      <symbol id="sm-1fc">
         <name>__aeabi_memcpy</name>
         <value>0xfc5</value>
         <object_component_ref idref="oc-3a"/>
      </symbol>
      <symbol id="sm-1fd">
         <name>__aeabi_memcpy8</name>
         <value>0xfc5</value>
         <object_component_ref idref="oc-3a"/>
      </symbol>
      <symbol id="sm-1fe">
         <name>__aeabi_memcpy4</name>
         <value>0xfc5</value>
         <object_component_ref idref="oc-3a"/>
      </symbol>
      <symbol id="sm-20d">
         <name>__aeabi_memset</name>
         <value>0x1063</value>
         <object_component_ref idref="oc-53"/>
      </symbol>
      <symbol id="sm-20e">
         <name>memset</name>
         <value>0x1069</value>
         <object_component_ref idref="oc-53"/>
      </symbol>
      <symbol id="sm-20f">
         <name>__aeabi_memset8</name>
         <value>0x1063</value>
         <object_component_ref idref="oc-53"/>
      </symbol>
      <symbol id="sm-210">
         <name>__aeabi_memset4</name>
         <value>0x1063</value>
         <object_component_ref idref="oc-53"/>
      </symbol>
      <symbol id="sm-211">
         <name>__aeabi_memclr8</name>
         <value>0x1061</value>
         <object_component_ref idref="oc-53"/>
      </symbol>
      <symbol id="sm-212">
         <name>__aeabi_memclr4</name>
         <value>0x1061</value>
         <object_component_ref idref="oc-53"/>
      </symbol>
      <symbol id="sm-213">
         <name>__aeabi_memclr</name>
         <value>0x1061</value>
         <object_component_ref idref="oc-53"/>
      </symbol>
      <symbol id="sm-21d">
         <name>__mpu_init</name>
         <value>0xa27</value>
         <object_component_ref idref="oc-5f"/>
      </symbol>
      <symbol id="sm-227">
         <name>_system_pre_init</name>
         <value>0x16eb</value>
         <object_component_ref idref="oc-65"/>
      </symbol>
      <symbol id="sm-22f">
         <name>main_func_sp</name>
         <value>0x20000278</value>
         <object_component_ref idref="oc-7d"/>
      </symbol>
      <symbol id="sm-248">
         <name>_nop</name>
         <value>0x15c7</value>
         <object_component_ref idref="oc-1e4"/>
      </symbol>
      <symbol id="sm-249">
         <name>_lock</name>
         <value>0x20000268</value>
         <object_component_ref idref="oc-ea"/>
      </symbol>
      <symbol id="sm-24a">
         <name>_unlock</name>
         <value>0x2000026c</value>
         <object_component_ref idref="oc-ea"/>
      </symbol>
      <symbol id="sm-24b">
         <name>_register_lock</name>
         <value>0x15bf</value>
         <object_component_ref idref="oc-1e4"/>
      </symbol>
      <symbol id="sm-24c">
         <name>_register_unlock</name>
         <value>0x15b9</value>
         <object_component_ref idref="oc-1e4"/>
      </symbol>
      <symbol id="sm-260">
         <name>_args_main</name>
         <value>0x1579</value>
         <object_component_ref idref="oc-71"/>
      </symbol>
      <symbol id="sm-285">
         <name>__TI_auto_init</name>
         <value>0x10dd</value>
         <object_component_ref idref="oc-6b"/>
      </symbol>
      <symbol id="sm-29f">
         <name>copy_in</name>
         <value>0x1395</value>
         <object_component_ref idref="oc-d7"/>
      </symbol>
      <symbol id="sm-2a9">
         <name>_system_post_cinit</name>
         <value>0x10db</value>
         <object_component_ref idref="oc-dd"/>
      </symbol>
      <symbol id="sm-2fb">
         <name>GPIOPinTypePWM</name>
         <value>0x15cd</value>
         <object_component_ref idref="oc-14b"/>
      </symbol>
      <symbol id="sm-2fc">
         <name>GPIOPinConfigure</name>
         <value>0x13e1</value>
         <object_component_ref idref="oc-12d"/>
      </symbol>
      <symbol id="sm-2fd">
         <name>GPIOPinTypeUART</name>
         <value>0x15f1</value>
         <object_component_ref idref="oc-133"/>
      </symbol>
      <symbol id="sm-2fe">
         <name>GPIOPinTypeGPIOOutput</name>
         <value>0x155f</value>
         <object_component_ref idref="oc-103"/>
      </symbol>
      <symbol id="sm-2ff">
         <name>GPIODirModeSet</name>
         <value>0x14d3</value>
         <object_component_ref idref="oc-200"/>
      </symbol>
      <symbol id="sm-300">
         <name>GPIOPinTypeQEI</name>
         <value>0x15df</value>
         <object_component_ref idref="oc-169"/>
      </symbol>
      <symbol id="sm-301">
         <name>GPIOPinWrite</name>
         <value>0x16cd</value>
         <object_component_ref idref="oc-192"/>
      </symbol>
      <symbol id="sm-302">
         <name>GPIOPadConfigSet</name>
         <value>0x8f5</value>
         <object_component_ref idref="oc-1fa"/>
      </symbol>
      <symbol id="sm-329">
         <name>IntEnable</name>
         <value>0x1225</value>
         <object_component_ref idref="oc-11b"/>
      </symbol>
      <symbol id="sm-356">
         <name>PWMGenPeriodSet</name>
         <value>0x1627</value>
         <object_component_ref idref="oc-157"/>
      </symbol>
      <symbol id="sm-357">
         <name>PWMPulseWidthSet</name>
         <value>0x1541</value>
         <object_component_ref idref="oc-198"/>
      </symbol>
      <symbol id="sm-358">
         <name>PWMOutputState</name>
         <value>0x1603</value>
         <object_component_ref idref="oc-15d"/>
      </symbol>
      <symbol id="sm-359">
         <name>PWMGenEnable</name>
         <value>0x167f</value>
         <object_component_ref idref="oc-163"/>
      </symbol>
      <symbol id="sm-35a">
         <name>PWMGenConfigure</name>
         <value>0x14fd</value>
         <object_component_ref idref="oc-151"/>
      </symbol>
      <symbol id="sm-39f">
         <name>QEIDirectionGet</name>
         <value>0x1655</value>
         <object_component_ref idref="oc-1a4"/>
      </symbol>
      <symbol id="sm-3a0">
         <name>QEIVelocityGet</name>
         <value>0x16e3</value>
         <object_component_ref idref="oc-19e"/>
      </symbol>
      <symbol id="sm-3a1">
         <name>QEIIntEnable</name>
         <value>0x16b5</value>
         <object_component_ref idref="oc-181"/>
      </symbol>
      <symbol id="sm-3a2">
         <name>QEIVelocityConfigure</name>
         <value>0x1637</value>
         <object_component_ref idref="oc-175"/>
      </symbol>
      <symbol id="sm-3a3">
         <name>QEIEnable</name>
         <value>0x1697</value>
         <object_component_ref idref="oc-187"/>
      </symbol>
      <symbol id="sm-3a4">
         <name>QEIIntClear</name>
         <value>0x16df</value>
         <object_component_ref idref="oc-9a"/>
      </symbol>
      <symbol id="sm-3a5">
         <name>QEIVelocityEnable</name>
         <value>0x16a1</value>
         <object_component_ref idref="oc-17b"/>
      </symbol>
      <symbol id="sm-3a6">
         <name>QEIConfigure</name>
         <value>0x1647</value>
         <object_component_ref idref="oc-16f"/>
      </symbol>
      <symbol id="sm-403">
         <name>SysCtlClockSet</name>
         <value>0xc35</value>
         <object_component_ref idref="oc-82"/>
      </symbol>
      <symbol id="sm-404">
         <name>SysCtlDelay</name>
         <value>0x16d3</value>
         <object_component_ref idref="oc-f2"/>
      </symbol>
      <symbol id="sm-405">
         <name>SysCtlPeripheralEnable</name>
         <value>0x1471</value>
         <object_component_ref idref="oc-fd"/>
      </symbol>
      <symbol id="sm-406">
         <name>SysCtlClockGet</name>
         <value>0xa29</value>
         <object_component_ref idref="oc-10f"/>
      </symbol>
      <symbol id="sm-407">
         <name>SysCtlPWMClockSet</name>
         <value>0x1591</value>
         <object_component_ref idref="oc-145"/>
      </symbol>
      <symbol id="sm-43b">
         <name>TimerLoadSet</name>
         <value>0x1615</value>
         <object_component_ref idref="oc-115"/>
      </symbol>
      <symbol id="sm-43c">
         <name>TimerEnable</name>
         <value>0x1663</value>
         <object_component_ref idref="oc-127"/>
      </symbol>
      <symbol id="sm-43d">
         <name>TimerIntEnable</name>
         <value>0x16bd</value>
         <object_component_ref idref="oc-121"/>
      </symbol>
      <symbol id="sm-43e">
         <name>TimerConfigure</name>
         <value>0x128d</value>
         <object_component_ref idref="oc-109"/>
      </symbol>
      <symbol id="sm-43f">
         <name>TimerIntClear</name>
         <value>0x16e7</value>
         <object_component_ref idref="oc-94"/>
      </symbol>
      <symbol id="sm-471">
         <name>UARTConfigSetExpClk</name>
         <value>0x1429</value>
         <object_component_ref idref="oc-139"/>
      </symbol>
      <symbol id="sm-472">
         <name>UARTDisable</name>
         <value>0x1521</value>
         <object_component_ref idref="oc-21a"/>
      </symbol>
      <symbol id="sm-473">
         <name>UARTIntEnable</name>
         <value>0x16c5</value>
         <object_component_ref idref="oc-13f"/>
      </symbol>
      <symbol id="sm-474">
         <name>UARTCharPut</name>
         <value>0x16ab</value>
         <object_component_ref idref="oc-ac"/>
      </symbol>
      <symbol id="sm-475">
         <name>UARTEnable</name>
         <value>0x15a5</value>
         <object_component_ref idref="oc-220"/>
      </symbol>
      <symbol id="sm-477">
         <name>__TI_static_base__</name>
         <value>0x0</value>
      </symbol>
      <symbol id="sm-47a">
         <name>SHT$$INIT_ARRAY$$Limit</name>
         <value>0x0</value>
      </symbol>
      <symbol id="sm-47b">
         <name>SHT$$INIT_ARRAY$$Base</name>
         <value>0x0</value>
      </symbol>
   </symbol_table>
   <title>Link successful</title>
</link_info>
