******************************************************************************
                  TI ARM Linker PC v15.12.1                    
******************************************************************************
>> Linked Wed Jun 22 17:34:13 2016

OUTPUT FILE NAME:   <Triwheel - One Wheel.out>
ENTRY POINT SYMBOL: "_c_int00"  address: 00001389


MEMORY CONFIGURATION

         name            origin    length      used     unused   attr    fill
----------------------  --------  ---------  --------  --------  ----  --------
  FLASH                 00000000   00040000  0000195c  0003e6a4  R  X
  SRAM                  20000000   00008000  00000288  00007d78  RW X


SEGMENT ALLOCATION MAP

run origin  load origin   length   init length attrs members
----------  ----------- ---------- ----------- ----- -------
00000000    00000000    0000195c   0000195c    r-x
  00000000    00000000    0000026c   0000026c    r-- .intvecs
  0000026c    0000026c    00001548   00001548    r-x .text
  000017b4    000017b4    0000016c   0000016c    r-- .const
  00001920    00001920    0000003c   0000003c    r-- .cinit
20000000    20000000    00000288   00000000    rw-
  20000000    20000000    00000200   00000000    rw- .stack
  20000200    20000200    00000050   00000000    rw- .bss
  20000250    20000250    00000038   00000000    rw- .data


SECTION ALLOCATION MAP

 output                                  attributes/
section   page    origin      length       input sections
--------  ----  ----------  ----------   ----------------
.intvecs   0    00000000    0000026c     
                  00000000    0000026c     tm4c123gh6pm_startup_ccs.obj (.intvecs)

.text      0    0000026c    00001548     
                  0000026c    00000460     common.obj (.text)
                  000006cc    0000024c     init.obj (.text)
                  00000918    00000164     main.obj (.text)
                  00000a7c    00000132     driverlib.lib : gpio.obj (.text:GPIOPadConfigSet)
                  00000bae    00000002     rtsv7M4_T_le_v4SPD16_eabi.lib : mpu_init.obj (.text)
                  00000bb0    00000110     driverlib.lib : sysctl.obj (.text:SysCtlClockGet)
                  00000cc0    000000fc     rtsv7M4_T_le_v4SPD16_eabi.lib : fd_mul_t2.obj (.text)
                  00000dbc    000000f4     driverlib.lib : sysctl.obj (.text:SysCtlClockSet)
                  00000eb0    000000f0     pidController.obj (.text)
                  00000fa0    000000c0     movingArray.obj (.text)
                  00001060    0000009c     rtsv7M4_T_le_v4SPD16_eabi.lib : memcpy_t2.obj (.text)
                  000010fc    0000007a                                   : memset_t2.obj (.text)
                  00001176    00000002                                   : startup.obj (.text)
                  00001178    00000070                                   : autoinit.obj (.text)
                  000011e8    0000006e                                   : fd_tos_t2.obj (.text)
                  00001256    0000006a                                   : copy_decompress_rle.obj (.text)
                  000012c0    00000068     driverlib.lib : interrupt.obj (.text:IntEnable)
                  00001328    00000060                   : timer.obj (.text:TimerConfigure)
                  00001388    00000054     rtsv7M4_T_le_v4SPD16_eabi.lib : boot.obj (.text)
                  000013dc    00000054                                   : exit.obj (.text)
                  00001430    0000004c                                   : cpy_tbl.obj (.text)
                  0000147c    00000048     driverlib.lib : gpio.obj (.text:GPIOPinConfigure)
                  000014c4    00000046                   : uart.obj (.text:UARTConfigSetExpClk)
                  0000150a    00000002     --HOLE-- [fill = 0]
                  0000150c    00000034                   : sysctl.obj (.text:SysCtlPeripheralEnable)
                  00001540    0000002e     rtsv7M4_T_le_v4SPD16_eabi.lib : i_tofd_t2.obj (.text)
                  0000156e    0000002a     driverlib.lib : gpio.obj (.text:GPIODirModeSet)
                  00001598    00000022                   : pwm.obj (.text:PWMGenConfigure)
                  000015ba    00000002     --HOLE-- [fill = 0]
                  000015bc    00000020                   : uart.obj (.text:UARTDisable)
                  000015dc    0000001e                   : pwm.obj (.text:PWMPulseWidthSet)
                  000015fa    00000018                   : gpio.obj (.text:GPIOPinTypeGPIOOutput)
                  00001612    00000002     --HOLE-- [fill = 0]
                  00001614    00000018     rtsv7M4_T_le_v4SPD16_eabi.lib : args_main.obj (.text)
                  0000162c    00000014     driverlib.lib : sysctl.obj (.text:SysCtlPWMClockSet)
                  00001640    00000014                   : uart.obj (.text:UARTEnable)
                  00001654    00000014     rtsv7M4_T_le_v4SPD16_eabi.lib : _lock.obj (.text)
                  00001668    00000012     driverlib.lib : gpio.obj (.text:GPIOPinTypePWM)
                  0000167a    00000012                   : gpio.obj (.text:GPIOPinTypeQEI)
                  0000168c    00000012                   : gpio.obj (.text:GPIOPinTypeUART)
                  0000169e    00000012                   : pwm.obj (.text:PWMOutputState)
                  000016b0    00000012                   : timer.obj (.text:TimerLoadSet)
                  000016c2    00000010                   : interrupt.obj (.text:IntMasterEnable)
                  000016d2    00000010                   : pwm.obj (.text:PWMGenPeriodSet)
                  000016e2    00000010                   : qei.obj (.text:QEIVelocityConfigure)
                  000016f2    0000000e                   : qei.obj (.text:QEIConfigure)
                  00001700    0000000e                   : qei.obj (.text:QEIDirectionGet)
                  0000170e    0000000e                   : timer.obj (.text:TimerEnable)
                  0000171c    0000000e     rtsv7M4_T_le_v4SPD16_eabi.lib : copy_decompress_none.obj (.text:decompress:none)
                  0000172a    0000000c     driverlib.lib : cpu.obj (.text:CPUcpsie)
                  00001736    0000000c                   : pwm.obj (.text:PWMGenEnable)
                  00001742    0000000c     tm4c123gh6pm_startup_ccs.obj (.text)
                  0000174e    0000000a     driverlib.lib : qei.obj (.text:QEIEnable)
                  00001758    0000000a                   : qei.obj (.text:QEIVelocityEnable)
                  00001762    0000000a                   : uart.obj (.text:UARTCharPut)
                  0000176c    0000000a                   : uart.obj (.text:UARTIntStatus)
                  00001776    00000008                   : qei.obj (.text:QEIIntEnable)
                  0000177e    00000008                   : timer.obj (.text:TimerIntEnable)
                  00001786    00000008                   : uart.obj (.text:UARTIntEnable)
                  0000178e    00000006                   : gpio.obj (.text:GPIOPinWrite)
                  00001794    00000006                   : sysctl.obj (.text:SysCtlDelay)
                  0000179a    00000006     rtsv7M4_T_le_v4SPD16_eabi.lib : copy_decompress_rle.obj (.text:decompress:rle24)
                  000017a0    00000004     driverlib.lib : qei.obj (.text:QEIIntClear)
                  000017a4    00000004                   : qei.obj (.text:QEIVelocityGet)
                  000017a8    00000004                   : timer.obj (.text:TimerIntClear)
                  000017ac    00000004                   : uart.obj (.text:UARTIntClear)
                  000017b0    00000004     rtsv7M4_T_le_v4SPD16_eabi.lib : pre_init.obj (.text)

.const     0    000017b4    0000016c     
                  000017b4    00000090     driverlib.lib : gpio.obj (.const:g_pui32GPIOBaseAddrs)
                  00001844    00000070                   : interrupt.obj (.const)
                  000018b4    0000006c                   : sysctl.obj (.const:g_pui32Xtals)

.cinit     0    00001920    0000003c     
                  00001920    00000016     (.cinit..data.load) [load image, compression = rle]
                  00001936    00000002     --HOLE-- [fill = 0]
                  00001938    00000009     (.cinit..bss.load) [load image, compression = rle]
                  00001941    00000003     --HOLE-- [fill = 0]
                  00001944    00000008     (__TI_handler_table)
                  0000194c    00000010     (__TI_cinit_table)

.init_array 
*          0    00000000    00000000     UNINITIALIZED

.stack     0    20000000    00000200     UNINITIALIZED
                  20000000    00000200     --HOLE--

.bss       0    20000200    00000050     UNINITIALIZED
                  20000200    00000028     (.common:movingArray)
                  20000228    00000008     (.common:Kd)
                  20000230    00000008     (.common:Ki)
                  20000238    00000008     (.common:Kp)
                  20000240    00000008     (.common:errorIntegral)
                  20000248    00000008     (.common:prevError)

.data      0    20000250    00000038     UNINITIALIZED
                  20000250    00000018     main.obj (.data)
                  20000268    0000000c     rtsv7M4_T_le_v4SPD16_eabi.lib : exit.obj (.data:$O1$$)
                  20000274    00000008                                   : _lock.obj (.data:$O1$$)
                  2000027c    00000008     movingArray.obj (.data)
                  20000284    00000004     rtsv7M4_T_le_v4SPD16_eabi.lib : stkdepth_vars.obj (.data)

MODULE SUMMARY

       Module                         code   ro data   rw data
       ------                         ----   -------   -------
    .\
       tm4c123gh6pm_startup_ccs.obj   12     620       0      
       main.obj                       356    0         24     
    +--+------------------------------+------+---------+---------+
       Total:                         368    620       24     
                                                              
    .\userLib\
       common.obj                     1120   0         0      
       init.obj                       588    0         0      
       pidController.obj              240    0         40     
       movingArray.obj                192    0         48     
    +--+------------------------------+------+---------+---------+
       Total:                         2140   0         88     
                                                              
    C:/ti/TivaWare_C_Series-2.1.2.111/driverlib/ccs/Debug/driverlib.lib
       sysctl.obj                     594    108       0      
       gpio.obj                       504    144       0      
       interrupt.obj                  120    112       0      
       uart.obj                       154    0         0      
       timer.obj                      140    0         0      
       pwm.obj                        110    0         0      
       qei.obj                        80     0         0      
       cpu.obj                        12     0         0      
    +--+------------------------------+------+---------+---------+
       Total:                         1714   364       0      
                                                              
    C:\ti\ccsv6\tools\compiler\ti-cgt-arm_15.12.1.LTS\lib\rtsv7M4_T_le_v4SPD16_eabi.lib
       fd_mul_t2.obj                  252    0         0      
       memcpy_t2.obj                  156    0         0      
       memset_t2.obj                  122    0         0      
       autoinit.obj                   112    0         0      
       copy_decompress_rle.obj        112    0         0      
       fd_tos_t2.obj                  110    0         0      
       exit.obj                       84     0         12     
       boot.obj                       84     0         0      
       cpy_tbl.obj                    76     0         0      
       i_tofd_t2.obj                  46     0         0      
       _lock.obj                      20     0         8      
       args_main.obj                  24     0         0      
       copy_decompress_none.obj       14     0         0      
       pre_init.obj                   4      0         0      
       stkdepth_vars.obj              0      0         4      
       mpu_init.obj                   2      0         0      
       startup.obj                    2      0         0      
    +--+------------------------------+------+---------+---------+
       Total:                         1220   0         24     
                                                              
       Stack:                         0      0         512    
       Linker Generated:              0      55        0      
    +--+------------------------------+------+---------+---------+
       Grand Total:                   5442   1039      648    


LINKER GENERATED COPY TABLES

__TI_cinit_table @ 0000194c records: 2, size/record: 8, table size: 16
	.data: load addr=00001920, load size=00000016 bytes, run addr=20000250, run size=00000038 bytes, compression=rle
	.bss: load addr=00001938, load size=00000009 bytes, run addr=20000200, run size=00000050 bytes, compression=rle


LINKER GENERATED HANDLER TABLE

__TI_handler_table @ 00001944 records: 2, size/record: 4, table size: 8
	index: 0, handler: __TI_decompress_rle24
	index: 1, handler: __TI_decompress_none


GLOBAL SYMBOLS: SORTED ALPHABETICALLY BY Name 

address   name                           
-------   ----                           
000013dd  C$$EXIT                        
0000172b  CPUcpsie                       
0000156f  GPIODirModeSet                 
00000a7d  GPIOPadConfigSet               
0000147d  GPIOPinConfigure               
000015fb  GPIOPinTypeGPIOOutput          
00001669  GPIOPinTypePWM                 
0000167b  GPIOPinTypeQEI                 
0000168d  GPIOPinTypeUART                
0000178f  GPIOPinWrite                   
00000559  GraphPlot0                     
00000619  GraphPlot1                     
000012c1  IntEnable                      
000016c3  IntMasterEnable                
20000228  Kd                             
20000230  Ki                             
20000238  Kp                             
00000ef9  PID                            
00001599  PWMGenConfigure                
00001737  PWMGenEnable                   
000016d3  PWMGenPeriodSet                
0000169f  PWMOutputState                 
000015dd  PWMPulseWidthSet               
000016f3  QEIConfigure                   
00001701  QEIDirectionGet                
0000174f  QEIEnable                      
000017a1  QEIIntClear                    
00001777  QEIIntEnable                   
000009fd  QEIIntHandler                  
000016e3  QEIVelocityConfigure           
00001759  QEIVelocityEnable              
000017a5  QEIVelocityGet                 
00001743  ResetISR                       
UNDEFED   SHT$$INIT_ARRAY$$Base          
UNDEFED   SHT$$INIT_ARRAY$$Limit         
00000bb1  SysCtlClockGet                 
00000dbd  SysCtlClockSet                 
00001795  SysCtlDelay                    
0000162d  SysCtlPWMClockSet              
0000150d  SysCtlPeripheralEnable         
00000987  Timer0IntHandler               
00001329  TimerConfigure                 
0000170f  TimerEnable                    
000017a9  TimerIntClear                  
0000177f  TimerIntEnable                 
000016b1  TimerLoadSet                   
00001763  UARTCharPut                    
000014c5  UARTConfigSetExpClk            
000015bd  UARTDisable                    
00001641  UARTEnable                     
000017ad  UARTIntClear                   
00001787  UARTIntEnable                  
00000993  UARTIntHandler                 
0000176d  UARTIntStatus                  
000004ab  UART_OutDec                    
000003e1  UART_OutUDec                   
00000339  UART_TransmitString            
20000200  __STACK_END                    
00000200  __STACK_SIZE                   
20000200  __STACK_TOP                    
0000194c  __TI_CINIT_Base                
0000195c  __TI_CINIT_Limit               
00001944  __TI_Handler_Table_Base        
0000194c  __TI_Handler_Table_Limit       
00001179  __TI_auto_init                 
20000268  __TI_cleanup_ptr               
0000171d  __TI_decompress_none           
0000179b  __TI_decompress_rle24          
2000026c  __TI_dtors_ptr                 
20000270  __TI_enable_exit_profile_output
ffffffff  __TI_pprof_out_hndl            
ffffffff  __TI_prof_data_size            
ffffffff  __TI_prof_data_start           
00000000  __TI_static_base__             
000011e9  __aeabi_d2f                    
00000cc1  __aeabi_dmul                   
00001541  __aeabi_i2d                    
000010fd  __aeabi_memclr                 
000010fd  __aeabi_memclr4                
000010fd  __aeabi_memclr8                
00001061  __aeabi_memcpy                 
00001061  __aeabi_memcpy4                
00001061  __aeabi_memcpy8                
000010ff  __aeabi_memset                 
000010ff  __aeabi_memset4                
000010ff  __aeabi_memset8                
ffffffff  __binit__                      
ffffffff  __c_args__                     
00000baf  __mpu_init                     
20000000  __stack                        
00001615  _args_main                     
00001389  _c_int00                       
20000274  _lock                          
00001663  _nop                           
0000165b  _register_lock                 
00001655  _register_unlock               
00001177  _system_post_cinit             
000017b1  _system_pre_init               
20000278  _unlock                        
000013e1  abort                          
00000321  absolute                       
ffffffff  binit                          
000002e5  calculateRPM                   
00001431  copy_in                        
20000254  currentRPM                     
20000250  desiredRPM                     
20000240  errorIntegral                  
000013e9  exit                           
00000000  g_pfnVectors                   
20000280  index                          
00000eb1  initPIDController              
00000919  main                           
20000284  main_func_sp                   
20000260  maxPWM                         
00001061  memcpy                         
00001105  memset                         
20000264  minPWM                         
000006cd  motorDirInit                   
20000200  movingArray                    
00000fa1  movingArrayOut                 
20000258  out                            
20000248  prevError                      
000007cf  pwmInit                        
00000825  qeiInit                        
0000026d  setPWM                         
2000027c  sum                            
000006df  timerInit                      
00000719  uart0Init                      
00000753  uart1Init                      
0000078b  uart5Init                      
2000025c  uartReceiveCount               


GLOBAL SYMBOLS: SORTED BY Symbol Address 

address   name                           
-------   ----                           
00000000  __TI_static_base__             
00000000  g_pfnVectors                   
00000200  __STACK_SIZE                   
0000026d  setPWM                         
000002e5  calculateRPM                   
00000321  absolute                       
00000339  UART_TransmitString            
000003e1  UART_OutUDec                   
000004ab  UART_OutDec                    
00000559  GraphPlot0                     
00000619  GraphPlot1                     
000006cd  motorDirInit                   
000006df  timerInit                      
00000719  uart0Init                      
00000753  uart1Init                      
0000078b  uart5Init                      
000007cf  pwmInit                        
00000825  qeiInit                        
00000919  main                           
00000987  Timer0IntHandler               
00000993  UARTIntHandler                 
000009fd  QEIIntHandler                  
00000a7d  GPIOPadConfigSet               
00000baf  __mpu_init                     
00000bb1  SysCtlClockGet                 
00000cc1  __aeabi_dmul                   
00000dbd  SysCtlClockSet                 
00000eb1  initPIDController              
00000ef9  PID                            
00000fa1  movingArrayOut                 
00001061  __aeabi_memcpy                 
00001061  __aeabi_memcpy4                
00001061  __aeabi_memcpy8                
00001061  memcpy                         
000010fd  __aeabi_memclr                 
000010fd  __aeabi_memclr4                
000010fd  __aeabi_memclr8                
000010ff  __aeabi_memset                 
000010ff  __aeabi_memset4                
000010ff  __aeabi_memset8                
00001105  memset                         
00001177  _system_post_cinit             
00001179  __TI_auto_init                 
000011e9  __aeabi_d2f                    
000012c1  IntEnable                      
00001329  TimerConfigure                 
00001389  _c_int00                       
000013dd  C$$EXIT                        
000013e1  abort                          
000013e9  exit                           
00001431  copy_in                        
0000147d  GPIOPinConfigure               
000014c5  UARTConfigSetExpClk            
0000150d  SysCtlPeripheralEnable         
00001541  __aeabi_i2d                    
0000156f  GPIODirModeSet                 
00001599  PWMGenConfigure                
000015bd  UARTDisable                    
000015dd  PWMPulseWidthSet               
000015fb  GPIOPinTypeGPIOOutput          
00001615  _args_main                     
0000162d  SysCtlPWMClockSet              
00001641  UARTEnable                     
00001655  _register_unlock               
0000165b  _register_lock                 
00001663  _nop                           
00001669  GPIOPinTypePWM                 
0000167b  GPIOPinTypeQEI                 
0000168d  GPIOPinTypeUART                
0000169f  PWMOutputState                 
000016b1  TimerLoadSet                   
000016c3  IntMasterEnable                
000016d3  PWMGenPeriodSet                
000016e3  QEIVelocityConfigure           
000016f3  QEIConfigure                   
00001701  QEIDirectionGet                
0000170f  TimerEnable                    
0000171d  __TI_decompress_none           
0000172b  CPUcpsie                       
00001737  PWMGenEnable                   
00001743  ResetISR                       
0000174f  QEIEnable                      
00001759  QEIVelocityEnable              
00001763  UARTCharPut                    
0000176d  UARTIntStatus                  
00001777  QEIIntEnable                   
0000177f  TimerIntEnable                 
00001787  UARTIntEnable                  
0000178f  GPIOPinWrite                   
00001795  SysCtlDelay                    
0000179b  __TI_decompress_rle24          
000017a1  QEIIntClear                    
000017a5  QEIVelocityGet                 
000017a9  TimerIntClear                  
000017ad  UARTIntClear                   
000017b1  _system_pre_init               
00001944  __TI_Handler_Table_Base        
0000194c  __TI_CINIT_Base                
0000194c  __TI_Handler_Table_Limit       
0000195c  __TI_CINIT_Limit               
20000000  __stack                        
20000200  __STACK_END                    
20000200  __STACK_TOP                    
20000200  movingArray                    
20000228  Kd                             
20000230  Ki                             
20000238  Kp                             
20000240  errorIntegral                  
20000248  prevError                      
20000250  desiredRPM                     
20000254  currentRPM                     
20000258  out                            
2000025c  uartReceiveCount               
20000260  maxPWM                         
20000264  minPWM                         
20000268  __TI_cleanup_ptr               
2000026c  __TI_dtors_ptr                 
20000270  __TI_enable_exit_profile_output
20000274  _lock                          
20000278  _unlock                        
2000027c  sum                            
20000280  index                          
20000284  main_func_sp                   
ffffffff  __TI_pprof_out_hndl            
ffffffff  __TI_prof_data_size            
ffffffff  __TI_prof_data_start           
ffffffff  __binit__                      
ffffffff  __c_args__                     
ffffffff  binit                          
UNDEFED   SHT$$INIT_ARRAY$$Base          
UNDEFED   SHT$$INIT_ARRAY$$Limit         

[131 symbols]
