******************************************************************************
                  TI ARM Linker PC v15.12.1                    
******************************************************************************
>> Linked Sat Aug 27 01:53:05 2016

OUTPUT FILE NAME:   <blink.out>
ENTRY POINT SYMBOL: "_c_int00"  address: 000004c9


MEMORY CONFIGURATION

         name            origin    length      used     unused   attr    fill
----------------------  --------  ---------  --------  --------  ----  --------
  FLASH                 00000000   00040000  00000958  0003f6a8  R  X
  SRAM                  20000000   00008000  00000219  00007de7  RW X


SEGMENT ALLOCATION MAP

run origin  load origin   length   init length attrs members
----------  ----------- ---------- ----------- ----- -------
00000000    00000000    00000960   00000960    r-x
  00000000    00000000    0000026c   0000026c    r-- .intvecs
  0000026c    0000026c    000003c8   000003c8    r-x .text
  00000634    00000634    0000014e   0000014e    r-x .text.GPIOPadConfigSet
  00000784    00000784    00000130   00000130    r-x .text.SysCtlClockSet
  000008b4    000008b4    00000030   00000030    r-x .text.SysCtlPeripheralEnable
  000008e4    000008e4    0000002e   0000002e    r-x .text.GPIODirModeSet
  00000912    00000912    0000001c   0000001c    r-x .text.GPIOPinTypeGPIOOutput
  0000092e    0000092e    00000006   00000006    r-x .text.GPIOPinWrite
  00000934    00000934    00000006   00000006    r-x .text.SysCtlDelay
  00000940    00000940    00000020   00000020    r-- .cinit
20000000    20000000    00000219   00000000    rw-
  20000000    20000000    00000200   00000000    rw- .stack
  20000200    20000200    00000019   00000000    rw- .data


SECTION ALLOCATION MAP

 output                                  attributes/
section   page    origin      length       input sections
--------  ----  ----------  ----------   ----------------
.intvecs   0    00000000    0000026c     
                  00000000    0000026c     tm4c123gh6pm_startup_ccs.obj (.intvecs)

.text      0    0000026c    000003c8     
                  0000026c    0000009c     rtsv7M4_T_le_v4SPD16_eabi.lib : memcpy_t2.obj (.text)
                  00000308    0000007a                                   : memset_t2.obj (.text)
                  00000382    00000002                                   : mpu_init.obj (.text)
                  00000384    00000070                                   : autoinit.obj (.text)
                  000003f4    0000006a                                   : copy_decompress_rle.obj (.text)
                  0000045e    00000002                                   : startup.obj (.text)
                  00000460    00000068     main.obj (.text)
                  000004c8    00000054     rtsv7M4_T_le_v4SPD16_eabi.lib : boot.obj (.text)
                  0000051c    00000054                                   : exit.obj (.text)
                  00000570    0000004c                                   : cpy_tbl.obj (.text)
                  000005bc    00000018                                   : args_main.obj (.text)
                  000005d4    00000014                                   : _lock.obj (.text)
                  000005e8    0000000e                                   : copy_decompress_none.obj (.text:decompress:none)
                  000005f6    0000000c     tm4c123gh6pm_startup_ccs.obj (.text)
                  00000602    00000006     rtsv7M4_T_le_v4SPD16_eabi.lib : copy_decompress_rle.obj (.text:decompress:rle24)
                  00000608    00000004                                   : pre_init.obj (.text)
                  0000060c    00000008     libdriver.a : sysctl.o (.tramp.SysCtlDelay.1)
                  00000614    00000008                 : gpio.o (.tramp.GPIOPinWrite.1)
                  0000061c    00000008                 : gpio.o (.tramp.GPIOPinTypeGPIOOutput.1)
                  00000624    00000008                 : sysctl.o (.tramp.SysCtlPeripheralEnable.1)
                  0000062c    00000008                 : sysctl.o (.tramp.SysCtlClockSet.1)

.text.GPIOPadConfigSet 
*          0    00000634    0000014e     
                  00000634    0000014e     libdriver.a : gpio.o (.text.GPIOPadConfigSet)

.text.SysCtlClockSet 
*          0    00000784    00000130     
                  00000784    00000128     libdriver.a : sysctl.o (.text.SysCtlClockSet)
                  000008ac    00000008                 : sysctl.o (.tramp.SysCtlDelay.2)

.text.SysCtlPeripheralEnable 
*          0    000008b4    00000030     
                  000008b4    00000030     libdriver.a : sysctl.o (.text.SysCtlPeripheralEnable)

.text.GPIODirModeSet 
*          0    000008e4    0000002e     
                  000008e4    0000002e     libdriver.a : gpio.o (.text.GPIODirModeSet)

.text.GPIOPinTypeGPIOOutput 
*          0    00000912    0000001c     
                  00000912    0000001c     libdriver.a : gpio.o (.text.GPIOPinTypeGPIOOutput)

.text.GPIOPinWrite 
*          0    0000092e    00000006     
                  0000092e    00000006     libdriver.a : gpio.o (.text.GPIOPinWrite)

.text.SysCtlDelay 
*          0    00000934    00000006     
                  00000934    00000006     libdriver.a : sysctl.o (.text.SysCtlDelay)

.cinit     0    00000940    00000020     
                  00000940    0000000e     (.cinit..data.load) [load image, compression = rle]
                  0000094e    00000002     --HOLE-- [fill = 0]
                  00000950    00000008     (__TI_handler_table)
                  00000958    00000008     (__TI_cinit_table)

.init_array 
*          0    00000000    00000000     UNINITIALIZED

.stack     0    20000000    00000200     UNINITIALIZED
                  20000000    00000200     --HOLE--

.data      0    20000200    00000019     UNINITIALIZED
                  20000200    0000000c     rtsv7M4_T_le_v4SPD16_eabi.lib : exit.obj (.data:$O1$$)
                  2000020c    00000008                                   : _lock.obj (.data:$O1$$)
                  20000214    00000004                                   : stkdepth_vars.obj (.data)
                  20000218    00000001     main.obj (.data)

MODULE SUMMARY

       Module                         code   ro data   rw data
       ------                         ----   -------   -------
    .\
       tm4c123gh6pm_startup_ccs.obj   12     620       0      
       main.obj                       104    0         1      
    +--+------------------------------+------+---------+---------+
       Total:                         116    620       1      
                                                              
    ../libdriver.a
       gpio.o                         430    0         0      
       sysctl.o                       382    0         0      
    +--+------------------------------+------+---------+---------+
       Total:                         812    0         0      
                                                              
    C:\ti\ccsv6\tools\compiler\ti-cgt-arm_15.12.1.LTS\lib\rtsv7M4_T_le_v4SPD16_eabi.lib
       memcpy_t2.obj                  156    0         0      
       memset_t2.obj                  122    0         0      
       autoinit.obj                   112    0         0      
       copy_decompress_rle.obj        112    0         0      
       exit.obj                       84     0         12     
       boot.obj                       84     0         0      
       cpy_tbl.obj                    76     0         0      
       _lock.obj                      20     0         8      
       args_main.obj                  24     0         0      
       copy_decompress_none.obj       14     0         0      
       pre_init.obj                   4      0         0      
       stkdepth_vars.obj              0      0         4      
       mpu_init.obj                   2      0         0      
       startup.obj                    2      0         0      
    +--+------------------------------+------+---------+---------+
       Total:                         812    0         24     
                                                              
       Stack:                         0      0         512    
       Linker Generated:              0      30        0      
    +--+------------------------------+------+---------+---------+
       Grand Total:                   1740   650       537    


LINKER GENERATED COPY TABLES

__TI_cinit_table @ 00000958 records: 1, size/record: 8, table size: 8
	.data: load addr=00000940, load size=0000000e bytes, run addr=20000200, run size=00000019 bytes, compression=rle


LINKER GENERATED HANDLER TABLE

__TI_handler_table @ 00000950 records: 2, size/record: 4, table size: 8
	index: 0, handler: __TI_decompress_rle24
	index: 1, handler: __TI_decompress_none


FAR CALL TRAMPOLINES

callee name               trampoline name
   callee addr  tramp addr   call addr  call info
--------------  -----------  ---------  ----------------
SysCtlDelay               $Tramp$TT$S$$SysCtlDelay
   00000935     0000060c     00000484   main.obj (.text)
                             00000494   main.obj (.text)
GPIOPinWrite              $Tramp$TT$S$$GPIOPinWrite
   0000092f     00000614     0000047e   main.obj (.text)
                             0000048e   main.obj (.text)
GPIOPinTypeGPIOOutput     $Tramp$TT$S$$GPIOPinTypeGPIOOutput
   00000913     0000061c     00000472   main.obj (.text)
SysCtlPeripheralEnable    $Tramp$TT$S$$SysCtlPeripheralEnable
   000008b5     00000624     0000046a   main.obj (.text)
SysCtlClockSet            $Tramp$TT$S$$SysCtlClockSet
   00000785     0000062c     00000464   main.obj (.text)
SysCtlDelay               $Tramp$TT$S$$SysCtlDelay
   00000935     000008ac     00000886   libdriver.a : sysctl.o (.text.SysCtlClockSet)

[6 trampolines]
[8 trampoline calls]


GLOBAL SYMBOLS: SORTED ALPHABETICALLY BY Name 

address   name                           
-------   ----                           
0000051d  C$$EXIT                        
000008e5  GPIODirModeSet                 
00000635  GPIOPadConfigSet               
00000913  GPIOPinTypeGPIOOutput          
0000092f  GPIOPinWrite                   
000005f7  ResetISR                       
UNDEFED   SHT$$INIT_ARRAY$$Base          
UNDEFED   SHT$$INIT_ARRAY$$Limit         
00000785  SysCtlClockSet                 
00000935  SysCtlDelay                    
000008b5  SysCtlPeripheralEnable         
20000200  __STACK_END                    
00000200  __STACK_SIZE                   
20000200  __STACK_TOP                    
00000958  __TI_CINIT_Base                
00000960  __TI_CINIT_Limit               
00000950  __TI_Handler_Table_Base        
00000958  __TI_Handler_Table_Limit       
00000385  __TI_auto_init                 
20000200  __TI_cleanup_ptr               
000005e9  __TI_decompress_none           
00000603  __TI_decompress_rle24          
20000204  __TI_dtors_ptr                 
20000208  __TI_enable_exit_profile_output
ffffffff  __TI_pprof_out_hndl            
ffffffff  __TI_prof_data_size            
ffffffff  __TI_prof_data_start           
00000000  __TI_static_base__             
00000309  __aeabi_memclr                 
00000309  __aeabi_memclr4                
00000309  __aeabi_memclr8                
0000026d  __aeabi_memcpy                 
0000026d  __aeabi_memcpy4                
0000026d  __aeabi_memcpy8                
0000030b  __aeabi_memset                 
0000030b  __aeabi_memset4                
0000030b  __aeabi_memset8                
ffffffff  __binit__                      
ffffffff  __c_args__                     
00000383  __mpu_init                     
20000000  __stack                        
000005bd  _args_main                     
000004c9  _c_int00                       
2000020c  _lock                          
000005e3  _nop                           
000005db  _register_lock                 
000005d5  _register_unlock               
0000045f  _system_post_cinit             
00000609  _system_pre_init               
20000210  _unlock                        
00000521  abort                          
ffffffff  binit                          
00000571  copy_in                        
00000529  exit                           
00000000  g_pfnVectors                   
00000461  main                           
20000214  main_func_sp                   
0000026d  memcpy                         
00000311  memset                         
20000218  ui8PinData                     


GLOBAL SYMBOLS: SORTED BY Symbol Address 

address   name                           
-------   ----                           
00000000  __TI_static_base__             
00000000  g_pfnVectors                   
00000200  __STACK_SIZE                   
0000026d  __aeabi_memcpy                 
0000026d  __aeabi_memcpy4                
0000026d  __aeabi_memcpy8                
0000026d  memcpy                         
00000309  __aeabi_memclr                 
00000309  __aeabi_memclr4                
00000309  __aeabi_memclr8                
0000030b  __aeabi_memset                 
0000030b  __aeabi_memset4                
0000030b  __aeabi_memset8                
00000311  memset                         
00000383  __mpu_init                     
00000385  __TI_auto_init                 
0000045f  _system_post_cinit             
00000461  main                           
000004c9  _c_int00                       
0000051d  C$$EXIT                        
00000521  abort                          
00000529  exit                           
00000571  copy_in                        
000005bd  _args_main                     
000005d5  _register_unlock               
000005db  _register_lock                 
000005e3  _nop                           
000005e9  __TI_decompress_none           
000005f7  ResetISR                       
00000603  __TI_decompress_rle24          
00000609  _system_pre_init               
00000635  GPIOPadConfigSet               
00000785  SysCtlClockSet                 
000008b5  SysCtlPeripheralEnable         
000008e5  GPIODirModeSet                 
00000913  GPIOPinTypeGPIOOutput          
0000092f  GPIOPinWrite                   
00000935  SysCtlDelay                    
00000950  __TI_Handler_Table_Base        
00000958  __TI_CINIT_Base                
00000958  __TI_Handler_Table_Limit       
00000960  __TI_CINIT_Limit               
20000000  __stack                        
20000200  __STACK_END                    
20000200  __STACK_TOP                    
20000200  __TI_cleanup_ptr               
20000204  __TI_dtors_ptr                 
20000208  __TI_enable_exit_profile_output
2000020c  _lock                          
20000210  _unlock                        
20000214  main_func_sp                   
20000218  ui8PinData                     
ffffffff  __TI_pprof_out_hndl            
ffffffff  __TI_prof_data_size            
ffffffff  __TI_prof_data_start           
ffffffff  __binit__                      
ffffffff  __c_args__                     
ffffffff  binit                          
UNDEFED   SHT$$INIT_ARRAY$$Base          
UNDEFED   SHT$$INIT_ARRAY$$Limit         

[60 symbols]
