******************************************************************************
                  TI ARM Linker PC v15.12.1                    
******************************************************************************
>> Linked Mon Jun 13 17:35:30 2016

OUTPUT FILE NAME:   <rpm-pwm-linearTest.out>
ENTRY POINT SYMBOL: "_c_int00"  address: 000010b5


MEMORY CONFIGURATION

         name            origin    length      used     unused   attr    fill
----------------------  --------  ---------  --------  --------  ----  --------
  FLASH                 00000000   00040000  00001682  0003e97e  R  X
  SRAM                  20000000   00008000  00000218  00007de8  RW X


SEGMENT ALLOCATION MAP

run origin  load origin   length   init length attrs members
----------  ----------- ---------- ----------- ----- -------
00000000    00000000    00001688   00001688    r-x
  00000000    00000000    0000026c   0000026c    r-- .intvecs
  0000026c    0000026c    00001282   00001282    r-x .text
  000014f0    000014f0    0000016c   0000016c    r-- .const
  00001660    00001660    00000028   00000028    r-- .cinit
20000000    20000000    00000218   00000000    rw-
  20000000    20000000    00000200   00000000    rw- .stack
  20000200    20000200    00000018   00000000    rw- .data


SECTION ALLOCATION MAP

 output                                  attributes/
section   page    origin      length       input sections
--------  ----  ----------  ----------   ----------------
.intvecs   0    00000000    0000026c     
                  00000000    0000026c     tm4c123gh6pm_startup_ccs.obj (.intvecs)

.text      0    0000026c    00001282     
                  0000026c    00000428     common.obj (.text)
                  00000694    00000250     init.obj (.text)
                  000008e4    00000132     driverlib.lib : gpio.obj (.text:GPIOPadConfigSet)
                  00000a16    00000002     rtsv7M4_T_le_v4SPD16_eabi.lib : mpu_init.obj (.text)
                  00000a18    00000110     driverlib.lib : sysctl.obj (.text:SysCtlClockGet)
                  00000b28    000000fc     rtsv7M4_T_le_v4SPD16_eabi.lib : fd_mul_t2.obj (.text)
                  00000c24    000000f4     driverlib.lib : sysctl.obj (.text:SysCtlClockSet)
                  00000d18    000000e0     main.obj (.text)
                  00000df8    0000009c     rtsv7M4_T_le_v4SPD16_eabi.lib : memcpy_t2.obj (.text)
                  00000e94    0000007a                                   : memset_t2.obj (.text)
                  00000f0e    00000002                                   : startup.obj (.text)
                  00000f10    00000070                                   : autoinit.obj (.text)
                  00000f80    0000006a                                   : copy_decompress_rle.obj (.text)
                  00000fea    00000002     --HOLE-- [fill = 0]
                  00000fec    00000068     driverlib.lib : interrupt.obj (.text:IntEnable)
                  00001054    00000060                   : timer.obj (.text:TimerConfigure)
                  000010b4    00000054     rtsv7M4_T_le_v4SPD16_eabi.lib : boot.obj (.text)
                  00001108    00000054                                   : exit.obj (.text)
                  0000115c    0000004c                                   : cpy_tbl.obj (.text)
                  000011a8    00000048     driverlib.lib : gpio.obj (.text:GPIOPinConfigure)
                  000011f0    00000048     rtsv7M4_T_le_v4SPD16_eabi.lib : fd_toi_t2.obj (.text)
                  00001238    00000046     driverlib.lib : uart.obj (.text:UARTConfigSetExpClk)
                  0000127e    00000002     --HOLE-- [fill = 0]
                  00001280    00000034                   : sysctl.obj (.text:SysCtlPeripheralEnable)
                  000012b4    0000002a                   : gpio.obj (.text:GPIODirModeSet)
                  000012de    00000022                   : pwm.obj (.text:PWMGenConfigure)
                  00001300    00000020                   : uart.obj (.text:UARTDisable)
                  00001320    00000020     rtsv7M4_T_le_v4SPD16_eabi.lib : u_tofd_t2.obj (.text)
                  00001340    0000001e     driverlib.lib : pwm.obj (.text:PWMPulseWidthSet)
                  0000135e    00000018                   : gpio.obj (.text:GPIOPinTypeGPIOOutput)
                  00001376    00000002     --HOLE-- [fill = 0]
                  00001378    00000018     rtsv7M4_T_le_v4SPD16_eabi.lib : args_main.obj (.text)
                  00001390    00000014     driverlib.lib : sysctl.obj (.text:SysCtlPWMClockSet)
                  000013a4    00000014                   : uart.obj (.text:UARTEnable)
                  000013b8    00000014     rtsv7M4_T_le_v4SPD16_eabi.lib : _lock.obj (.text)
                  000013cc    00000012     driverlib.lib : gpio.obj (.text:GPIOPinTypePWM)
                  000013de    00000012                   : gpio.obj (.text:GPIOPinTypeQEI)
                  000013f0    00000012                   : gpio.obj (.text:GPIOPinTypeUART)
                  00001402    00000012                   : pwm.obj (.text:PWMOutputState)
                  00001414    00000012                   : timer.obj (.text:TimerLoadSet)
                  00001426    00000010                   : pwm.obj (.text:PWMGenPeriodSet)
                  00001436    00000010                   : qei.obj (.text:QEIVelocityConfigure)
                  00001446    0000000e                   : qei.obj (.text:QEIConfigure)
                  00001454    0000000e                   : qei.obj (.text:QEIDirectionGet)
                  00001462    0000000e                   : timer.obj (.text:TimerEnable)
                  00001470    0000000e     rtsv7M4_T_le_v4SPD16_eabi.lib : copy_decompress_none.obj (.text:decompress:none)
                  0000147e    0000000c     driverlib.lib : pwm.obj (.text:PWMGenEnable)
                  0000148a    0000000c     tm4c123gh6pm_startup_ccs.obj (.text)
                  00001496    0000000a     driverlib.lib : qei.obj (.text:QEIEnable)
                  000014a0    0000000a                   : qei.obj (.text:QEIVelocityEnable)
                  000014aa    0000000a                   : uart.obj (.text:UARTCharPut)
                  000014b4    00000008                   : qei.obj (.text:QEIIntEnable)
                  000014bc    00000008                   : timer.obj (.text:TimerIntEnable)
                  000014c4    00000008                   : uart.obj (.text:UARTIntEnable)
                  000014cc    00000006                   : gpio.obj (.text:GPIOPinWrite)
                  000014d2    00000006                   : sysctl.obj (.text:SysCtlDelay)
                  000014d8    00000006     rtsv7M4_T_le_v4SPD16_eabi.lib : copy_decompress_rle.obj (.text:decompress:rle24)
                  000014de    00000004     driverlib.lib : qei.obj (.text:QEIIntClear)
                  000014e2    00000004                   : qei.obj (.text:QEIVelocityGet)
                  000014e6    00000004                   : timer.obj (.text:TimerIntClear)
                  000014ea    00000004     rtsv7M4_T_le_v4SPD16_eabi.lib : pre_init.obj (.text)

.const     0    000014f0    0000016c     
                  000014f0    00000090     driverlib.lib : gpio.obj (.const:g_pui32GPIOBaseAddrs)
                  00001580    00000070                   : interrupt.obj (.const)
                  000015f0    0000006c                   : sysctl.obj (.const:g_pui32Xtals)

.cinit     0    00001660    00000028     
                  00001660    00000016     (.cinit..data.load) [load image, compression = rle]
                  00001676    00000002     --HOLE-- [fill = 0]
                  00001678    00000008     (__TI_handler_table)
                  00001680    00000008     (__TI_cinit_table)

.init_array 
*          0    00000000    00000000     UNINITIALIZED

.stack     0    20000000    00000200     UNINITIALIZED
                  20000000    00000200     --HOLE--

.data      0    20000200    00000018     UNINITIALIZED
                  20000200    0000000c     rtsv7M4_T_le_v4SPD16_eabi.lib : exit.obj (.data:$O1$$)
                  2000020c    00000008                                   : _lock.obj (.data:$O1$$)
                  20000214    00000004                                   : stkdepth_vars.obj (.data)

MODULE SUMMARY

       Module                         code   ro data   rw data
       ------                         ----   -------   -------
    .\
       tm4c123gh6pm_startup_ccs.obj   12     620       0      
       main.obj                       224    0         0      
    +--+------------------------------+------+---------+---------+
       Total:                         236    620       0      
                                                              
    .\userLib\
       common.obj                     1064   0         0      
       init.obj                       592    0         0      
    +--+------------------------------+------+---------+---------+
       Total:                         1656   0         0      
                                                              
    C:/ti/TivaWare_C_Series-2.1.2.111/driverlib/ccs/Debug/driverlib.lib
       sysctl.obj                     594    108       0      
       gpio.obj                       504    144       0      
       interrupt.obj                  104    112       0      
       timer.obj                      140    0         0      
       uart.obj                       140    0         0      
       pwm.obj                        110    0         0      
       qei.obj                        80     0         0      
    +--+------------------------------+------+---------+---------+
       Total:                         1672   364       0      
                                                              
    C:\ti\ccsv6\tools\compiler\ti-cgt-arm_15.12.1.LTS\lib\rtsv7M4_T_le_v4SPD16_eabi.lib
       fd_mul_t2.obj                  252    0         0      
       memcpy_t2.obj                  156    0         0      
       memset_t2.obj                  122    0         0      
       autoinit.obj                   112    0         0      
       copy_decompress_rle.obj        112    0         0      
       exit.obj                       84     0         12     
       boot.obj                       84     0         0      
       cpy_tbl.obj                    76     0         0      
       fd_toi_t2.obj                  72     0         0      
       u_tofd_t2.obj                  32     0         0      
       _lock.obj                      20     0         8      
       args_main.obj                  24     0         0      
       copy_decompress_none.obj       14     0         0      
       pre_init.obj                   4      0         0      
       stkdepth_vars.obj              0      0         4      
       mpu_init.obj                   2      0         0      
       startup.obj                    2      0         0      
    +--+------------------------------+------+---------+---------+
       Total:                         1168   0         24     
                                                              
       Stack:                         0      0         512    
       Linker Generated:              0      38        0      
    +--+------------------------------+------+---------+---------+
       Grand Total:                   4732   1022      536    


LINKER GENERATED COPY TABLES

__TI_cinit_table @ 00001680 records: 1, size/record: 8, table size: 8
	.data: load addr=00001660, load size=00000016 bytes, run addr=20000200, run size=00000018 bytes, compression=rle


LINKER GENERATED HANDLER TABLE

__TI_handler_table @ 00001678 records: 2, size/record: 4, table size: 8
	index: 0, handler: __TI_decompress_rle24
	index: 1, handler: __TI_decompress_none


GLOBAL SYMBOLS: SORTED ALPHABETICALLY BY Name 

address   name                           
-------   ----                           
00001109  C$$EXIT                        
000012b5  GPIODirModeSet                 
000008e5  GPIOPadConfigSet               
000011a9  GPIOPinConfigure               
0000135f  GPIOPinTypeGPIOOutput          
000013cd  GPIOPinTypePWM                 
000013df  GPIOPinTypeQEI                 
000013f1  GPIOPinTypeUART                
000014cd  GPIOPinWrite                   
0000051d  GraphPlot0                     
000005dd  GraphPlot1                     
00000fed  IntEnable                      
000012df  PWMGenConfigure                
0000147f  PWMGenEnable                   
00001427  PWMGenPeriodSet                
00001403  PWMOutputState                 
00001341  PWMPulseWidthSet               
00001447  QEIConfigure                   
00001455  QEIDirectionGet                
00001497  QEIEnable                      
000014df  QEIIntClear                    
000014b5  QEIIntEnable                   
00000db9  QEIIntHandler                  
00001437  QEIVelocityConfigure           
000014a1  QEIVelocityEnable              
000014e3  QEIVelocityGet                 
0000148b  ResetISR                       
UNDEFED   SHT$$INIT_ARRAY$$Base          
UNDEFED   SHT$$INIT_ARRAY$$Limit         
00000a19  SysCtlClockGet                 
00000c25  SysCtlClockSet                 
000014d3  SysCtlDelay                    
00001391  SysCtlPWMClockSet              
00001281  SysCtlPeripheralEnable         
00000dab  Timer0IntHandler               
00001055  TimerConfigure                 
00001463  TimerEnable                    
000014e7  TimerIntClear                  
000014bd  TimerIntEnable                 
00001415  TimerLoadSet                   
000014ab  UARTCharPut                    
00001239  UARTConfigSetExpClk            
00001301  UARTDisable                    
000013a5  UARTEnable                     
000014c5  UARTIntEnable                  
00000db7  UARTIntHandler                 
00000477  UART_OutDec                    
000003ad  UART_OutUDec                   
00000305  UART_TransmitString            
20000200  __STACK_END                    
00000200  __STACK_SIZE                   
20000200  __STACK_TOP                    
00001680  __TI_CINIT_Base                
00001688  __TI_CINIT_Limit               
00001678  __TI_Handler_Table_Base        
00001680  __TI_Handler_Table_Limit       
00000f11  __TI_auto_init                 
20000200  __TI_cleanup_ptr               
00001471  __TI_decompress_none           
000014d9  __TI_decompress_rle24          
20000204  __TI_dtors_ptr                 
20000208  __TI_enable_exit_profile_output
ffffffff  __TI_pprof_out_hndl            
ffffffff  __TI_prof_data_size            
ffffffff  __TI_prof_data_start           
00000000  __TI_static_base__             
000011f1  __aeabi_d2iz                   
00000b29  __aeabi_dmul                   
00000e95  __aeabi_memclr                 
00000e95  __aeabi_memclr4                
00000e95  __aeabi_memclr8                
00000df9  __aeabi_memcpy                 
00000df9  __aeabi_memcpy4                
00000df9  __aeabi_memcpy8                
00000e97  __aeabi_memset                 
00000e97  __aeabi_memset4                
00000e97  __aeabi_memset8                
00001321  __aeabi_ui2d                   
ffffffff  __binit__                      
ffffffff  __c_args__                     
00000a17  __mpu_init                     
20000000  __stack                        
00001379  _args_main                     
000010b5  _c_int00                       
2000020c  _lock                          
000013c7  _nop                           
000013bf  _register_lock                 
000013b9  _register_unlock               
00000f0f  _system_post_cinit             
000014eb  _system_pre_init               
20000210  _unlock                        
0000110d  abort                          
000002ed  absolute                       
ffffffff  binit                          
000002c1  calculateRPM                   
0000115d  copy_in                        
00001115  exit                           
00000000  g_pfnVectors                   
00000d19  main                           
20000214  main_func_sp                   
00000df9  memcpy                         
00000e9d  memset                         
00000695  motorDirInit                   
00000799  pwmInit                        
000007ed  qeiInit                        
0000026d  setPWM                         
000006a7  timerInit                      
000006e3  uart0Init                      
0000071d  uart1Init                      
00000755  uart5Init                      


GLOBAL SYMBOLS: SORTED BY Symbol Address 

address   name                           
-------   ----                           
00000000  __TI_static_base__             
00000000  g_pfnVectors                   
00000200  __STACK_SIZE                   
0000026d  setPWM                         
000002c1  calculateRPM                   
000002ed  absolute                       
00000305  UART_TransmitString            
000003ad  UART_OutUDec                   
00000477  UART_OutDec                    
0000051d  GraphPlot0                     
000005dd  GraphPlot1                     
00000695  motorDirInit                   
000006a7  timerInit                      
000006e3  uart0Init                      
0000071d  uart1Init                      
00000755  uart5Init                      
00000799  pwmInit                        
000007ed  qeiInit                        
000008e5  GPIOPadConfigSet               
00000a17  __mpu_init                     
00000a19  SysCtlClockGet                 
00000b29  __aeabi_dmul                   
00000c25  SysCtlClockSet                 
00000d19  main                           
00000dab  Timer0IntHandler               
00000db7  UARTIntHandler                 
00000db9  QEIIntHandler                  
00000df9  __aeabi_memcpy                 
00000df9  __aeabi_memcpy4                
00000df9  __aeabi_memcpy8                
00000df9  memcpy                         
00000e95  __aeabi_memclr                 
00000e95  __aeabi_memclr4                
00000e95  __aeabi_memclr8                
00000e97  __aeabi_memset                 
00000e97  __aeabi_memset4                
00000e97  __aeabi_memset8                
00000e9d  memset                         
00000f0f  _system_post_cinit             
00000f11  __TI_auto_init                 
00000fed  IntEnable                      
00001055  TimerConfigure                 
000010b5  _c_int00                       
00001109  C$$EXIT                        
0000110d  abort                          
00001115  exit                           
0000115d  copy_in                        
000011a9  GPIOPinConfigure               
000011f1  __aeabi_d2iz                   
00001239  UARTConfigSetExpClk            
00001281  SysCtlPeripheralEnable         
000012b5  GPIODirModeSet                 
000012df  PWMGenConfigure                
00001301  UARTDisable                    
00001321  __aeabi_ui2d                   
00001341  PWMPulseWidthSet               
0000135f  GPIOPinTypeGPIOOutput          
00001379  _args_main                     
00001391  SysCtlPWMClockSet              
000013a5  UARTEnable                     
000013b9  _register_unlock               
000013bf  _register_lock                 
000013c7  _nop                           
000013cd  GPIOPinTypePWM                 
000013df  GPIOPinTypeQEI                 
000013f1  GPIOPinTypeUART                
00001403  PWMOutputState                 
00001415  TimerLoadSet                   
00001427  PWMGenPeriodSet                
00001437  QEIVelocityConfigure           
00001447  QEIConfigure                   
00001455  QEIDirectionGet                
00001463  TimerEnable                    
00001471  __TI_decompress_none           
0000147f  PWMGenEnable                   
0000148b  ResetISR                       
00001497  QEIEnable                      
000014a1  QEIVelocityEnable              
000014ab  UARTCharPut                    
000014b5  QEIIntEnable                   
000014bd  TimerIntEnable                 
000014c5  UARTIntEnable                  
000014cd  GPIOPinWrite                   
000014d3  SysCtlDelay                    
000014d9  __TI_decompress_rle24          
000014df  QEIIntClear                    
000014e3  QEIVelocityGet                 
000014e7  TimerIntClear                  
000014eb  _system_pre_init               
00001678  __TI_Handler_Table_Base        
00001680  __TI_CINIT_Base                
00001680  __TI_Handler_Table_Limit       
00001688  __TI_CINIT_Limit               
20000000  __stack                        
20000200  __STACK_END                    
20000200  __STACK_TOP                    
20000200  __TI_cleanup_ptr               
20000204  __TI_dtors_ptr                 
20000208  __TI_enable_exit_profile_output
2000020c  _lock                          
20000210  _unlock                        
20000214  main_func_sp                   
ffffffff  __TI_pprof_out_hndl            
ffffffff  __TI_prof_data_size            
ffffffff  __TI_prof_data_start           
ffffffff  __binit__                      
ffffffff  __c_args__                     
ffffffff  binit                          
UNDEFED   SHT$$INIT_ARRAY$$Base          
UNDEFED   SHT$$INIT_ARRAY$$Limit         

[110 symbols]
