******************************************************************************
                  TI ARM Linker PC v15.12.1                    
******************************************************************************
>> Linked Wed Jun 15 23:38:23 2016

OUTPUT FILE NAME:   <rpm-pwm-linearTest[Exp1.2].out>
ENTRY POINT SYMBOL: "_c_int00"  address: 00001049


MEMORY CONFIGURATION

         name            origin    length      used     unused   attr    fill
----------------------  --------  ---------  --------  --------  ----  --------
  FLASH                 00000000   00040000  00001616  0003e9ea  R  X
  SRAM                  20000000   00008000  00000218  00007de8  RW X


SEGMENT ALLOCATION MAP

run origin  load origin   length   init length attrs members
----------  ----------- ---------- ----------- ----- -------
00000000    00000000    00001618   00001618    r-x
  00000000    00000000    0000026c   0000026c    r-- .intvecs
  0000026c    0000026c    00001216   00001216    r-x .text
  00001484    00001484    0000016c   0000016c    r-- .const
  000015f0    000015f0    00000028   00000028    r-- .cinit
20000000    20000000    00000218   00000000    rw-
  20000000    20000000    00000200   00000000    rw- .stack
  20000200    20000200    00000018   00000000    rw- .data


SECTION ALLOCATION MAP

 output                                  attributes/
section   page    origin      length       input sections
--------  ----  ----------  ----------   ----------------
.intvecs   0    00000000    0000026c     
                  00000000    0000026c     tm4c123gh6pm_startup_ccs.obj (.intvecs)

.text      0    0000026c    00001216     
                  0000026c    00000428     common.obj (.text)
                  00000694    00000250     init.obj (.text)
                  000008e4    00000132     driverlib.lib : gpio.obj (.text:GPIOPadConfigSet)
                  00000a16    00000002     rtsv7M4_T_le_v4SPD16_eabi.lib : mpu_init.obj (.text)
                  00000a18    00000110     driverlib.lib : sysctl.obj (.text:SysCtlClockGet)
                  00000b28    000000fc     rtsv7M4_T_le_v4SPD16_eabi.lib : fd_mul_t2.obj (.text)
                  00000c24    000000f4     driverlib.lib : sysctl.obj (.text:SysCtlClockSet)
                  00000d18    0000009c     rtsv7M4_T_le_v4SPD16_eabi.lib : memcpy_t2.obj (.text)
                  00000db4    0000007a                                   : memset_t2.obj (.text)
                  00000e2e    00000002                                   : startup.obj (.text)
                  00000e30    00000074     main.obj (.text)
                  00000ea4    00000070     rtsv7M4_T_le_v4SPD16_eabi.lib : autoinit.obj (.text)
                  00000f14    0000006a                                   : copy_decompress_rle.obj (.text)
                  00000f7e    00000002     --HOLE-- [fill = 0]
                  00000f80    00000068     driverlib.lib : interrupt.obj (.text:IntEnable)
                  00000fe8    00000060                   : timer.obj (.text:TimerConfigure)
                  00001048    00000054     rtsv7M4_T_le_v4SPD16_eabi.lib : boot.obj (.text)
                  0000109c    00000054                                   : exit.obj (.text)
                  000010f0    0000004c                                   : cpy_tbl.obj (.text)
                  0000113c    00000048     driverlib.lib : gpio.obj (.text:GPIOPinConfigure)
                  00001184    00000048     rtsv7M4_T_le_v4SPD16_eabi.lib : fd_toi_t2.obj (.text)
                  000011cc    00000046     driverlib.lib : uart.obj (.text:UARTConfigSetExpClk)
                  00001212    00000002     --HOLE-- [fill = 0]
                  00001214    00000034                   : sysctl.obj (.text:SysCtlPeripheralEnable)
                  00001248    0000002a                   : gpio.obj (.text:GPIODirModeSet)
                  00001272    00000022                   : pwm.obj (.text:PWMGenConfigure)
                  00001294    00000020                   : uart.obj (.text:UARTDisable)
                  000012b4    00000020     rtsv7M4_T_le_v4SPD16_eabi.lib : u_tofd_t2.obj (.text)
                  000012d4    0000001e     driverlib.lib : pwm.obj (.text:PWMPulseWidthSet)
                  000012f2    00000018                   : gpio.obj (.text:GPIOPinTypeGPIOOutput)
                  0000130a    00000002     --HOLE-- [fill = 0]
                  0000130c    00000018     rtsv7M4_T_le_v4SPD16_eabi.lib : args_main.obj (.text)
                  00001324    00000014     driverlib.lib : sysctl.obj (.text:SysCtlPWMClockSet)
                  00001338    00000014                   : uart.obj (.text:UARTEnable)
                  0000134c    00000014     rtsv7M4_T_le_v4SPD16_eabi.lib : _lock.obj (.text)
                  00001360    00000012     driverlib.lib : gpio.obj (.text:GPIOPinTypePWM)
                  00001372    00000012                   : gpio.obj (.text:GPIOPinTypeQEI)
                  00001384    00000012                   : gpio.obj (.text:GPIOPinTypeUART)
                  00001396    00000012                   : pwm.obj (.text:PWMOutputState)
                  000013a8    00000012                   : timer.obj (.text:TimerLoadSet)
                  000013ba    00000010                   : pwm.obj (.text:PWMGenPeriodSet)
                  000013ca    00000010                   : qei.obj (.text:QEIVelocityConfigure)
                  000013da    0000000e                   : qei.obj (.text:QEIConfigure)
                  000013e8    0000000e                   : qei.obj (.text:QEIDirectionGet)
                  000013f6    0000000e                   : timer.obj (.text:TimerEnable)
                  00001404    0000000e     rtsv7M4_T_le_v4SPD16_eabi.lib : copy_decompress_none.obj (.text:decompress:none)
                  00001412    0000000c     driverlib.lib : pwm.obj (.text:PWMGenEnable)
                  0000141e    0000000c     tm4c123gh6pm_startup_ccs.obj (.text)
                  0000142a    0000000a     driverlib.lib : qei.obj (.text:QEIEnable)
                  00001434    0000000a                   : qei.obj (.text:QEIVelocityEnable)
                  0000143e    0000000a                   : uart.obj (.text:UARTCharPut)
                  00001448    00000008                   : qei.obj (.text:QEIIntEnable)
                  00001450    00000008                   : timer.obj (.text:TimerIntEnable)
                  00001458    00000008                   : uart.obj (.text:UARTIntEnable)
                  00001460    00000006                   : gpio.obj (.text:GPIOPinWrite)
                  00001466    00000006                   : sysctl.obj (.text:SysCtlDelay)
                  0000146c    00000006     rtsv7M4_T_le_v4SPD16_eabi.lib : copy_decompress_rle.obj (.text:decompress:rle24)
                  00001472    00000004     driverlib.lib : qei.obj (.text:QEIIntClear)
                  00001476    00000004                   : qei.obj (.text:QEIVelocityGet)
                  0000147a    00000004                   : timer.obj (.text:TimerIntClear)
                  0000147e    00000004     rtsv7M4_T_le_v4SPD16_eabi.lib : pre_init.obj (.text)

.const     0    00001484    0000016c     
                  00001484    00000090     driverlib.lib : gpio.obj (.const:g_pui32GPIOBaseAddrs)
                  00001514    00000070                   : interrupt.obj (.const)
                  00001584    0000006c                   : sysctl.obj (.const:g_pui32Xtals)

.cinit     0    000015f0    00000028     
                  000015f0    00000016     (.cinit..data.load) [load image, compression = rle]
                  00001606    00000002     --HOLE-- [fill = 0]
                  00001608    00000008     (__TI_handler_table)
                  00001610    00000008     (__TI_cinit_table)

.init_array 
*          0    00000000    00000000     UNINITIALIZED

.stack     0    20000000    00000200     UNINITIALIZED
                  20000000    00000200     --HOLE--

.data      0    20000200    00000018     UNINITIALIZED
                  20000200    0000000c     rtsv7M4_T_le_v4SPD16_eabi.lib : exit.obj (.data:$O1$$)
                  2000020c    00000008                                   : _lock.obj (.data:$O1$$)
                  20000214    00000004                                   : stkdepth_vars.obj (.data)

MODULE SUMMARY

       Module                         code   ro data   rw data
       ------                         ----   -------   -------
    .\
       tm4c123gh6pm_startup_ccs.obj   12     620       0      
       main.obj                       116    0         0      
    +--+------------------------------+------+---------+---------+
       Total:                         128    620       0      
                                                              
    .\userLib\
       common.obj                     1064   0         0      
       init.obj                       592    0         0      
    +--+------------------------------+------+---------+---------+
       Total:                         1656   0         0      
                                                              
    C:/ti/TivaWare_C_Series-2.1.2.111/driverlib/ccs/Debug/driverlib.lib
       sysctl.obj                     594    108       0      
       gpio.obj                       504    144       0      
       interrupt.obj                  104    112       0      
       timer.obj                      140    0         0      
       uart.obj                       140    0         0      
       pwm.obj                        110    0         0      
       qei.obj                        80     0         0      
    +--+------------------------------+------+---------+---------+
       Total:                         1672   364       0      
                                                              
    C:\ti\ccsv6\tools\compiler\ti-cgt-arm_15.12.1.LTS\lib\rtsv7M4_T_le_v4SPD16_eabi.lib
       fd_mul_t2.obj                  252    0         0      
       memcpy_t2.obj                  156    0         0      
       memset_t2.obj                  122    0         0      
       autoinit.obj                   112    0         0      
       copy_decompress_rle.obj        112    0         0      
       exit.obj                       84     0         12     
       boot.obj                       84     0         0      
       cpy_tbl.obj                    76     0         0      
       fd_toi_t2.obj                  72     0         0      
       u_tofd_t2.obj                  32     0         0      
       _lock.obj                      20     0         8      
       args_main.obj                  24     0         0      
       copy_decompress_none.obj       14     0         0      
       pre_init.obj                   4      0         0      
       stkdepth_vars.obj              0      0         4      
       mpu_init.obj                   2      0         0      
       startup.obj                    2      0         0      
    +--+------------------------------+------+---------+---------+
       Total:                         1168   0         24     
                                                              
       Stack:                         0      0         512    
       Linker Generated:              0      38        0      
    +--+------------------------------+------+---------+---------+
       Grand Total:                   4624   1022      536    


LINKER GENERATED COPY TABLES

__TI_cinit_table @ 00001610 records: 1, size/record: 8, table size: 8
	.data: load addr=000015f0, load size=00000016 bytes, run addr=20000200, run size=00000018 bytes, compression=rle


LINKER GENERATED HANDLER TABLE

__TI_handler_table @ 00001608 records: 2, size/record: 4, table size: 8
	index: 0, handler: __TI_decompress_rle24
	index: 1, handler: __TI_decompress_none


GLOBAL SYMBOLS: SORTED ALPHABETICALLY BY Name 

address   name                           
-------   ----                           
0000109d  C$$EXIT                        
00001249  GPIODirModeSet                 
000008e5  GPIOPadConfigSet               
0000113d  GPIOPinConfigure               
000012f3  GPIOPinTypeGPIOOutput          
00001361  GPIOPinTypePWM                 
00001373  GPIOPinTypeQEI                 
00001385  GPIOPinTypeUART                
00001461  GPIOPinWrite                   
0000051d  GraphPlot0                     
000005dd  GraphPlot1                     
00000f81  IntEnable                      
00001273  PWMGenConfigure                
00001413  PWMGenEnable                   
000013bb  PWMGenPeriodSet                
00001397  PWMOutputState                 
000012d5  PWMPulseWidthSet               
000013db  QEIConfigure                   
000013e9  QEIDirectionGet                
0000142b  QEIEnable                      
00001473  QEIIntClear                    
00001449  QEIIntEnable                   
00000e77  QEIIntHandler                  
000013cb  QEIVelocityConfigure           
00001435  QEIVelocityEnable              
00001477  QEIVelocityGet                 
0000141f  ResetISR                       
UNDEFED   SHT$$INIT_ARRAY$$Base          
UNDEFED   SHT$$INIT_ARRAY$$Limit         
00000a19  SysCtlClockGet                 
00000c25  SysCtlClockSet                 
00001467  SysCtlDelay                    
00001325  SysCtlPWMClockSet              
00001215  SysCtlPeripheralEnable         
00000e69  Timer0IntHandler               
00000fe9  TimerConfigure                 
000013f7  TimerEnable                    
0000147b  TimerIntClear                  
00001451  TimerIntEnable                 
000013a9  TimerLoadSet                   
0000143f  UARTCharPut                    
000011cd  UARTConfigSetExpClk            
00001295  UARTDisable                    
00001339  UARTEnable                     
00001459  UARTIntEnable                  
00000e75  UARTIntHandler                 
00000477  UART_OutDec                    
000003ad  UART_OutUDec                   
00000305  UART_TransmitString            
20000200  __STACK_END                    
00000200  __STACK_SIZE                   
20000200  __STACK_TOP                    
00001610  __TI_CINIT_Base                
00001618  __TI_CINIT_Limit               
00001608  __TI_Handler_Table_Base        
00001610  __TI_Handler_Table_Limit       
00000ea5  __TI_auto_init                 
20000200  __TI_cleanup_ptr               
00001405  __TI_decompress_none           
0000146d  __TI_decompress_rle24          
20000204  __TI_dtors_ptr                 
20000208  __TI_enable_exit_profile_output
ffffffff  __TI_pprof_out_hndl            
ffffffff  __TI_prof_data_size            
ffffffff  __TI_prof_data_start           
00000000  __TI_static_base__             
00001185  __aeabi_d2iz                   
00000b29  __aeabi_dmul                   
00000db5  __aeabi_memclr                 
00000db5  __aeabi_memclr4                
00000db5  __aeabi_memclr8                
00000d19  __aeabi_memcpy                 
00000d19  __aeabi_memcpy4                
00000d19  __aeabi_memcpy8                
00000db7  __aeabi_memset                 
00000db7  __aeabi_memset4                
00000db7  __aeabi_memset8                
000012b5  __aeabi_ui2d                   
ffffffff  __binit__                      
ffffffff  __c_args__                     
00000a17  __mpu_init                     
20000000  __stack                        
0000130d  _args_main                     
00001049  _c_int00                       
2000020c  _lock                          
0000135b  _nop                           
00001353  _register_lock                 
0000134d  _register_unlock               
00000e2f  _system_post_cinit             
0000147f  _system_pre_init               
20000210  _unlock                        
000010a1  abort                          
000002ed  absolute                       
ffffffff  binit                          
000002c1  calculateRPM                   
000010f1  copy_in                        
000010a9  exit                           
00000000  g_pfnVectors                   
00000e31  main                           
20000214  main_func_sp                   
00000d19  memcpy                         
00000dbd  memset                         
00000695  motorDirInit                   
00000799  pwmInit                        
000007ed  qeiInit                        
0000026d  setPWM                         
000006a7  timerInit                      
000006e3  uart0Init                      
0000071d  uart1Init                      
00000755  uart5Init                      


GLOBAL SYMBOLS: SORTED BY Symbol Address 

address   name                           
-------   ----                           
00000000  __TI_static_base__             
00000000  g_pfnVectors                   
00000200  __STACK_SIZE                   
0000026d  setPWM                         
000002c1  calculateRPM                   
000002ed  absolute                       
00000305  UART_TransmitString            
000003ad  UART_OutUDec                   
00000477  UART_OutDec                    
0000051d  GraphPlot0                     
000005dd  GraphPlot1                     
00000695  motorDirInit                   
000006a7  timerInit                      
000006e3  uart0Init                      
0000071d  uart1Init                      
00000755  uart5Init                      
00000799  pwmInit                        
000007ed  qeiInit                        
000008e5  GPIOPadConfigSet               
00000a17  __mpu_init                     
00000a19  SysCtlClockGet                 
00000b29  __aeabi_dmul                   
00000c25  SysCtlClockSet                 
00000d19  __aeabi_memcpy                 
00000d19  __aeabi_memcpy4                
00000d19  __aeabi_memcpy8                
00000d19  memcpy                         
00000db5  __aeabi_memclr                 
00000db5  __aeabi_memclr4                
00000db5  __aeabi_memclr8                
00000db7  __aeabi_memset                 
00000db7  __aeabi_memset4                
00000db7  __aeabi_memset8                
00000dbd  memset                         
00000e2f  _system_post_cinit             
00000e31  main                           
00000e69  Timer0IntHandler               
00000e75  UARTIntHandler                 
00000e77  QEIIntHandler                  
00000ea5  __TI_auto_init                 
00000f81  IntEnable                      
00000fe9  TimerConfigure                 
00001049  _c_int00                       
0000109d  C$$EXIT                        
000010a1  abort                          
000010a9  exit                           
000010f1  copy_in                        
0000113d  GPIOPinConfigure               
00001185  __aeabi_d2iz                   
000011cd  UARTConfigSetExpClk            
00001215  SysCtlPeripheralEnable         
00001249  GPIODirModeSet                 
00001273  PWMGenConfigure                
00001295  UARTDisable                    
000012b5  __aeabi_ui2d                   
000012d5  PWMPulseWidthSet               
000012f3  GPIOPinTypeGPIOOutput          
0000130d  _args_main                     
00001325  SysCtlPWMClockSet              
00001339  UARTEnable                     
0000134d  _register_unlock               
00001353  _register_lock                 
0000135b  _nop                           
00001361  GPIOPinTypePWM                 
00001373  GPIOPinTypeQEI                 
00001385  GPIOPinTypeUART                
00001397  PWMOutputState                 
000013a9  TimerLoadSet                   
000013bb  PWMGenPeriodSet                
000013cb  QEIVelocityConfigure           
000013db  QEIConfigure                   
000013e9  QEIDirectionGet                
000013f7  TimerEnable                    
00001405  __TI_decompress_none           
00001413  PWMGenEnable                   
0000141f  ResetISR                       
0000142b  QEIEnable                      
00001435  QEIVelocityEnable              
0000143f  UARTCharPut                    
00001449  QEIIntEnable                   
00001451  TimerIntEnable                 
00001459  UARTIntEnable                  
00001461  GPIOPinWrite                   
00001467  SysCtlDelay                    
0000146d  __TI_decompress_rle24          
00001473  QEIIntClear                    
00001477  QEIVelocityGet                 
0000147b  TimerIntClear                  
0000147f  _system_pre_init               
00001608  __TI_Handler_Table_Base        
00001610  __TI_CINIT_Base                
00001610  __TI_Handler_Table_Limit       
00001618  __TI_CINIT_Limit               
20000000  __stack                        
20000200  __STACK_END                    
20000200  __STACK_TOP                    
20000200  __TI_cleanup_ptr               
20000204  __TI_dtors_ptr                 
20000208  __TI_enable_exit_profile_output
2000020c  _lock                          
20000210  _unlock                        
20000214  main_func_sp                   
ffffffff  __TI_pprof_out_hndl            
ffffffff  __TI_prof_data_size            
ffffffff  __TI_prof_data_start           
ffffffff  __binit__                      
ffffffff  __c_args__                     
ffffffff  binit                          
UNDEFED   SHT$$INIT_ARRAY$$Base          
UNDEFED   SHT$$INIT_ARRAY$$Limit         

[110 symbols]
