******************************************************************************
                  TI ARM Linker PC v15.12.1                    
******************************************************************************
>> Linked Mon Jun 13 15:04:22 2016

OUTPUT FILE NAME:   <rpmCalcTest.out>
ENTRY POINT SYMBOL: "_c_int00"  address: 00001041


MEMORY CONFIGURATION

         name            origin    length      used     unused   attr    fill
----------------------  --------  ---------  --------  --------  ----  --------
  FLASH                 00000000   00040000  0000160e  0003e9f2  R  X
  SRAM                  20000000   00008000  00000218  00007de8  RW X


SEGMENT ALLOCATION MAP

run origin  load origin   length   init length attrs members
----------  ----------- ---------- ----------- ----- -------
00000000    00000000    00001610   00001610    r-x
  00000000    00000000    0000026c   0000026c    r-- .intvecs
  0000026c    0000026c    0000120e   0000120e    r-x .text
  0000147c    0000147c    0000016c   0000016c    r-- .const
  000015e8    000015e8    00000028   00000028    r-- .cinit
20000000    20000000    00000218   00000000    rw-
  20000000    20000000    00000200   00000000    rw- .stack
  20000200    20000200    00000018   00000000    rw- .data


SECTION ALLOCATION MAP

 output                                  attributes/
section   page    origin      length       input sections
--------  ----  ----------  ----------   ----------------
.intvecs   0    00000000    0000026c     
                  00000000    0000026c     tm4c123gh6pm_startup_ccs.obj (.intvecs)

.text      0    0000026c    0000120e     
                  0000026c    00000428     common.obj (.text)
                  00000694    00000244     init.obj (.text)
                  000008d8    00000132     driverlib.lib : gpio.obj (.text:GPIOPadConfigSet)
                  00000a0a    00000002     rtsv7M4_T_le_v4SPD16_eabi.lib : mpu_init.obj (.text)
                  00000a0c    00000110     driverlib.lib : sysctl.obj (.text:SysCtlClockGet)
                  00000b1c    000000fc     rtsv7M4_T_le_v4SPD16_eabi.lib : fd_mul_t2.obj (.text)
                  00000c18    000000f4     driverlib.lib : sysctl.obj (.text:SysCtlClockSet)
                  00000d0c    0000009c     rtsv7M4_T_le_v4SPD16_eabi.lib : memcpy_t2.obj (.text)
                  00000da8    0000007a                                   : memset_t2.obj (.text)
                  00000e22    00000002                                   : startup.obj (.text)
                  00000e24    00000078     main.obj (.text)
                  00000e9c    00000070     rtsv7M4_T_le_v4SPD16_eabi.lib : autoinit.obj (.text)
                  00000f0c    0000006a                                   : copy_decompress_rle.obj (.text)
                  00000f76    00000002     --HOLE-- [fill = 0]
                  00000f78    00000068     driverlib.lib : interrupt.obj (.text:IntEnable)
                  00000fe0    00000060                   : timer.obj (.text:TimerConfigure)
                  00001040    00000054     rtsv7M4_T_le_v4SPD16_eabi.lib : boot.obj (.text)
                  00001094    00000054                                   : exit.obj (.text)
                  000010e8    0000004c                                   : cpy_tbl.obj (.text)
                  00001134    00000048     driverlib.lib : gpio.obj (.text:GPIOPinConfigure)
                  0000117c    00000048     rtsv7M4_T_le_v4SPD16_eabi.lib : fd_toi_t2.obj (.text)
                  000011c4    00000046     driverlib.lib : uart.obj (.text:UARTConfigSetExpClk)
                  0000120a    00000002     --HOLE-- [fill = 0]
                  0000120c    00000034                   : sysctl.obj (.text:SysCtlPeripheralEnable)
                  00001240    0000002a                   : gpio.obj (.text:GPIODirModeSet)
                  0000126a    00000022                   : pwm.obj (.text:PWMGenConfigure)
                  0000128c    00000020                   : uart.obj (.text:UARTDisable)
                  000012ac    00000020     rtsv7M4_T_le_v4SPD16_eabi.lib : u_tofd_t2.obj (.text)
                  000012cc    0000001e     driverlib.lib : pwm.obj (.text:PWMPulseWidthSet)
                  000012ea    00000018                   : gpio.obj (.text:GPIOPinTypeGPIOOutput)
                  00001302    00000002     --HOLE-- [fill = 0]
                  00001304    00000018     rtsv7M4_T_le_v4SPD16_eabi.lib : args_main.obj (.text)
                  0000131c    00000014     driverlib.lib : sysctl.obj (.text:SysCtlPWMClockSet)
                  00001330    00000014                   : uart.obj (.text:UARTEnable)
                  00001344    00000014     rtsv7M4_T_le_v4SPD16_eabi.lib : _lock.obj (.text)
                  00001358    00000012     driverlib.lib : gpio.obj (.text:GPIOPinTypePWM)
                  0000136a    00000012                   : gpio.obj (.text:GPIOPinTypeQEI)
                  0000137c    00000012                   : gpio.obj (.text:GPIOPinTypeUART)
                  0000138e    00000012                   : pwm.obj (.text:PWMOutputState)
                  000013a0    00000012                   : timer.obj (.text:TimerLoadSet)
                  000013b2    00000010                   : pwm.obj (.text:PWMGenPeriodSet)
                  000013c2    00000010                   : qei.obj (.text:QEIVelocityConfigure)
                  000013d2    0000000e                   : qei.obj (.text:QEIConfigure)
                  000013e0    0000000e                   : qei.obj (.text:QEIDirectionGet)
                  000013ee    0000000e                   : timer.obj (.text:TimerEnable)
                  000013fc    0000000e     rtsv7M4_T_le_v4SPD16_eabi.lib : copy_decompress_none.obj (.text:decompress:none)
                  0000140a    0000000c     driverlib.lib : pwm.obj (.text:PWMGenEnable)
                  00001416    0000000c     tm4c123gh6pm_startup_ccs.obj (.text)
                  00001422    0000000a     driverlib.lib : qei.obj (.text:QEIEnable)
                  0000142c    0000000a                   : qei.obj (.text:QEIVelocityEnable)
                  00001436    0000000a                   : uart.obj (.text:UARTCharPut)
                  00001440    00000008                   : qei.obj (.text:QEIIntEnable)
                  00001448    00000008                   : timer.obj (.text:TimerIntEnable)
                  00001450    00000008                   : uart.obj (.text:UARTIntEnable)
                  00001458    00000006                   : gpio.obj (.text:GPIOPinWrite)
                  0000145e    00000006                   : sysctl.obj (.text:SysCtlDelay)
                  00001464    00000006     rtsv7M4_T_le_v4SPD16_eabi.lib : copy_decompress_rle.obj (.text:decompress:rle24)
                  0000146a    00000004     driverlib.lib : qei.obj (.text:QEIIntClear)
                  0000146e    00000004                   : qei.obj (.text:QEIVelocityGet)
                  00001472    00000004                   : timer.obj (.text:TimerIntClear)
                  00001476    00000004     rtsv7M4_T_le_v4SPD16_eabi.lib : pre_init.obj (.text)

.const     0    0000147c    0000016c     
                  0000147c    00000090     driverlib.lib : gpio.obj (.const:g_pui32GPIOBaseAddrs)
                  0000150c    00000070                   : interrupt.obj (.const)
                  0000157c    0000006c                   : sysctl.obj (.const:g_pui32Xtals)

.cinit     0    000015e8    00000028     
                  000015e8    00000016     (.cinit..data.load) [load image, compression = rle]
                  000015fe    00000002     --HOLE-- [fill = 0]
                  00001600    00000008     (__TI_handler_table)
                  00001608    00000008     (__TI_cinit_table)

.init_array 
*          0    00000000    00000000     UNINITIALIZED

.stack     0    20000000    00000200     UNINITIALIZED
                  20000000    00000200     --HOLE--

.data      0    20000200    00000018     UNINITIALIZED
                  20000200    0000000c     rtsv7M4_T_le_v4SPD16_eabi.lib : exit.obj (.data:$O1$$)
                  2000020c    00000008                                   : _lock.obj (.data:$O1$$)
                  20000214    00000004                                   : stkdepth_vars.obj (.data)

MODULE SUMMARY

       Module                         code   ro data   rw data
       ------                         ----   -------   -------
    .\
       tm4c123gh6pm_startup_ccs.obj   12     620       0      
       main.obj                       120    0         0      
    +--+------------------------------+------+---------+---------+
       Total:                         132    620       0      
                                                              
    .\userLib\
       common.obj                     1064   0         0      
       init.obj                       580    0         0      
    +--+------------------------------+------+---------+---------+
       Total:                         1644   0         0      
                                                              
    C:/ti/TivaWare_C_Series-2.1.2.111/driverlib/ccs/Debug/driverlib.lib
       sysctl.obj                     594    108       0      
       gpio.obj                       504    144       0      
       interrupt.obj                  104    112       0      
       timer.obj                      140    0         0      
       uart.obj                       140    0         0      
       pwm.obj                        110    0         0      
       qei.obj                        80     0         0      
    +--+------------------------------+------+---------+---------+
       Total:                         1672   364       0      
                                                              
    C:\ti\ccsv6\tools\compiler\ti-cgt-arm_15.12.1.LTS\lib\rtsv7M4_T_le_v4SPD16_eabi.lib
       fd_mul_t2.obj                  252    0         0      
       memcpy_t2.obj                  156    0         0      
       memset_t2.obj                  122    0         0      
       autoinit.obj                   112    0         0      
       copy_decompress_rle.obj        112    0         0      
       exit.obj                       84     0         12     
       boot.obj                       84     0         0      
       cpy_tbl.obj                    76     0         0      
       fd_toi_t2.obj                  72     0         0      
       u_tofd_t2.obj                  32     0         0      
       _lock.obj                      20     0         8      
       args_main.obj                  24     0         0      
       copy_decompress_none.obj       14     0         0      
       pre_init.obj                   4      0         0      
       stkdepth_vars.obj              0      0         4      
       mpu_init.obj                   2      0         0      
       startup.obj                    2      0         0      
    +--+------------------------------+------+---------+---------+
       Total:                         1168   0         24     
                                                              
       Stack:                         0      0         512    
       Linker Generated:              0      38        0      
    +--+------------------------------+------+---------+---------+
       Grand Total:                   4616   1022      536    


LINKER GENERATED COPY TABLES

__TI_cinit_table @ 00001608 records: 1, size/record: 8, table size: 8
	.data: load addr=000015e8, load size=00000016 bytes, run addr=20000200, run size=00000018 bytes, compression=rle


LINKER GENERATED HANDLER TABLE

__TI_handler_table @ 00001600 records: 2, size/record: 4, table size: 8
	index: 0, handler: __TI_decompress_rle24
	index: 1, handler: __TI_decompress_none


GLOBAL SYMBOLS: SORTED ALPHABETICALLY BY Name 

address   name                           
-------   ----                           
00001095  C$$EXIT                        
00001241  GPIODirModeSet                 
000008d9  GPIOPadConfigSet               
00001135  GPIOPinConfigure               
000012eb  GPIOPinTypeGPIOOutput          
00001359  GPIOPinTypePWM                 
0000136b  GPIOPinTypeQEI                 
0000137d  GPIOPinTypeUART                
00001459  GPIOPinWrite                   
0000051d  GraphPlot0                     
000005dd  GraphPlot1                     
00000f79  IntEnable                      
0000126b  PWMGenConfigure                
0000140b  PWMGenEnable                   
000013b3  PWMGenPeriodSet                
0000138f  PWMOutputState                 
000012cd  PWMPulseWidthSet               
000013d3  QEIConfigure                   
000013e1  QEIDirectionGet                
00001423  QEIEnable                      
0000146b  QEIIntClear                    
00001441  QEIIntEnable                   
00000e5b  QEIIntHandler                  
000013c3  QEIVelocityConfigure           
0000142d  QEIVelocityEnable              
0000146f  QEIVelocityGet                 
00001417  ResetISR                       
UNDEFED   SHT$$INIT_ARRAY$$Base          
UNDEFED   SHT$$INIT_ARRAY$$Limit         
00000a0d  SysCtlClockGet                 
00000c19  SysCtlClockSet                 
0000145f  SysCtlDelay                    
0000131d  SysCtlPWMClockSet              
0000120d  SysCtlPeripheralEnable         
00000e4d  Timer0IntHandler               
00000fe1  TimerConfigure                 
000013ef  TimerEnable                    
00001473  TimerIntClear                  
00001449  TimerIntEnable                 
000013a1  TimerLoadSet                   
00001437  UARTCharPut                    
000011c5  UARTConfigSetExpClk            
0000128d  UARTDisable                    
00001331  UARTEnable                     
00001451  UARTIntEnable                  
00000e59  UARTIntHandler                 
00000477  UART_OutDec                    
000003ad  UART_OutUDec                   
00000305  UART_TransmitString            
20000200  __STACK_END                    
00000200  __STACK_SIZE                   
20000200  __STACK_TOP                    
00001608  __TI_CINIT_Base                
00001610  __TI_CINIT_Limit               
00001600  __TI_Handler_Table_Base        
00001608  __TI_Handler_Table_Limit       
00000e9d  __TI_auto_init                 
20000200  __TI_cleanup_ptr               
000013fd  __TI_decompress_none           
00001465  __TI_decompress_rle24          
20000204  __TI_dtors_ptr                 
20000208  __TI_enable_exit_profile_output
ffffffff  __TI_pprof_out_hndl            
ffffffff  __TI_prof_data_size            
ffffffff  __TI_prof_data_start           
00000000  __TI_static_base__             
0000117d  __aeabi_d2iz                   
00000b1d  __aeabi_dmul                   
00000da9  __aeabi_memclr                 
00000da9  __aeabi_memclr4                
00000da9  __aeabi_memclr8                
00000d0d  __aeabi_memcpy                 
00000d0d  __aeabi_memcpy4                
00000d0d  __aeabi_memcpy8                
00000dab  __aeabi_memset                 
00000dab  __aeabi_memset4                
00000dab  __aeabi_memset8                
000012ad  __aeabi_ui2d                   
ffffffff  __binit__                      
ffffffff  __c_args__                     
00000a0b  __mpu_init                     
20000000  __stack                        
00001305  _args_main                     
00001041  _c_int00                       
2000020c  _lock                          
00001353  _nop                           
0000134b  _register_lock                 
00001345  _register_unlock               
00000e23  _system_post_cinit             
00001477  _system_pre_init               
20000210  _unlock                        
00001099  abort                          
000002ed  absolute                       
ffffffff  binit                          
000002c1  calculateRPM                   
000010e9  copy_in                        
000010a1  exit                           
00000000  g_pfnVectors                   
00000e25  main                           
20000214  main_func_sp                   
00000d0d  memcpy                         
00000db1  memset                         
00000695  motorDirInit                   
00000799  pwmInit                        
000007e7  qeiInit                        
0000026d  setPWM                         
000006a7  timerInit                      
000006e3  uart0Init                      
0000071d  uart1Init                      
00000755  uart5Init                      


GLOBAL SYMBOLS: SORTED BY Symbol Address 

address   name                           
-------   ----                           
00000000  __TI_static_base__             
00000000  g_pfnVectors                   
00000200  __STACK_SIZE                   
0000026d  setPWM                         
000002c1  calculateRPM                   
000002ed  absolute                       
00000305  UART_TransmitString            
000003ad  UART_OutUDec                   
00000477  UART_OutDec                    
0000051d  GraphPlot0                     
000005dd  GraphPlot1                     
00000695  motorDirInit                   
000006a7  timerInit                      
000006e3  uart0Init                      
0000071d  uart1Init                      
00000755  uart5Init                      
00000799  pwmInit                        
000007e7  qeiInit                        
000008d9  GPIOPadConfigSet               
00000a0b  __mpu_init                     
00000a0d  SysCtlClockGet                 
00000b1d  __aeabi_dmul                   
00000c19  SysCtlClockSet                 
00000d0d  __aeabi_memcpy                 
00000d0d  __aeabi_memcpy4                
00000d0d  __aeabi_memcpy8                
00000d0d  memcpy                         
00000da9  __aeabi_memclr                 
00000da9  __aeabi_memclr4                
00000da9  __aeabi_memclr8                
00000dab  __aeabi_memset                 
00000dab  __aeabi_memset4                
00000dab  __aeabi_memset8                
00000db1  memset                         
00000e23  _system_post_cinit             
00000e25  main                           
00000e4d  Timer0IntHandler               
00000e59  UARTIntHandler                 
00000e5b  QEIIntHandler                  
00000e9d  __TI_auto_init                 
00000f79  IntEnable                      
00000fe1  TimerConfigure                 
00001041  _c_int00                       
00001095  C$$EXIT                        
00001099  abort                          
000010a1  exit                           
000010e9  copy_in                        
00001135  GPIOPinConfigure               
0000117d  __aeabi_d2iz                   
000011c5  UARTConfigSetExpClk            
0000120d  SysCtlPeripheralEnable         
00001241  GPIODirModeSet                 
0000126b  PWMGenConfigure                
0000128d  UARTDisable                    
000012ad  __aeabi_ui2d                   
000012cd  PWMPulseWidthSet               
000012eb  GPIOPinTypeGPIOOutput          
00001305  _args_main                     
0000131d  SysCtlPWMClockSet              
00001331  UARTEnable                     
00001345  _register_unlock               
0000134b  _register_lock                 
00001353  _nop                           
00001359  GPIOPinTypePWM                 
0000136b  GPIOPinTypeQEI                 
0000137d  GPIOPinTypeUART                
0000138f  PWMOutputState                 
000013a1  TimerLoadSet                   
000013b3  PWMGenPeriodSet                
000013c3  QEIVelocityConfigure           
000013d3  QEIConfigure                   
000013e1  QEIDirectionGet                
000013ef  TimerEnable                    
000013fd  __TI_decompress_none           
0000140b  PWMGenEnable                   
00001417  ResetISR                       
00001423  QEIEnable                      
0000142d  QEIVelocityEnable              
00001437  UARTCharPut                    
00001441  QEIIntEnable                   
00001449  TimerIntEnable                 
00001451  UARTIntEnable                  
00001459  GPIOPinWrite                   
0000145f  SysCtlDelay                    
00001465  __TI_decompress_rle24          
0000146b  QEIIntClear                    
0000146f  QEIVelocityGet                 
00001473  TimerIntClear                  
00001477  _system_pre_init               
00001600  __TI_Handler_Table_Base        
00001608  __TI_CINIT_Base                
00001608  __TI_Handler_Table_Limit       
00001610  __TI_CINIT_Limit               
20000000  __stack                        
20000200  __STACK_END                    
20000200  __STACK_TOP                    
20000200  __TI_cleanup_ptr               
20000204  __TI_dtors_ptr                 
20000208  __TI_enable_exit_profile_output
2000020c  _lock                          
20000210  _unlock                        
20000214  main_func_sp                   
ffffffff  __TI_pprof_out_hndl            
ffffffff  __TI_prof_data_size            
ffffffff  __TI_prof_data_start           
ffffffff  __binit__                      
ffffffff  __c_args__                     
ffffffff  binit                          
UNDEFED   SHT$$INIT_ARRAY$$Base          
UNDEFED   SHT$$INIT_ARRAY$$Limit         

[110 symbols]
