******************************************************************************
                  TI ARM Linker PC v15.12.1                    
******************************************************************************
>> Linked Sun Jun 12 02:27:54 2016

OUTPUT FILE NAME:   <rpmCalcTest.out>
ENTRY POINT SYMBOL: "_c_int00"  address: 00001045


MEMORY CONFIGURATION

         name            origin    length      used     unused   attr    fill
----------------------  --------  ---------  --------  --------  ----  --------
  FLASH                 00000000   00040000  00001612  0003e9ee  R  X
  SRAM                  20000000   00008000  00000218  00007de8  RW X


SEGMENT ALLOCATION MAP

run origin  load origin   length   init length attrs members
----------  ----------- ---------- ----------- ----- -------
00000000    00000000    00001618   00001618    r-x
  00000000    00000000    0000026c   0000026c    r-- .intvecs
  0000026c    0000026c    00001212   00001212    r-x .text
  00001480    00001480    0000016c   0000016c    r-- .const
  000015f0    000015f0    00000028   00000028    r-- .cinit
20000000    20000000    00000218   00000000    rw-
  20000000    20000000    00000200   00000000    rw- .stack
  20000200    20000200    00000018   00000000    rw- .data


SECTION ALLOCATION MAP

 output                                  attributes/
section   page    origin      length       input sections
--------  ----  ----------  ----------   ----------------
.intvecs   0    00000000    0000026c     
                  00000000    0000026c     tm4c123gh6pm_startup_ccs.obj (.intvecs)

.text      0    0000026c    00001212     
                  0000026c    00000428     common.obj (.text)
                  00000694    00000244     init.obj (.text)
                  000008d8    00000132     driverlib.lib : gpio.obj (.text:GPIOPadConfigSet)
                  00000a0a    00000002     rtsv7M4_T_le_v4SPD16_eabi.lib : mpu_init.obj (.text)
                  00000a0c    00000110     driverlib.lib : sysctl.obj (.text:SysCtlClockGet)
                  00000b1c    000000fc     rtsv7M4_T_le_v4SPD16_eabi.lib : fd_mul_t2.obj (.text)
                  00000c18    000000f4     driverlib.lib : sysctl.obj (.text:SysCtlClockSet)
                  00000d0c    0000009c     rtsv7M4_T_le_v4SPD16_eabi.lib : memcpy_t2.obj (.text)
                  00000da8    0000007c     main.obj (.text)
                  00000e24    0000007a     rtsv7M4_T_le_v4SPD16_eabi.lib : memset_t2.obj (.text)
                  00000e9e    00000002                                   : startup.obj (.text)
                  00000ea0    00000070                                   : autoinit.obj (.text)
                  00000f10    0000006a                                   : copy_decompress_rle.obj (.text)
                  00000f7a    00000002     --HOLE-- [fill = 0]
                  00000f7c    00000068     driverlib.lib : interrupt.obj (.text:IntEnable)
                  00000fe4    00000060                   : timer.obj (.text:TimerConfigure)
                  00001044    00000054     rtsv7M4_T_le_v4SPD16_eabi.lib : boot.obj (.text)
                  00001098    00000054                                   : exit.obj (.text)
                  000010ec    0000004c                                   : cpy_tbl.obj (.text)
                  00001138    00000048     driverlib.lib : gpio.obj (.text:GPIOPinConfigure)
                  00001180    00000048     rtsv7M4_T_le_v4SPD16_eabi.lib : fd_toi_t2.obj (.text)
                  000011c8    00000046     driverlib.lib : uart.obj (.text:UARTConfigSetExpClk)
                  0000120e    00000002     --HOLE-- [fill = 0]
                  00001210    00000034                   : sysctl.obj (.text:SysCtlPeripheralEnable)
                  00001244    0000002a                   : gpio.obj (.text:GPIODirModeSet)
                  0000126e    00000022                   : pwm.obj (.text:PWMGenConfigure)
                  00001290    00000020                   : uart.obj (.text:UARTDisable)
                  000012b0    00000020     rtsv7M4_T_le_v4SPD16_eabi.lib : u_tofd_t2.obj (.text)
                  000012d0    0000001e     driverlib.lib : pwm.obj (.text:PWMPulseWidthSet)
                  000012ee    00000018                   : gpio.obj (.text:GPIOPinTypeGPIOOutput)
                  00001306    00000002     --HOLE-- [fill = 0]
                  00001308    00000018     rtsv7M4_T_le_v4SPD16_eabi.lib : args_main.obj (.text)
                  00001320    00000014     driverlib.lib : sysctl.obj (.text:SysCtlPWMClockSet)
                  00001334    00000014                   : uart.obj (.text:UARTEnable)
                  00001348    00000014     rtsv7M4_T_le_v4SPD16_eabi.lib : _lock.obj (.text)
                  0000135c    00000012     driverlib.lib : gpio.obj (.text:GPIOPinTypePWM)
                  0000136e    00000012                   : gpio.obj (.text:GPIOPinTypeQEI)
                  00001380    00000012                   : gpio.obj (.text:GPIOPinTypeUART)
                  00001392    00000012                   : pwm.obj (.text:PWMOutputState)
                  000013a4    00000012                   : timer.obj (.text:TimerLoadSet)
                  000013b6    00000010                   : pwm.obj (.text:PWMGenPeriodSet)
                  000013c6    00000010                   : qei.obj (.text:QEIVelocityConfigure)
                  000013d6    0000000e                   : qei.obj (.text:QEIConfigure)
                  000013e4    0000000e                   : qei.obj (.text:QEIDirectionGet)
                  000013f2    0000000e                   : timer.obj (.text:TimerEnable)
                  00001400    0000000e     rtsv7M4_T_le_v4SPD16_eabi.lib : copy_decompress_none.obj (.text:decompress:none)
                  0000140e    0000000c     driverlib.lib : pwm.obj (.text:PWMGenEnable)
                  0000141a    0000000c     tm4c123gh6pm_startup_ccs.obj (.text)
                  00001426    0000000a     driverlib.lib : qei.obj (.text:QEIEnable)
                  00001430    0000000a                   : qei.obj (.text:QEIVelocityEnable)
                  0000143a    0000000a                   : uart.obj (.text:UARTCharPut)
                  00001444    00000008                   : qei.obj (.text:QEIIntEnable)
                  0000144c    00000008                   : timer.obj (.text:TimerIntEnable)
                  00001454    00000008                   : uart.obj (.text:UARTIntEnable)
                  0000145c    00000006                   : gpio.obj (.text:GPIOPinWrite)
                  00001462    00000006                   : sysctl.obj (.text:SysCtlDelay)
                  00001468    00000006     rtsv7M4_T_le_v4SPD16_eabi.lib : copy_decompress_rle.obj (.text:decompress:rle24)
                  0000146e    00000004     driverlib.lib : qei.obj (.text:QEIIntClear)
                  00001472    00000004                   : qei.obj (.text:QEIVelocityGet)
                  00001476    00000004                   : timer.obj (.text:TimerIntClear)
                  0000147a    00000004     rtsv7M4_T_le_v4SPD16_eabi.lib : pre_init.obj (.text)

.const     0    00001480    0000016c     
                  00001480    00000090     driverlib.lib : gpio.obj (.const:g_pui32GPIOBaseAddrs)
                  00001510    00000070                   : interrupt.obj (.const)
                  00001580    0000006c                   : sysctl.obj (.const:g_pui32Xtals)

.cinit     0    000015f0    00000028     
                  000015f0    00000016     (.cinit..data.load) [load image, compression = rle]
                  00001606    00000002     --HOLE-- [fill = 0]
                  00001608    00000008     (__TI_handler_table)
                  00001610    00000008     (__TI_cinit_table)

.init_array 
*          0    00000000    00000000     UNINITIALIZED

.stack     0    20000000    00000200     UNINITIALIZED
                  20000000    00000200     --HOLE--

.data      0    20000200    00000018     UNINITIALIZED
                  20000200    0000000c     rtsv7M4_T_le_v4SPD16_eabi.lib : exit.obj (.data:$O1$$)
                  2000020c    00000008                                   : _lock.obj (.data:$O1$$)
                  20000214    00000004                                   : stkdepth_vars.obj (.data)

MODULE SUMMARY

       Module                         code   ro data   rw data
       ------                         ----   -------   -------
    .\
       tm4c123gh6pm_startup_ccs.obj   12     620       0      
       main.obj                       124    0         0      
    +--+------------------------------+------+---------+---------+
       Total:                         136    620       0      
                                                              
    .\userLib\
       common.obj                     1064   0         0      
       init.obj                       580    0         0      
    +--+------------------------------+------+---------+---------+
       Total:                         1644   0         0      
                                                              
    C:/ti/TivaWare_C_Series-2.1.2.111/driverlib/ccs/Debug/driverlib.lib
       sysctl.obj                     594    108       0      
       gpio.obj                       504    144       0      
       interrupt.obj                  104    112       0      
       timer.obj                      140    0         0      
       uart.obj                       140    0         0      
       pwm.obj                        110    0         0      
       qei.obj                        80     0         0      
    +--+------------------------------+------+---------+---------+
       Total:                         1672   364       0      
                                                              
    C:\ti\ccsv6\tools\compiler\ti-cgt-arm_15.12.1.LTS\lib\rtsv7M4_T_le_v4SPD16_eabi.lib
       fd_mul_t2.obj                  252    0         0      
       memcpy_t2.obj                  156    0         0      
       memset_t2.obj                  122    0         0      
       autoinit.obj                   112    0         0      
       copy_decompress_rle.obj        112    0         0      
       exit.obj                       84     0         12     
       boot.obj                       84     0         0      
       cpy_tbl.obj                    76     0         0      
       fd_toi_t2.obj                  72     0         0      
       u_tofd_t2.obj                  32     0         0      
       _lock.obj                      20     0         8      
       args_main.obj                  24     0         0      
       copy_decompress_none.obj       14     0         0      
       pre_init.obj                   4      0         0      
       stkdepth_vars.obj              0      0         4      
       mpu_init.obj                   2      0         0      
       startup.obj                    2      0         0      
    +--+------------------------------+------+---------+---------+
       Total:                         1168   0         24     
                                                              
       Stack:                         0      0         512    
       Linker Generated:              0      38        0      
    +--+------------------------------+------+---------+---------+
       Grand Total:                   4620   1022      536    


LINKER GENERATED COPY TABLES

__TI_cinit_table @ 00001610 records: 1, size/record: 8, table size: 8
	.data: load addr=000015f0, load size=00000016 bytes, run addr=20000200, run size=00000018 bytes, compression=rle


LINKER GENERATED HANDLER TABLE

__TI_handler_table @ 00001608 records: 2, size/record: 4, table size: 8
	index: 0, handler: __TI_decompress_rle24
	index: 1, handler: __TI_decompress_none


GLOBAL SYMBOLS: SORTED ALPHABETICALLY BY Name 

address   name                           
-------   ----                           
00001099  C$$EXIT                        
00001245  GPIODirModeSet                 
000008d9  GPIOPadConfigSet               
00001139  GPIOPinConfigure               
000012ef  GPIOPinTypeGPIOOutput          
0000135d  GPIOPinTypePWM                 
0000136f  GPIOPinTypeQEI                 
00001381  GPIOPinTypeUART                
0000145d  GPIOPinWrite                   
0000051d  GraphPlot0                     
000005dd  GraphPlot1                     
00000f7d  IntEnable                      
0000126f  PWMGenConfigure                
0000140f  PWMGenEnable                   
000013b7  PWMGenPeriodSet                
00001393  PWMOutputState                 
000012d1  PWMPulseWidthSet               
000013d7  QEIConfigure                   
000013e5  QEIDirectionGet                
00001427  QEIEnable                      
0000146f  QEIIntClear                    
00001445  QEIIntEnable                   
00000de1  QEIIntHandler                  
000013c7  QEIVelocityConfigure           
00001431  QEIVelocityEnable              
00001473  QEIVelocityGet                 
0000141b  ResetISR                       
UNDEFED   SHT$$INIT_ARRAY$$Base          
UNDEFED   SHT$$INIT_ARRAY$$Limit         
00000a0d  SysCtlClockGet                 
00000c19  SysCtlClockSet                 
00001463  SysCtlDelay                    
00001321  SysCtlPWMClockSet              
00001211  SysCtlPeripheralEnable         
00000dd3  Timer0IntHandler               
00000fe5  TimerConfigure                 
000013f3  TimerEnable                    
00001477  TimerIntClear                  
0000144d  TimerIntEnable                 
000013a5  TimerLoadSet                   
0000143b  UARTCharPut                    
000011c9  UARTConfigSetExpClk            
00001291  UARTDisable                    
00001335  UARTEnable                     
00001455  UARTIntEnable                  
00000ddf  UARTIntHandler                 
00000477  UART_OutDec                    
000003ad  UART_OutUDec                   
00000305  UART_TransmitString            
20000200  __STACK_END                    
00000200  __STACK_SIZE                   
20000200  __STACK_TOP                    
00001610  __TI_CINIT_Base                
00001618  __TI_CINIT_Limit               
00001608  __TI_Handler_Table_Base        
00001610  __TI_Handler_Table_Limit       
00000ea1  __TI_auto_init                 
20000200  __TI_cleanup_ptr               
00001401  __TI_decompress_none           
00001469  __TI_decompress_rle24          
20000204  __TI_dtors_ptr                 
20000208  __TI_enable_exit_profile_output
ffffffff  __TI_pprof_out_hndl            
ffffffff  __TI_prof_data_size            
ffffffff  __TI_prof_data_start           
00000000  __TI_static_base__             
00001181  __aeabi_d2iz                   
00000b1d  __aeabi_dmul                   
00000e25  __aeabi_memclr                 
00000e25  __aeabi_memclr4                
00000e25  __aeabi_memclr8                
00000d0d  __aeabi_memcpy                 
00000d0d  __aeabi_memcpy4                
00000d0d  __aeabi_memcpy8                
00000e27  __aeabi_memset                 
00000e27  __aeabi_memset4                
00000e27  __aeabi_memset8                
000012b1  __aeabi_ui2d                   
ffffffff  __binit__                      
ffffffff  __c_args__                     
00000a0b  __mpu_init                     
20000000  __stack                        
00001309  _args_main                     
00001045  _c_int00                       
2000020c  _lock                          
00001357  _nop                           
0000134f  _register_lock                 
00001349  _register_unlock               
00000e9f  _system_post_cinit             
0000147b  _system_pre_init               
20000210  _unlock                        
0000109d  abort                          
000002ed  absolute                       
ffffffff  binit                          
000002c1  calculateRPM                   
000010ed  copy_in                        
000010a5  exit                           
00000000  g_pfnVectors                   
00000da9  main                           
20000214  main_func_sp                   
00000d0d  memcpy                         
00000e2d  memset                         
00000695  motorDirInit                   
00000799  pwmInit                        
000007e7  qeiInit                        
0000026d  setPWM                         
000006a7  timerInit                      
000006e3  uart0Init                      
0000071d  uart1Init                      
00000755  uart5Init                      


GLOBAL SYMBOLS: SORTED BY Symbol Address 

address   name                           
-------   ----                           
00000000  __TI_static_base__             
00000000  g_pfnVectors                   
00000200  __STACK_SIZE                   
0000026d  setPWM                         
000002c1  calculateRPM                   
000002ed  absolute                       
00000305  UART_TransmitString            
000003ad  UART_OutUDec                   
00000477  UART_OutDec                    
0000051d  GraphPlot0                     
000005dd  GraphPlot1                     
00000695  motorDirInit                   
000006a7  timerInit                      
000006e3  uart0Init                      
0000071d  uart1Init                      
00000755  uart5Init                      
00000799  pwmInit                        
000007e7  qeiInit                        
000008d9  GPIOPadConfigSet               
00000a0b  __mpu_init                     
00000a0d  SysCtlClockGet                 
00000b1d  __aeabi_dmul                   
00000c19  SysCtlClockSet                 
00000d0d  __aeabi_memcpy                 
00000d0d  __aeabi_memcpy4                
00000d0d  __aeabi_memcpy8                
00000d0d  memcpy                         
00000da9  main                           
00000dd3  Timer0IntHandler               
00000ddf  UARTIntHandler                 
00000de1  QEIIntHandler                  
00000e25  __aeabi_memclr                 
00000e25  __aeabi_memclr4                
00000e25  __aeabi_memclr8                
00000e27  __aeabi_memset                 
00000e27  __aeabi_memset4                
00000e27  __aeabi_memset8                
00000e2d  memset                         
00000e9f  _system_post_cinit             
00000ea1  __TI_auto_init                 
00000f7d  IntEnable                      
00000fe5  TimerConfigure                 
00001045  _c_int00                       
00001099  C$$EXIT                        
0000109d  abort                          
000010a5  exit                           
000010ed  copy_in                        
00001139  GPIOPinConfigure               
00001181  __aeabi_d2iz                   
000011c9  UARTConfigSetExpClk            
00001211  SysCtlPeripheralEnable         
00001245  GPIODirModeSet                 
0000126f  PWMGenConfigure                
00001291  UARTDisable                    
000012b1  __aeabi_ui2d                   
000012d1  PWMPulseWidthSet               
000012ef  GPIOPinTypeGPIOOutput          
00001309  _args_main                     
00001321  SysCtlPWMClockSet              
00001335  UARTEnable                     
00001349  _register_unlock               
0000134f  _register_lock                 
00001357  _nop                           
0000135d  GPIOPinTypePWM                 
0000136f  GPIOPinTypeQEI                 
00001381  GPIOPinTypeUART                
00001393  PWMOutputState                 
000013a5  TimerLoadSet                   
000013b7  PWMGenPeriodSet                
000013c7  QEIVelocityConfigure           
000013d7  QEIConfigure                   
000013e5  QEIDirectionGet                
000013f3  TimerEnable                    
00001401  __TI_decompress_none           
0000140f  PWMGenEnable                   
0000141b  ResetISR                       
00001427  QEIEnable                      
00001431  QEIVelocityEnable              
0000143b  UARTCharPut                    
00001445  QEIIntEnable                   
0000144d  TimerIntEnable                 
00001455  UARTIntEnable                  
0000145d  GPIOPinWrite                   
00001463  SysCtlDelay                    
00001469  __TI_decompress_rle24          
0000146f  QEIIntClear                    
00001473  QEIVelocityGet                 
00001477  TimerIntClear                  
0000147b  _system_pre_init               
00001608  __TI_Handler_Table_Base        
00001610  __TI_CINIT_Base                
00001610  __TI_Handler_Table_Limit       
00001618  __TI_CINIT_Limit               
20000000  __stack                        
20000200  __STACK_END                    
20000200  __STACK_TOP                    
20000200  __TI_cleanup_ptr               
20000204  __TI_dtors_ptr                 
20000208  __TI_enable_exit_profile_output
2000020c  _lock                          
20000210  _unlock                        
20000214  main_func_sp                   
ffffffff  __TI_pprof_out_hndl            
ffffffff  __TI_prof_data_size            
ffffffff  __TI_prof_data_start           
ffffffff  __binit__                      
ffffffff  __c_args__                     
ffffffff  binit                          
UNDEFED   SHT$$INIT_ARRAY$$Base          
UNDEFED   SHT$$INIT_ARRAY$$Limit         

[110 symbols]
