******************************************************************************
                  TI ARM Linker PC v15.12.1                    
******************************************************************************
>> Linked Thu Jun 16 17:49:18 2016

OUTPUT FILE NAME:   <motor-hysteresis-Test[Exp4.1].out>
ENTRY POINT SYMBOL: "_c_int00"  address: 000012ed


MEMORY CONFIGURATION

         name            origin    length      used     unused   attr    fill
----------------------  --------  ---------  --------  --------  ----  --------
  FLASH                 00000000   00040000  0000189e  0003e762  R  X
  SRAM                  20000000   00008000  0000027c  00007d84  RW X


SEGMENT ALLOCATION MAP

run origin  load origin   length   init length attrs members
----------  ----------- ---------- ----------- ----- -------
00000000    00000000    000018a4   000018a4    r-x
  00000000    00000000    0000026c   0000026c    r-- .intvecs
  0000026c    0000026c    00001482   00001482    r-x .text
  000016f0    000016f0    0000016c   0000016c    r-- .const
  00001860    00001860    00000044   00000044    r-- .cinit
20000000    20000000    0000027c   00000000    rw-
  20000000    20000000    00000200   00000000    rw- .stack
  20000200    20000200    00000050   00000000    rw- .bss
  20000250    20000250    0000002c   00000000    rw- .data


SECTION ALLOCATION MAP

 output                                  attributes/
section   page    origin      length       input sections
--------  ----  ----------  ----------   ----------------
.intvecs   0    00000000    0000026c     
                  00000000    0000026c     tm4c123gh6pm_startup_ccs.obj (.intvecs)

.text      0    0000026c    00001482     
                  0000026c    00000438     common.obj (.text)
                  000006a4    00000250     init.obj (.text)
                  000008f4    00000132     driverlib.lib : gpio.obj (.text:GPIOPadConfigSet)
                  00000a26    00000002     rtsv7M4_T_le_v4SPD16_eabi.lib : mpu_init.obj (.text)
                  00000a28    00000110     driverlib.lib : sysctl.obj (.text:SysCtlClockGet)
                  00000b38    000000fc     rtsv7M4_T_le_v4SPD16_eabi.lib : fd_mul_t2.obj (.text)
                  00000c34    000000f4     driverlib.lib : sysctl.obj (.text:SysCtlClockSet)
                  00000d28    000000f0     pidController.obj (.text)
                  00000e18    000000ec     main.obj (.text)
                  00000f04    000000c0     movingArray.obj (.text)
                  00000fc4    0000009c     rtsv7M4_T_le_v4SPD16_eabi.lib : memcpy_t2.obj (.text)
                  00001060    0000007a                                   : memset_t2.obj (.text)
                  000010da    00000002                                   : startup.obj (.text)
                  000010dc    00000070                                   : autoinit.obj (.text)
                  0000114c    0000006e                                   : fd_tos_t2.obj (.text)
                  000011ba    0000006a                                   : copy_decompress_rle.obj (.text)
                  00001224    00000068     driverlib.lib : interrupt.obj (.text:IntEnable)
                  0000128c    00000060                   : timer.obj (.text:TimerConfigure)
                  000012ec    00000054     rtsv7M4_T_le_v4SPD16_eabi.lib : boot.obj (.text)
                  00001340    00000054                                   : exit.obj (.text)
                  00001394    0000004c                                   : cpy_tbl.obj (.text)
                  000013e0    00000048     driverlib.lib : gpio.obj (.text:GPIOPinConfigure)
                  00001428    00000046                   : uart.obj (.text:UARTConfigSetExpClk)
                  0000146e    00000002     --HOLE-- [fill = 0]
                  00001470    00000034                   : sysctl.obj (.text:SysCtlPeripheralEnable)
                  000014a4    0000002e     rtsv7M4_T_le_v4SPD16_eabi.lib : i_tofd_t2.obj (.text)
                  000014d2    0000002a     driverlib.lib : gpio.obj (.text:GPIODirModeSet)
                  000014fc    00000022                   : pwm.obj (.text:PWMGenConfigure)
                  0000151e    00000002     --HOLE-- [fill = 0]
                  00001520    00000020                   : uart.obj (.text:UARTDisable)
                  00001540    0000001e                   : pwm.obj (.text:PWMPulseWidthSet)
                  0000155e    00000018                   : gpio.obj (.text:GPIOPinTypeGPIOOutput)
                  00001576    00000002     --HOLE-- [fill = 0]
                  00001578    00000018     rtsv7M4_T_le_v4SPD16_eabi.lib : args_main.obj (.text)
                  00001590    00000014     driverlib.lib : sysctl.obj (.text:SysCtlPWMClockSet)
                  000015a4    00000014                   : uart.obj (.text:UARTEnable)
                  000015b8    00000014     rtsv7M4_T_le_v4SPD16_eabi.lib : _lock.obj (.text)
                  000015cc    00000012     driverlib.lib : gpio.obj (.text:GPIOPinTypePWM)
                  000015de    00000012                   : gpio.obj (.text:GPIOPinTypeQEI)
                  000015f0    00000012                   : gpio.obj (.text:GPIOPinTypeUART)
                  00001602    00000012                   : pwm.obj (.text:PWMOutputState)
                  00001614    00000012                   : timer.obj (.text:TimerLoadSet)
                  00001626    00000010                   : pwm.obj (.text:PWMGenPeriodSet)
                  00001636    00000010                   : qei.obj (.text:QEIVelocityConfigure)
                  00001646    0000000e                   : qei.obj (.text:QEIConfigure)
                  00001654    0000000e                   : qei.obj (.text:QEIDirectionGet)
                  00001662    0000000e                   : timer.obj (.text:TimerEnable)
                  00001670    0000000e     rtsv7M4_T_le_v4SPD16_eabi.lib : copy_decompress_none.obj (.text:decompress:none)
                  0000167e    0000000c     driverlib.lib : pwm.obj (.text:PWMGenEnable)
                  0000168a    0000000c     tm4c123gh6pm_startup_ccs.obj (.text)
                  00001696    0000000a     driverlib.lib : qei.obj (.text:QEIEnable)
                  000016a0    0000000a                   : qei.obj (.text:QEIVelocityEnable)
                  000016aa    0000000a                   : uart.obj (.text:UARTCharPut)
                  000016b4    00000008                   : qei.obj (.text:QEIIntEnable)
                  000016bc    00000008                   : timer.obj (.text:TimerIntEnable)
                  000016c4    00000008                   : uart.obj (.text:UARTIntEnable)
                  000016cc    00000006                   : gpio.obj (.text:GPIOPinWrite)
                  000016d2    00000006                   : sysctl.obj (.text:SysCtlDelay)
                  000016d8    00000006     rtsv7M4_T_le_v4SPD16_eabi.lib : copy_decompress_rle.obj (.text:decompress:rle24)
                  000016de    00000004     driverlib.lib : qei.obj (.text:QEIIntClear)
                  000016e2    00000004                   : qei.obj (.text:QEIVelocityGet)
                  000016e6    00000004                   : timer.obj (.text:TimerIntClear)
                  000016ea    00000004     rtsv7M4_T_le_v4SPD16_eabi.lib : pre_init.obj (.text)

.const     0    000016f0    0000016c     
                  000016f0    00000090     driverlib.lib : gpio.obj (.const:g_pui32GPIOBaseAddrs)
                  00001780    00000070                   : interrupt.obj (.const)
                  000017f0    0000006c                   : sysctl.obj (.const:g_pui32Xtals)

.cinit     0    00001860    00000044     
                  00001860    0000001b     (.cinit..data.load) [load image, compression = rle]
                  0000187b    00000005     --HOLE-- [fill = 0]
                  00001880    00000009     (.cinit..bss.load) [load image, compression = rle]
                  00001889    00000003     --HOLE-- [fill = 0]
                  0000188c    00000008     (__TI_handler_table)
                  00001894    00000010     (__TI_cinit_table)

.init_array 
*          0    00000000    00000000     UNINITIALIZED

.stack     0    20000000    00000200     UNINITIALIZED
                  20000000    00000200     --HOLE--

.bss       0    20000200    00000050     UNINITIALIZED
                  20000200    00000028     (.common:movingArray)
                  20000228    00000008     (.common:Kd)
                  20000230    00000008     (.common:Ki)
                  20000238    00000008     (.common:Kp)
                  20000240    00000008     (.common:errorIntegral)
                  20000248    00000008     (.common:prevError)

.data      0    20000250    0000002c     UNINITIALIZED
                  20000250    0000000c     rtsv7M4_T_le_v4SPD16_eabi.lib : exit.obj (.data:$O1$$)
                  2000025c    0000000c     main.obj (.data)
                  20000268    00000008     rtsv7M4_T_le_v4SPD16_eabi.lib : _lock.obj (.data:$O1$$)
                  20000270    00000008     movingArray.obj (.data)
                  20000278    00000004     rtsv7M4_T_le_v4SPD16_eabi.lib : stkdepth_vars.obj (.data)

MODULE SUMMARY

       Module                         code   ro data   rw data
       ------                         ----   -------   -------
    .\
       tm4c123gh6pm_startup_ccs.obj   12     620       0      
       main.obj                       236    0         12     
    +--+------------------------------+------+---------+---------+
       Total:                         248    620       12     
                                                              
    .\userLib\
       common.obj                     1080   0         0      
       init.obj                       592    0         0      
       pidController.obj              240    0         40     
       movingArray.obj                192    0         48     
    +--+------------------------------+------+---------+---------+
       Total:                         2104   0         88     
                                                              
    C:/ti/TivaWare_C_Series-2.1.2.111/driverlib/ccs/Debug/driverlib.lib
       sysctl.obj                     594    108       0      
       gpio.obj                       504    144       0      
       interrupt.obj                  104    112       0      
       timer.obj                      140    0         0      
       uart.obj                       140    0         0      
       pwm.obj                        110    0         0      
       qei.obj                        80     0         0      
    +--+------------------------------+------+---------+---------+
       Total:                         1672   364       0      
                                                              
    C:\ti\ccsv6\tools\compiler\ti-cgt-arm_15.12.1.LTS\lib\rtsv7M4_T_le_v4SPD16_eabi.lib
       fd_mul_t2.obj                  252    0         0      
       memcpy_t2.obj                  156    0         0      
       memset_t2.obj                  122    0         0      
       autoinit.obj                   112    0         0      
       copy_decompress_rle.obj        112    0         0      
       fd_tos_t2.obj                  110    0         0      
       exit.obj                       84     0         12     
       boot.obj                       84     0         0      
       cpy_tbl.obj                    76     0         0      
       i_tofd_t2.obj                  46     0         0      
       _lock.obj                      20     0         8      
       args_main.obj                  24     0         0      
       copy_decompress_none.obj       14     0         0      
       pre_init.obj                   4      0         0      
       stkdepth_vars.obj              0      0         4      
       mpu_init.obj                   2      0         0      
       startup.obj                    2      0         0      
    +--+------------------------------+------+---------+---------+
       Total:                         1220   0         24     
                                                              
       Stack:                         0      0         512    
       Linker Generated:              0      60        0      
    +--+------------------------------+------+---------+---------+
       Grand Total:                   5244   1044      636    


LINKER GENERATED COPY TABLES

__TI_cinit_table @ 00001894 records: 2, size/record: 8, table size: 16
	.data: load addr=00001860, load size=0000001b bytes, run addr=20000250, run size=0000002c bytes, compression=rle
	.bss: load addr=00001880, load size=00000009 bytes, run addr=20000200, run size=00000050 bytes, compression=rle


LINKER GENERATED HANDLER TABLE

__TI_handler_table @ 0000188c records: 2, size/record: 4, table size: 8
	index: 0, handler: __TI_decompress_rle24
	index: 1, handler: __TI_decompress_none


GLOBAL SYMBOLS: SORTED ALPHABETICALLY BY Name 

address   name                           
-------   ----                           
00001341  C$$EXIT                        
000014d3  GPIODirModeSet                 
000008f5  GPIOPadConfigSet               
000013e1  GPIOPinConfigure               
0000155f  GPIOPinTypeGPIOOutput          
000015cd  GPIOPinTypePWM                 
000015df  GPIOPinTypeQEI                 
000015f1  GPIOPinTypeUART                
000016cd  GPIOPinWrite                   
0000052d  GraphPlot0                     
000005ed  GraphPlot1                     
00001225  IntEnable                      
20000228  Kd                             
20000230  Ki                             
20000238  Kp                             
00000d71  PID                            
000014fd  PWMGenConfigure                
0000167f  PWMGenEnable                   
00001627  PWMGenPeriodSet                
00001603  PWMOutputState                 
00001541  PWMPulseWidthSet               
00001647  QEIConfigure                   
00001655  QEIDirectionGet                
00001697  QEIEnable                      
000016df  QEIIntClear                    
000016b5  QEIIntEnable                   
00000e59  QEIIntHandler                  
00001637  QEIVelocityConfigure           
000016a1  QEIVelocityEnable              
000016e3  QEIVelocityGet                 
0000168b  ResetISR                       
UNDEFED   SHT$$INIT_ARRAY$$Base          
UNDEFED   SHT$$INIT_ARRAY$$Limit         
00000a29  SysCtlClockGet                 
00000c35  SysCtlClockSet                 
000016d3  SysCtlDelay                    
00001591  SysCtlPWMClockSet              
00001471  SysCtlPeripheralEnable         
00000e4b  Timer0IntHandler               
0000128d  TimerConfigure                 
00001663  TimerEnable                    
000016e7  TimerIntClear                  
000016bd  TimerIntEnable                 
00001615  TimerLoadSet                   
000016ab  UARTCharPut                    
00001429  UARTConfigSetExpClk            
00001521  UARTDisable                    
000015a5  UARTEnable                     
000016c5  UARTIntEnable                  
00000e57  UARTIntHandler                 
00000487  UART_OutDec                    
000003bd  UART_OutUDec                   
00000315  UART_TransmitString            
20000200  __STACK_END                    
00000200  __STACK_SIZE                   
20000200  __STACK_TOP                    
00001894  __TI_CINIT_Base                
000018a4  __TI_CINIT_Limit               
0000188c  __TI_Handler_Table_Base        
00001894  __TI_Handler_Table_Limit       
000010dd  __TI_auto_init                 
20000250  __TI_cleanup_ptr               
00001671  __TI_decompress_none           
000016d9  __TI_decompress_rle24          
20000254  __TI_dtors_ptr                 
20000258  __TI_enable_exit_profile_output
ffffffff  __TI_pprof_out_hndl            
ffffffff  __TI_prof_data_size            
ffffffff  __TI_prof_data_start           
00000000  __TI_static_base__             
0000114d  __aeabi_d2f                    
00000b39  __aeabi_dmul                   
000014a5  __aeabi_i2d                    
00001061  __aeabi_memclr                 
00001061  __aeabi_memclr4                
00001061  __aeabi_memclr8                
00000fc5  __aeabi_memcpy                 
00000fc5  __aeabi_memcpy4                
00000fc5  __aeabi_memcpy8                
00001063  __aeabi_memset                 
00001063  __aeabi_memset4                
00001063  __aeabi_memset8                
ffffffff  __binit__                      
ffffffff  __c_args__                     
00000a27  __mpu_init                     
20000000  __stack                        
00001579  _args_main                     
000012ed  _c_int00                       
20000268  _lock                          
000015c7  _nop                           
000015bf  _register_lock                 
000015b9  _register_unlock               
000010db  _system_post_cinit             
000016eb  _system_pre_init               
2000026c  _unlock                        
00001345  abort                          
000002fd  absolute                       
ffffffff  binit                          
000002c1  calculateRPM                   
00001395  copy_in                        
20000260  currentRPM                     
2000025c  desiredRPM                     
20000240  errorIntegral                  
0000134d  exit                           
00000000  g_pfnVectors                   
20000274  index                          
00000d29  initPIDController              
00000e19  main                           
20000278  main_func_sp                   
00000fc5  memcpy                         
00001069  memset                         
000006a5  motorDirInit                   
20000200  movingArray                    
00000f05  movingArrayOut                 
20000264  out                            
20000248  prevError                      
000007a9  pwmInit                        
000007fd  qeiInit                        
0000026d  setPWM                         
20000270  sum                            
000006b7  timerInit                      
000006f3  uart0Init                      
0000072d  uart1Init                      
00000765  uart5Init                      


GLOBAL SYMBOLS: SORTED BY Symbol Address 

address   name                           
-------   ----                           
00000000  __TI_static_base__             
00000000  g_pfnVectors                   
00000200  __STACK_SIZE                   
0000026d  setPWM                         
000002c1  calculateRPM                   
000002fd  absolute                       
00000315  UART_TransmitString            
000003bd  UART_OutUDec                   
00000487  UART_OutDec                    
0000052d  GraphPlot0                     
000005ed  GraphPlot1                     
000006a5  motorDirInit                   
000006b7  timerInit                      
000006f3  uart0Init                      
0000072d  uart1Init                      
00000765  uart5Init                      
000007a9  pwmInit                        
000007fd  qeiInit                        
000008f5  GPIOPadConfigSet               
00000a27  __mpu_init                     
00000a29  SysCtlClockGet                 
00000b39  __aeabi_dmul                   
00000c35  SysCtlClockSet                 
00000d29  initPIDController              
00000d71  PID                            
00000e19  main                           
00000e4b  Timer0IntHandler               
00000e57  UARTIntHandler                 
00000e59  QEIIntHandler                  
00000f05  movingArrayOut                 
00000fc5  __aeabi_memcpy                 
00000fc5  __aeabi_memcpy4                
00000fc5  __aeabi_memcpy8                
00000fc5  memcpy                         
00001061  __aeabi_memclr                 
00001061  __aeabi_memclr4                
00001061  __aeabi_memclr8                
00001063  __aeabi_memset                 
00001063  __aeabi_memset4                
00001063  __aeabi_memset8                
00001069  memset                         
000010db  _system_post_cinit             
000010dd  __TI_auto_init                 
0000114d  __aeabi_d2f                    
00001225  IntEnable                      
0000128d  TimerConfigure                 
000012ed  _c_int00                       
00001341  C$$EXIT                        
00001345  abort                          
0000134d  exit                           
00001395  copy_in                        
000013e1  GPIOPinConfigure               
00001429  UARTConfigSetExpClk            
00001471  SysCtlPeripheralEnable         
000014a5  __aeabi_i2d                    
000014d3  GPIODirModeSet                 
000014fd  PWMGenConfigure                
00001521  UARTDisable                    
00001541  PWMPulseWidthSet               
0000155f  GPIOPinTypeGPIOOutput          
00001579  _args_main                     
00001591  SysCtlPWMClockSet              
000015a5  UARTEnable                     
000015b9  _register_unlock               
000015bf  _register_lock                 
000015c7  _nop                           
000015cd  GPIOPinTypePWM                 
000015df  GPIOPinTypeQEI                 
000015f1  GPIOPinTypeUART                
00001603  PWMOutputState                 
00001615  TimerLoadSet                   
00001627  PWMGenPeriodSet                
00001637  QEIVelocityConfigure           
00001647  QEIConfigure                   
00001655  QEIDirectionGet                
00001663  TimerEnable                    
00001671  __TI_decompress_none           
0000167f  PWMGenEnable                   
0000168b  ResetISR                       
00001697  QEIEnable                      
000016a1  QEIVelocityEnable              
000016ab  UARTCharPut                    
000016b5  QEIIntEnable                   
000016bd  TimerIntEnable                 
000016c5  UARTIntEnable                  
000016cd  GPIOPinWrite                   
000016d3  SysCtlDelay                    
000016d9  __TI_decompress_rle24          
000016df  QEIIntClear                    
000016e3  QEIVelocityGet                 
000016e7  TimerIntClear                  
000016eb  _system_pre_init               
0000188c  __TI_Handler_Table_Base        
00001894  __TI_CINIT_Base                
00001894  __TI_Handler_Table_Limit       
000018a4  __TI_CINIT_Limit               
20000000  __stack                        
20000200  __STACK_END                    
20000200  __STACK_TOP                    
20000200  movingArray                    
20000228  Kd                             
20000230  Ki                             
20000238  Kp                             
20000240  errorIntegral                  
20000248  prevError                      
20000250  __TI_cleanup_ptr               
20000254  __TI_dtors_ptr                 
20000258  __TI_enable_exit_profile_output
2000025c  desiredRPM                     
20000260  currentRPM                     
20000264  out                            
20000268  _lock                          
2000026c  _unlock                        
20000270  sum                            
20000274  index                          
20000278  main_func_sp                   
ffffffff  __TI_pprof_out_hndl            
ffffffff  __TI_prof_data_size            
ffffffff  __TI_prof_data_start           
ffffffff  __binit__                      
ffffffff  __c_args__                     
ffffffff  binit                          
UNDEFED   SHT$$INIT_ARRAY$$Base          
UNDEFED   SHT$$INIT_ARRAY$$Limit         

[124 symbols]
